Archive member included to satisfy reference by file (symbol)

.\CortexM3\ARM_GCC_541\Debug\Design01.a(CyLib.o)
                              .\CortexM3\ARM_GCC_541\Debug\Cm3Start.o (CyHalt)
.\CortexM3\ARM_GCC_541\Debug\Design01.a(cyPm.o)
                              .\CortexM3\ARM_GCC_541\Debug\Design01.a(CyLib.o) (CyPmReadStatus)
.\CortexM3\ARM_GCC_541\Debug\Design01.a(LCD.o)
                              .\CortexM3\ARM_GCC_541\Debug\main.o (LCD_PrintString)
.\CortexM3\ARM_GCC_541\Debug\Design01.a(LED.o)
                              .\CortexM3\ARM_GCC_541\Debug\main.o (LED_Write)
.\CortexM3\ARM_GCC_541\Debug\Design01.a(timer_clock.o)
                              .\CortexM3\ARM_GCC_541\Debug\main.o (timer_clock_Start)
.\CortexM3\ARM_GCC_541\Debug\Design01.a(Reset_PWM.o)
                              .\CortexM3\ARM_GCC_541\Debug\main.o (Reset_PWM_Write)
.\CortexM3\ARM_GCC_541\Debug\Design01.a(isr_Aumentar.o)
                              .\CortexM3\ARM_GCC_541\Debug\main.o (isr_Aumentar_StartEx)
.\CortexM3\ARM_GCC_541\Debug\Design01.a(isr_Disminuir.o)
                              .\CortexM3\ARM_GCC_541\Debug\main.o (isr_Disminuir_StartEx)
.\CortexM3\ARM_GCC_541\Debug\Design01.a(PWM_Motor.o)
                              .\CortexM3\ARM_GCC_541\Debug\main.o (PWM_Motor_WriteCompare)
.\CortexM3\ARM_GCC_541\Debug\Design01.a(QuadDec.o)
                              .\CortexM3\ARM_GCC_541\Debug\main.o (QuadDec_GetCounter)
.\CortexM3\ARM_GCC_541\Debug\Design01.a(QuadDec_Cnt16.o)
                              .\CortexM3\ARM_GCC_541\Debug\Design01.a(QuadDec.o) (QuadDec_Cnt16_Stop)
.\CortexM3\ARM_GCC_541\Debug\Design01.a(isr_Ts.o)
                              .\CortexM3\ARM_GCC_541\Debug\main.o (isr_Ts_StartEx)
.\CortexM3\ARM_GCC_541\Debug\Design01.a(Timer.o)
                              .\CortexM3\ARM_GCC_541\Debug\main.o (Timer_Start)
.\CortexM3\ARM_GCC_541\Debug\Design01.a(CyBootAsmGnu.o)
                              .\CortexM3\ARM_GCC_541\Debug\cyfitter_cfg.o (CyDelayCycles)
.\CortexM3\ARM_GCC_541\Debug\Design01.a(CyFlash.o)
                              .\CortexM3\ARM_GCC_541\Debug\Design01.a(cyPm.o) (CyFlash_SetWaitCycles)
.\CortexM3\ARM_GCC_541\Debug\Design01.a(CySpc.o)
                              .\CortexM3\ARM_GCC_541\Debug\Design01.a(CyFlash.o) (CySpcStart)
c:/program files (x86)/cypress/psoc creator/4.2/psoc creator/import/gnu/arm/5.4.1/bin/../lib/gcc/arm-none-eabi/5.4.1/../../../../arm-none-eabi/lib/armv7-m\libg_nano.a(lib_a-errno.o)
                              .\CortexM3\ARM_GCC_541\Debug\Cm3Start.o (__errno)
c:/program files (x86)/cypress/psoc creator/4.2/psoc creator/import/gnu/arm/5.4.1/bin/../lib/gcc/arm-none-eabi/5.4.1/../../../../arm-none-eabi/lib/armv7-m\libg_nano.a(lib_a-exit.o)
                              c:/program files (x86)/cypress/psoc creator/4.2/psoc creator/import/gnu/arm/5.4.1/bin/../lib/gcc/arm-none-eabi/5.4.1/../../../../arm-none-eabi/lib/armv7-m/crt0.o (exit)
c:/program files (x86)/cypress/psoc creator/4.2/psoc creator/import/gnu/arm/5.4.1/bin/../lib/gcc/arm-none-eabi/5.4.1/../../../../arm-none-eabi/lib/armv7-m\libg_nano.a(lib_a-impure.o)
                              c:/program files (x86)/cypress/psoc creator/4.2/psoc creator/import/gnu/arm/5.4.1/bin/../lib/gcc/arm-none-eabi/5.4.1/../../../../arm-none-eabi/lib/armv7-m\libg_nano.a(lib_a-exit.o) (_global_impure_ptr)
c:/program files (x86)/cypress/psoc creator/4.2/psoc creator/import/gnu/arm/5.4.1/bin/../lib/gcc/arm-none-eabi/5.4.1/../../../../arm-none-eabi/lib/armv7-m\libg_nano.a(lib_a-init.o)
                              c:/program files (x86)/cypress/psoc creator/4.2/psoc creator/import/gnu/arm/5.4.1/bin/../lib/gcc/arm-none-eabi/5.4.1/../../../../arm-none-eabi/lib/armv7-m/crt0.o (__libc_init_array)
c:/program files (x86)/cypress/psoc creator/4.2/psoc creator/import/gnu/arm/5.4.1/bin/../lib/gcc/arm-none-eabi/5.4.1/../../../../arm-none-eabi/lib/armv7-m\libg_nano.a(lib_a-memcpy-stub.o)
                              .\CortexM3\ARM_GCC_541\Debug\cyfitter_cfg.o (memcpy)
c:/program files (x86)/cypress/psoc creator/4.2/psoc creator/import/gnu/arm/5.4.1/bin/../lib/gcc/arm-none-eabi/5.4.1/../../../../arm-none-eabi/lib/armv7-m\libg_nano.a(lib_a-memset.o)
                              c:/program files (x86)/cypress/psoc creator/4.2/psoc creator/import/gnu/arm/5.4.1/bin/../lib/gcc/arm-none-eabi/5.4.1/../../../../arm-none-eabi/lib/armv7-m/crt0.o (memset)

Allocating common symbols
Common symbol       size              file

dieTemperature      0x2               .\CortexM3\ARM_GCC_541\Debug\Design01.a(CyFlash.o)

Discarded input sections

 .text          0x00000000        0x0 c:/program files (x86)/cypress/psoc creator/4.2/psoc creator/import/gnu/arm/5.4.1/bin/../lib/gcc/arm-none-eabi/5.4.1/armv7-m/crti.o
 .data          0x00000000        0x0 c:/program files (x86)/cypress/psoc creator/4.2/psoc creator/import/gnu/arm/5.4.1/bin/../lib/gcc/arm-none-eabi/5.4.1/armv7-m/crti.o
 .bss           0x00000000        0x0 c:/program files (x86)/cypress/psoc creator/4.2/psoc creator/import/gnu/arm/5.4.1/bin/../lib/gcc/arm-none-eabi/5.4.1/armv7-m/crti.o
 .data          0x00000000        0x4 c:/program files (x86)/cypress/psoc creator/4.2/psoc creator/import/gnu/arm/5.4.1/bin/../lib/gcc/arm-none-eabi/5.4.1/armv7-m/crtbegin.o
 .text          0x00000000       0x74 c:/program files (x86)/cypress/psoc creator/4.2/psoc creator/import/gnu/arm/5.4.1/bin/../lib/gcc/arm-none-eabi/5.4.1/../../../../arm-none-eabi/lib/armv7-m/crt0.o
 .data          0x00000000        0x0 c:/program files (x86)/cypress/psoc creator/4.2/psoc creator/import/gnu/arm/5.4.1/bin/../lib/gcc/arm-none-eabi/5.4.1/../../../../arm-none-eabi/lib/armv7-m/crt0.o
 .bss           0x00000000        0x0 c:/program files (x86)/cypress/psoc creator/4.2/psoc creator/import/gnu/arm/5.4.1/bin/../lib/gcc/arm-none-eabi/5.4.1/../../../../arm-none-eabi/lib/armv7-m/crt0.o
 .ARM.extab     0x00000000        0x0 c:/program files (x86)/cypress/psoc creator/4.2/psoc creator/import/gnu/arm/5.4.1/bin/../lib/gcc/arm-none-eabi/5.4.1/../../../../arm-none-eabi/lib/armv7-m/crt0.o
 .ARM.exidx     0x00000000        0x8 c:/program files (x86)/cypress/psoc creator/4.2/psoc creator/import/gnu/arm/5.4.1/bin/../lib/gcc/arm-none-eabi/5.4.1/../../../../arm-none-eabi/lib/armv7-m/crt0.o
 .text          0x00000000        0x0 .\CortexM3\ARM_GCC_541\Debug\main.o
 .text          0x00000000        0x0 .\CortexM3\ARM_GCC_541\Debug\cyfitter_cfg.o
 .data          0x00000000        0x0 .\CortexM3\ARM_GCC_541\Debug\cyfitter_cfg.o
 .bss           0x00000000        0x0 .\CortexM3\ARM_GCC_541\Debug\cyfitter_cfg.o
 .text.SetAnalogRoutingPumps
                0x00000000       0x10 .\CortexM3\ARM_GCC_541\Debug\cyfitter_cfg.o
 .text          0x00000000        0x0 .\CortexM3\ARM_GCC_541\Debug\cymetadata.o
 .data          0x00000000        0x0 .\CortexM3\ARM_GCC_541\Debug\cymetadata.o
 .bss           0x00000000        0x0 .\CortexM3\ARM_GCC_541\Debug\cymetadata.o
 .text          0x00000000        0x0 .\CortexM3\ARM_GCC_541\Debug\Cm3Start.o
 .data          0x00000000        0x4 .\CortexM3\ARM_GCC_541\Debug\Cm3Start.o
 .bss           0x00000000        0x0 .\CortexM3\ARM_GCC_541\Debug\Cm3Start.o
 .text._exit    0x00000000        0xc .\CortexM3\ARM_GCC_541\Debug\Cm3Start.o
 .text._sbrk    0x00000000       0x30 .\CortexM3\ARM_GCC_541\Debug\Cm3Start.o
 .text          0x00000000        0x0 .\CortexM3\ARM_GCC_541\Debug\Design01.a(CyLib.o)
 .bss           0x00000000       0x1c .\CortexM3\ARM_GCC_541\Debug\Design01.a(CyLib.o)
 .text.CyUSB_PowerOnCheck
                0x00000000       0x48 .\CortexM3\ARM_GCC_541\Debug\Design01.a(CyLib.o)
 .text.CyBusClk_Internal_SetDivider
                0x00000000       0x48 .\CortexM3\ARM_GCC_541\Debug\Design01.a(CyLib.o)
 .text.CyPLL_OUT_Stop
                0x00000000       0x10 .\CortexM3\ARM_GCC_541\Debug\Design01.a(CyLib.o)
 .text.CyIMO_Stop
                0x00000000       0x1c .\CortexM3\ARM_GCC_541\Debug\Design01.a(CyLib.o)
 .text.CyIMO_EnableDoubler
                0x00000000       0x10 .\CortexM3\ARM_GCC_541\Debug\Design01.a(CyLib.o)
 .text.CyIMO_DisableDoubler
                0x00000000       0x10 .\CortexM3\ARM_GCC_541\Debug\Design01.a(CyLib.o)
 .text.CyMasterClk_SetSource
                0x00000000       0x18 .\CortexM3\ARM_GCC_541\Debug\Design01.a(CyLib.o)
 .text.CyMasterClk_SetDivider
                0x00000000        0xc .\CortexM3\ARM_GCC_541\Debug\Design01.a(CyLib.o)
 .text.CyBusClk_SetDivider
                0x00000000       0x70 .\CortexM3\ARM_GCC_541\Debug\Design01.a(CyLib.o)
 .text.CyUsbClk_SetSource
                0x00000000       0x18 .\CortexM3\ARM_GCC_541\Debug\Design01.a(CyLib.o)
 .text.CyILO_Start1K
                0x00000000       0x10 .\CortexM3\ARM_GCC_541\Debug\Design01.a(CyLib.o)
 .text.CyILO_Stop1K
                0x00000000       0x10 .\CortexM3\ARM_GCC_541\Debug\Design01.a(CyLib.o)
 .text.CyILO_Start100K
                0x00000000       0x10 .\CortexM3\ARM_GCC_541\Debug\Design01.a(CyLib.o)
 .text.CyILO_Stop100K
                0x00000000       0x10 .\CortexM3\ARM_GCC_541\Debug\Design01.a(CyLib.o)
 .text.CyPLL_OUT_Start
                0x00000000       0x78 .\CortexM3\ARM_GCC_541\Debug\Design01.a(CyLib.o)
 .text.CyIMO_Start
                0x00000000       0x60 .\CortexM3\ARM_GCC_541\Debug\Design01.a(CyLib.o)
 .text.CyILO_Enable33K
                0x00000000       0x10 .\CortexM3\ARM_GCC_541\Debug\Design01.a(CyLib.o)
 .text.CyILO_Disable33K
                0x00000000       0x10 .\CortexM3\ARM_GCC_541\Debug\Design01.a(CyLib.o)
 .text.CyILO_SetSource
                0x00000000       0x18 .\CortexM3\ARM_GCC_541\Debug\Design01.a(CyLib.o)
 .text.CyILO_SetPowerMode
                0x00000000       0x24 .\CortexM3\ARM_GCC_541\Debug\Design01.a(CyLib.o)
 .text.CyXTAL_32KHZ_Stop
                0x00000000       0x30 .\CortexM3\ARM_GCC_541\Debug\Design01.a(CyLib.o)
 .text.CyXTAL_32KHZ_ReadStatus
                0x00000000       0x10 .\CortexM3\ARM_GCC_541\Debug\Design01.a(CyLib.o)
 .text.CyXTAL_Start
                0x00000000       0xac .\CortexM3\ARM_GCC_541\Debug\Design01.a(CyLib.o)
 .text.CyXTAL_Stop
                0x00000000       0x10 .\CortexM3\ARM_GCC_541\Debug\Design01.a(CyLib.o)
 .text.CyXTAL_EnableErrStatus
                0x00000000       0x10 .\CortexM3\ARM_GCC_541\Debug\Design01.a(CyLib.o)
 .text.CyXTAL_DisableErrStatus
                0x00000000       0x10 .\CortexM3\ARM_GCC_541\Debug\Design01.a(CyLib.o)
 .text.CyXTAL_ReadStatus
                0x00000000       0x18 .\CortexM3\ARM_GCC_541\Debug\Design01.a(CyLib.o)
 .text.CyXTAL_EnableFaultRecovery
                0x00000000       0x10 .\CortexM3\ARM_GCC_541\Debug\Design01.a(CyLib.o)
 .text.CyXTAL_DisableFaultRecovery
                0x00000000       0x10 .\CortexM3\ARM_GCC_541\Debug\Design01.a(CyLib.o)
 .text.CyXTAL_SetStartup
                0x00000000       0x18 .\CortexM3\ARM_GCC_541\Debug\Design01.a(CyLib.o)
 .text.CyXTAL_SetFbVoltage
                0x00000000       0x18 .\CortexM3\ARM_GCC_541\Debug\Design01.a(CyLib.o)
 .text.CyXTAL_SetWdVoltage
                0x00000000       0x18 .\CortexM3\ARM_GCC_541\Debug\Design01.a(CyLib.o)
 .text.CyHalt   0x00000000        0x4 .\CortexM3\ARM_GCC_541\Debug\Design01.a(CyLib.o)
 .text.CyPLL_OUT_SetPQ
                0x00000000       0x60 .\CortexM3\ARM_GCC_541\Debug\Design01.a(CyLib.o)
 .text.CyPLL_OUT_SetSource
                0x00000000       0x34 .\CortexM3\ARM_GCC_541\Debug\Design01.a(CyLib.o)
 .text.CyIMO_SetTrimValue
                0x00000000       0xcc .\CortexM3\ARM_GCC_541\Debug\Design01.a(CyLib.o)
 .text.CyIMO_SetFreq
                0x00000000       0xf4 .\CortexM3\ARM_GCC_541\Debug\Design01.a(CyLib.o)
 .text.CyIMO_SetSource
                0x00000000       0x58 .\CortexM3\ARM_GCC_541\Debug\Design01.a(CyLib.o)
 .text.CySoftwareReset
                0x00000000       0x10 .\CortexM3\ARM_GCC_541\Debug\Design01.a(CyLib.o)
 .text.CyXTAL_32KHZ_SetPowerMode
                0x00000000       0x84 .\CortexM3\ARM_GCC_541\Debug\Design01.a(CyLib.o)
 .text.CyXTAL_32KHZ_Start
                0x00000000       0x74 .\CortexM3\ARM_GCC_541\Debug\Design01.a(CyLib.o)
 .text.CyDelayFreq
                0x00000000       0x4c .\CortexM3\ARM_GCC_541\Debug\Design01.a(CyLib.o)
 .text.CyWdtStart
                0x00000000       0x40 .\CortexM3\ARM_GCC_541\Debug\Design01.a(CyLib.o)
 .text.CyWdtClear
                0x00000000        0xc .\CortexM3\ARM_GCC_541\Debug\Design01.a(CyLib.o)
 .text.CyVdStickyStatus
                0x00000000       0x2c .\CortexM3\ARM_GCC_541\Debug\Design01.a(CyLib.o)
 .text.CyVdLvDigitEnable
                0x00000000       0x84 .\CortexM3\ARM_GCC_541\Debug\Design01.a(CyLib.o)
 .text.CyVdLvAnalogEnable
                0x00000000       0x80 .\CortexM3\ARM_GCC_541\Debug\Design01.a(CyLib.o)
 .text.CyVdLvDigitDisable
                0x00000000       0x30 .\CortexM3\ARM_GCC_541\Debug\Design01.a(CyLib.o)
 .text.CyVdLvAnalogDisable
                0x00000000       0x28 .\CortexM3\ARM_GCC_541\Debug\Design01.a(CyLib.o)
 .text.CyVdHvAnalogEnable
                0x00000000       0x54 .\CortexM3\ARM_GCC_541\Debug\Design01.a(CyLib.o)
 .text.CyVdHvAnalogDisable
                0x00000000       0x20 .\CortexM3\ARM_GCC_541\Debug\Design01.a(CyLib.o)
 .text.CyVdRealTimeStatus
                0x00000000       0x1c .\CortexM3\ARM_GCC_541\Debug\Design01.a(CyLib.o)
 .text.CyDisableInts
                0x00000000       0x1c .\CortexM3\ARM_GCC_541\Debug\Design01.a(CyLib.o)
 .text.CyEnableInts
                0x00000000       0x18 .\CortexM3\ARM_GCC_541\Debug\Design01.a(CyLib.o)
 .text.CyFlushCache
                0x00000000       0x44 .\CortexM3\ARM_GCC_541\Debug\Design01.a(CyLib.o)
 .text.CyIntSetSysVector
                0x00000000       0x28 .\CortexM3\ARM_GCC_541\Debug\Design01.a(CyLib.o)
 .text.CyIntGetSysVector
                0x00000000       0x20 .\CortexM3\ARM_GCC_541\Debug\Design01.a(CyLib.o)
 .text.CyIntSetVector
                0x00000000       0x28 .\CortexM3\ARM_GCC_541\Debug\Design01.a(CyLib.o)
 .text.CyIntGetVector
                0x00000000       0x24 .\CortexM3\ARM_GCC_541\Debug\Design01.a(CyLib.o)
 .text.CyIntSetPriority
                0x00000000       0x30 .\CortexM3\ARM_GCC_541\Debug\Design01.a(CyLib.o)
 .text.CyIntGetPriority
                0x00000000       0x20 .\CortexM3\ARM_GCC_541\Debug\Design01.a(CyLib.o)
 .text.CyIntGetState
                0x00000000       0x24 .\CortexM3\ARM_GCC_541\Debug\Design01.a(CyLib.o)
 .text.CySysTickStop
                0x00000000       0x10 .\CortexM3\ARM_GCC_541\Debug\Design01.a(CyLib.o)
 .text.CySysTickEnableInterrupt
                0x00000000       0x10 .\CortexM3\ARM_GCC_541\Debug\Design01.a(CyLib.o)
 .text.CySysTickEnable
                0x00000000       0x18 .\CortexM3\ARM_GCC_541\Debug\Design01.a(CyLib.o)
 .text.CySysTickDisableInterrupt
                0x00000000       0x10 .\CortexM3\ARM_GCC_541\Debug\Design01.a(CyLib.o)
 .text.CySysTickSetReload
                0x00000000       0x10 .\CortexM3\ARM_GCC_541\Debug\Design01.a(CyLib.o)
 .text.CySysTickGetReload
                0x00000000       0x10 .\CortexM3\ARM_GCC_541\Debug\Design01.a(CyLib.o)
 .text.CySysTickGetValue
                0x00000000       0x10 .\CortexM3\ARM_GCC_541\Debug\Design01.a(CyLib.o)
 .text.CySysTickSetClockSource
                0x00000000       0x20 .\CortexM3\ARM_GCC_541\Debug\Design01.a(CyLib.o)
 .text.CySysTickGetClockSource
                0x00000000       0x10 .\CortexM3\ARM_GCC_541\Debug\Design01.a(CyLib.o)
 .text.CySysTickGetCountFlag
                0x00000000       0x10 .\CortexM3\ARM_GCC_541\Debug\Design01.a(CyLib.o)
 .text.CySysTickServiceCallbacks
                0x00000000       0x28 .\CortexM3\ARM_GCC_541\Debug\Design01.a(CyLib.o)
 .text.CySysTickClear
                0x00000000        0xc .\CortexM3\ARM_GCC_541\Debug\Design01.a(CyLib.o)
 .text.CySysTickInit
                0x00000000       0x58 .\CortexM3\ARM_GCC_541\Debug\Design01.a(CyLib.o)
 .text.CySysTickStart
                0x00000000       0x1c .\CortexM3\ARM_GCC_541\Debug\Design01.a(CyLib.o)
 .text.CySysTickSetCallback
                0x00000000       0x10 .\CortexM3\ARM_GCC_541\Debug\Design01.a(CyLib.o)
 .text.CySysTickGetCallback
                0x00000000       0x10 .\CortexM3\ARM_GCC_541\Debug\Design01.a(CyLib.o)
 .text.CyGetUniqueId
                0x00000000       0x70 .\CortexM3\ARM_GCC_541\Debug\Design01.a(CyLib.o)
 .text          0x00000000        0x0 .\CortexM3\ARM_GCC_541\Debug\Design01.a(cyPm.o)
 .data          0x00000000        0x0 .\CortexM3\ARM_GCC_541\Debug\Design01.a(cyPm.o)
 .bss           0x00000000       0x43 .\CortexM3\ARM_GCC_541\Debug\Design01.a(cyPm.o)
 .text.CyPmHibSlpSaveSet
                0x00000000      0x1dc .\CortexM3\ARM_GCC_541\Debug\Design01.a(cyPm.o)
 .text.CyPmHibSlpRestore
                0x00000000       0xd8 .\CortexM3\ARM_GCC_541\Debug\Design01.a(cyPm.o)
 .text.CyPmHviLviSaveDisable
                0x00000000       0xa0 .\CortexM3\ARM_GCC_541\Debug\Design01.a(cyPm.o)
 .text.CyPmHibSaveSet
                0x00000000       0x98 .\CortexM3\ARM_GCC_541\Debug\Design01.a(cyPm.o)
 .text.CyPmHviLviRestore
                0x00000000       0x48 .\CortexM3\ARM_GCC_541\Debug\Design01.a(cyPm.o)
 .text.CyPmHibRestore
                0x00000000       0x60 .\CortexM3\ARM_GCC_541\Debug\Design01.a(cyPm.o)
 .text.CyPmSaveClocks
                0x00000000      0x218 .\CortexM3\ARM_GCC_541\Debug\Design01.a(cyPm.o)
 .text.CyPmRestoreClocks
                0x00000000      0x24c .\CortexM3\ARM_GCC_541\Debug\Design01.a(cyPm.o)
 .text.CyPmAltAct
                0x00000000       0x6c .\CortexM3\ARM_GCC_541\Debug\Design01.a(cyPm.o)
 .text.CyPmSleep
                0x00000000       0xf4 .\CortexM3\ARM_GCC_541\Debug\Design01.a(cyPm.o)
 .text.CyPmHibernateEx
                0x00000000       0xf4 .\CortexM3\ARM_GCC_541\Debug\Design01.a(cyPm.o)
 .text.CyPmHibernate
                0x00000000        0xc .\CortexM3\ARM_GCC_541\Debug\Design01.a(cyPm.o)
 .text.CyPmReadStatus
                0x00000000       0x30 .\CortexM3\ARM_GCC_541\Debug\Design01.a(cyPm.o)
 .text.CyPmCtwSetInterval
                0x00000000       0x5c .\CortexM3\ARM_GCC_541\Debug\Design01.a(cyPm.o)
 .text.CyPmOppsSet
                0x00000000       0x2c .\CortexM3\ARM_GCC_541\Debug\Design01.a(cyPm.o)
 .text.CyPmFtwSetInterval
                0x00000000       0x5c .\CortexM3\ARM_GCC_541\Debug\Design01.a(cyPm.o)
 .rodata        0x00000000        0xf .\CortexM3\ARM_GCC_541\Debug\Design01.a(cyPm.o)
 .text          0x00000000        0x0 .\CortexM3\ARM_GCC_541\Debug\Design01.a(LCD.o)
 .data          0x00000000        0x0 .\CortexM3\ARM_GCC_541\Debug\Design01.a(LCD.o)
 .text.LCD_PutChar
                0x00000000        0x8 .\CortexM3\ARM_GCC_541\Debug\Design01.a(LCD.o)
 .text.LCD_Stop
                0x00000000       0x14 .\CortexM3\ARM_GCC_541\Debug\Design01.a(LCD.o)
 .text.LCD_PrintInt8
                0x00000000       0x20 .\CortexM3\ARM_GCC_541\Debug\Design01.a(LCD.o)
 .text.LCD_PrintInt16
                0x00000000       0x14 .\CortexM3\ARM_GCC_541\Debug\Design01.a(LCD.o)
 .text.LCD_PrintInt32
                0x00000000       0x1c .\CortexM3\ARM_GCC_541\Debug\Design01.a(LCD.o)
 .rodata        0x00000000       0x10 .\CortexM3\ARM_GCC_541\Debug\Design01.a(LCD.o)
 .text          0x00000000        0x0 .\CortexM3\ARM_GCC_541\Debug\Design01.a(LED.o)
 .data          0x00000000        0x0 .\CortexM3\ARM_GCC_541\Debug\Design01.a(LED.o)
 .bss           0x00000000        0x0 .\CortexM3\ARM_GCC_541\Debug\Design01.a(LED.o)
 .text.LED_SetDriveMode
                0x00000000       0x18 .\CortexM3\ARM_GCC_541\Debug\Design01.a(LED.o)
 .text.LED_Read
                0x00000000       0x10 .\CortexM3\ARM_GCC_541\Debug\Design01.a(LED.o)
 .text.LED_ReadDataReg
                0x00000000       0x10 .\CortexM3\ARM_GCC_541\Debug\Design01.a(LED.o)
 .text          0x00000000        0x0 .\CortexM3\ARM_GCC_541\Debug\Design01.a(timer_clock.o)
 .data          0x00000000        0x0 .\CortexM3\ARM_GCC_541\Debug\Design01.a(timer_clock.o)
 .bss           0x00000000        0x0 .\CortexM3\ARM_GCC_541\Debug\Design01.a(timer_clock.o)
 .text.timer_clock_Stop
                0x00000000       0x1c .\CortexM3\ARM_GCC_541\Debug\Design01.a(timer_clock.o)
 .text.timer_clock_StopBlock
                0x00000000       0x6c .\CortexM3\ARM_GCC_541\Debug\Design01.a(timer_clock.o)
 .text.timer_clock_StandbyPower
                0x00000000       0x20 .\CortexM3\ARM_GCC_541\Debug\Design01.a(timer_clock.o)
 .text.timer_clock_GetDividerRegister
                0x00000000        0xc .\CortexM3\ARM_GCC_541\Debug\Design01.a(timer_clock.o)
 .text.timer_clock_SetModeRegister
                0x00000000       0x14 .\CortexM3\ARM_GCC_541\Debug\Design01.a(timer_clock.o)
 .text.timer_clock_ClearModeRegister
                0x00000000       0x18 .\CortexM3\ARM_GCC_541\Debug\Design01.a(timer_clock.o)
 .text.timer_clock_GetModeRegister
                0x00000000       0x10 .\CortexM3\ARM_GCC_541\Debug\Design01.a(timer_clock.o)
 .text.timer_clock_GetSourceRegister
                0x00000000       0x10 .\CortexM3\ARM_GCC_541\Debug\Design01.a(timer_clock.o)
 .text.timer_clock_SetDividerRegister
                0x00000000       0xd8 .\CortexM3\ARM_GCC_541\Debug\Design01.a(timer_clock.o)
 .text.timer_clock_SetSourceRegister
                0x00000000       0x5c .\CortexM3\ARM_GCC_541\Debug\Design01.a(timer_clock.o)
 .text          0x00000000        0x0 .\CortexM3\ARM_GCC_541\Debug\Design01.a(Reset_PWM.o)
 .data          0x00000000        0x0 .\CortexM3\ARM_GCC_541\Debug\Design01.a(Reset_PWM.o)
 .bss           0x00000000        0x0 .\CortexM3\ARM_GCC_541\Debug\Design01.a(Reset_PWM.o)
 .text.Reset_PWM_SetDriveMode
                0x00000000       0x18 .\CortexM3\ARM_GCC_541\Debug\Design01.a(Reset_PWM.o)
 .text.Reset_PWM_Read
                0x00000000        0xc .\CortexM3\ARM_GCC_541\Debug\Design01.a(Reset_PWM.o)
 .text.Reset_PWM_ReadDataReg
                0x00000000        0xc .\CortexM3\ARM_GCC_541\Debug\Design01.a(Reset_PWM.o)
 .text          0x00000000        0x0 .\CortexM3\ARM_GCC_541\Debug\Design01.a(isr_Aumentar.o)
 .data          0x00000000        0x0 .\CortexM3\ARM_GCC_541\Debug\Design01.a(isr_Aumentar.o)
 .bss           0x00000000        0x0 .\CortexM3\ARM_GCC_541\Debug\Design01.a(isr_Aumentar.o)
 .text.isr_Aumentar_Interrupt
                0x00000000        0x4 .\CortexM3\ARM_GCC_541\Debug\Design01.a(isr_Aumentar.o)
 .text.isr_Aumentar_GetVector
                0x00000000        0xc .\CortexM3\ARM_GCC_541\Debug\Design01.a(isr_Aumentar.o)
 .text.isr_Aumentar_GetPriority
                0x00000000        0xc .\CortexM3\ARM_GCC_541\Debug\Design01.a(isr_Aumentar.o)
 .text.isr_Aumentar_GetState
                0x00000000       0x10 .\CortexM3\ARM_GCC_541\Debug\Design01.a(isr_Aumentar.o)
 .text.isr_Aumentar_Start
                0x00000000       0x1c .\CortexM3\ARM_GCC_541\Debug\Design01.a(isr_Aumentar.o)
 .text.isr_Aumentar_Stop
                0x00000000       0x14 .\CortexM3\ARM_GCC_541\Debug\Design01.a(isr_Aumentar.o)
 .text.isr_Aumentar_SetPending
                0x00000000        0xc .\CortexM3\ARM_GCC_541\Debug\Design01.a(isr_Aumentar.o)
 .text.isr_Aumentar_ClearPending
                0x00000000        0xc .\CortexM3\ARM_GCC_541\Debug\Design01.a(isr_Aumentar.o)
 .text          0x00000000        0x0 .\CortexM3\ARM_GCC_541\Debug\Design01.a(isr_Disminuir.o)
 .data          0x00000000        0x0 .\CortexM3\ARM_GCC_541\Debug\Design01.a(isr_Disminuir.o)
 .bss           0x00000000        0x0 .\CortexM3\ARM_GCC_541\Debug\Design01.a(isr_Disminuir.o)
 .text.isr_Disminuir_Interrupt
                0x00000000        0x4 .\CortexM3\ARM_GCC_541\Debug\Design01.a(isr_Disminuir.o)
 .text.isr_Disminuir_GetVector
                0x00000000        0xc .\CortexM3\ARM_GCC_541\Debug\Design01.a(isr_Disminuir.o)
 .text.isr_Disminuir_GetPriority
                0x00000000        0xc .\CortexM3\ARM_GCC_541\Debug\Design01.a(isr_Disminuir.o)
 .text.isr_Disminuir_GetState
                0x00000000       0x18 .\CortexM3\ARM_GCC_541\Debug\Design01.a(isr_Disminuir.o)
 .text.isr_Disminuir_Start
                0x00000000       0x1c .\CortexM3\ARM_GCC_541\Debug\Design01.a(isr_Disminuir.o)
 .text.isr_Disminuir_Stop
                0x00000000       0x14 .\CortexM3\ARM_GCC_541\Debug\Design01.a(isr_Disminuir.o)
 .text.isr_Disminuir_SetPending
                0x00000000        0xc .\CortexM3\ARM_GCC_541\Debug\Design01.a(isr_Disminuir.o)
 .text.isr_Disminuir_ClearPending
                0x00000000        0xc .\CortexM3\ARM_GCC_541\Debug\Design01.a(isr_Disminuir.o)
 .text          0x00000000        0x0 .\CortexM3\ARM_GCC_541\Debug\Design01.a(PWM_Motor.o)
 .data          0x00000000        0x0 .\CortexM3\ARM_GCC_541\Debug\Design01.a(PWM_Motor.o)
 .text.PWM_Motor_Stop
                0x00000000       0x10 .\CortexM3\ARM_GCC_541\Debug\Design01.a(PWM_Motor.o)
 .text.PWM_Motor_ReadCounter
                0x00000000       0x14 .\CortexM3\ARM_GCC_541\Debug\Design01.a(PWM_Motor.o)
 .text.PWM_Motor_ReadControlRegister
                0x00000000        0xc .\CortexM3\ARM_GCC_541\Debug\Design01.a(PWM_Motor.o)
 .text.PWM_Motor_WriteControlRegister
                0x00000000        0xc .\CortexM3\ARM_GCC_541\Debug\Design01.a(PWM_Motor.o)
 .text.PWM_Motor_ReadCompare
                0x00000000        0xc .\CortexM3\ARM_GCC_541\Debug\Design01.a(PWM_Motor.o)
 .text.PWM_Motor_ReadPeriod
                0x00000000        0xc .\CortexM3\ARM_GCC_541\Debug\Design01.a(PWM_Motor.o)
 .text          0x00000000        0x0 .\CortexM3\ARM_GCC_541\Debug\Design01.a(QuadDec.o)
 .data          0x00000000        0x0 .\CortexM3\ARM_GCC_541\Debug\Design01.a(QuadDec.o)
 .text.QuadDec_Init
                0x00000000        0x4 .\CortexM3\ARM_GCC_541\Debug\Design01.a(QuadDec.o)
 .text.QuadDec_Stop
                0x00000000       0x20 .\CortexM3\ARM_GCC_541\Debug\Design01.a(QuadDec.o)
 .text.QuadDec_GetInterruptMask
                0x00000000       0x10 .\CortexM3\ARM_GCC_541\Debug\Design01.a(QuadDec.o)
 .text          0x00000000        0x0 .\CortexM3\ARM_GCC_541\Debug\Design01.a(QuadDec_Cnt16.o)
 .data          0x00000000        0x0 .\CortexM3\ARM_GCC_541\Debug\Design01.a(QuadDec_Cnt16.o)
 .text.QuadDec_Cnt16_Stop
                0x00000000       0x10 .\CortexM3\ARM_GCC_541\Debug\Design01.a(QuadDec_Cnt16.o)
 .text.QuadDec_Cnt16_ReadControlRegister
                0x00000000        0xc .\CortexM3\ARM_GCC_541\Debug\Design01.a(QuadDec_Cnt16.o)
 .text.QuadDec_Cnt16_WriteControlRegister
                0x00000000        0xc .\CortexM3\ARM_GCC_541\Debug\Design01.a(QuadDec_Cnt16.o)
 .text.QuadDec_Cnt16_ReadPeriod
                0x00000000        0xc .\CortexM3\ARM_GCC_541\Debug\Design01.a(QuadDec_Cnt16.o)
 .text.QuadDec_Cnt16_ReadCompare
                0x00000000        0xc .\CortexM3\ARM_GCC_541\Debug\Design01.a(QuadDec_Cnt16.o)
 .text          0x00000000        0x0 .\CortexM3\ARM_GCC_541\Debug\Design01.a(isr_Ts.o)
 .data          0x00000000        0x0 .\CortexM3\ARM_GCC_541\Debug\Design01.a(isr_Ts.o)
 .bss           0x00000000        0x0 .\CortexM3\ARM_GCC_541\Debug\Design01.a(isr_Ts.o)
 .text.isr_Ts_Interrupt
                0x00000000        0x4 .\CortexM3\ARM_GCC_541\Debug\Design01.a(isr_Ts.o)
 .text.isr_Ts_GetVector
                0x00000000       0x10 .\CortexM3\ARM_GCC_541\Debug\Design01.a(isr_Ts.o)
 .text.isr_Ts_GetPriority
                0x00000000        0xc .\CortexM3\ARM_GCC_541\Debug\Design01.a(isr_Ts.o)
 .text.isr_Ts_GetState
                0x00000000       0x18 .\CortexM3\ARM_GCC_541\Debug\Design01.a(isr_Ts.o)
 .text.isr_Ts_Start
                0x00000000       0x1c .\CortexM3\ARM_GCC_541\Debug\Design01.a(isr_Ts.o)
 .text.isr_Ts_Stop
                0x00000000       0x14 .\CortexM3\ARM_GCC_541\Debug\Design01.a(isr_Ts.o)
 .text.isr_Ts_SetPending
                0x00000000       0x10 .\CortexM3\ARM_GCC_541\Debug\Design01.a(isr_Ts.o)
 .text.isr_Ts_ClearPending
                0x00000000       0x10 .\CortexM3\ARM_GCC_541\Debug\Design01.a(isr_Ts.o)
 .text          0x00000000        0x0 .\CortexM3\ARM_GCC_541\Debug\Design01.a(Timer.o)
 .data          0x00000000        0x0 .\CortexM3\ARM_GCC_541\Debug\Design01.a(Timer.o)
 .text.Timer_Stop
                0x00000000       0x28 .\CortexM3\ARM_GCC_541\Debug\Design01.a(Timer.o)
 .text.Timer_SoftwareCapture
                0x00000000        0xc .\CortexM3\ARM_GCC_541\Debug\Design01.a(Timer.o)
 .text.Timer_ReadStatusRegister
                0x00000000        0xc .\CortexM3\ARM_GCC_541\Debug\Design01.a(Timer.o)
 .text.Timer_ReadControlRegister
                0x00000000        0xc .\CortexM3\ARM_GCC_541\Debug\Design01.a(Timer.o)
 .text.Timer_WriteControlRegister
                0x00000000        0xc .\CortexM3\ARM_GCC_541\Debug\Design01.a(Timer.o)
 .text.Timer_ReadPeriod
                0x00000000        0xc .\CortexM3\ARM_GCC_541\Debug\Design01.a(Timer.o)
 .text.Timer_ReadCapture
                0x00000000        0xc .\CortexM3\ARM_GCC_541\Debug\Design01.a(Timer.o)
 .text.Timer_ReadCounter
                0x00000000       0x14 .\CortexM3\ARM_GCC_541\Debug\Design01.a(Timer.o)
 .data          0x00000000        0x0 .\CortexM3\ARM_GCC_541\Debug\Design01.a(CyBootAsmGnu.o)
 .bss           0x00000000        0x0 .\CortexM3\ARM_GCC_541\Debug\Design01.a(CyBootAsmGnu.o)
 .text          0x00000000        0x0 .\CortexM3\ARM_GCC_541\Debug\Design01.a(CyFlash.o)
 .data          0x00000000        0x0 .\CortexM3\ARM_GCC_541\Debug\Design01.a(CyFlash.o)
 .bss           0x00000000        0x0 .\CortexM3\ARM_GCC_541\Debug\Design01.a(CyFlash.o)
 .text.CySetTempInt
                0x00000000       0x60 .\CortexM3\ARM_GCC_541\Debug\Design01.a(CyFlash.o)
 .text.CyFlash_Start
                0x00000000       0x54 .\CortexM3\ARM_GCC_541\Debug\Design01.a(CyFlash.o)
 .text.CyFlash_Stop
                0x00000000       0x24 .\CortexM3\ARM_GCC_541\Debug\Design01.a(CyFlash.o)
 .text.CyFlash_EraseRow
                0x00000000       0x78 .\CortexM3\ARM_GCC_541\Debug\Design01.a(CyFlash.o)
 .text.CyFlashGetSpcAlgorithm
                0x00000000       0x4c .\CortexM3\ARM_GCC_541\Debug\Design01.a(CyFlash.o)
 .text.CySetTemp
                0x00000000       0x14 .\CortexM3\ARM_GCC_541\Debug\Design01.a(CyFlash.o)
 .text.CySetFlashEEBuffer
                0x00000000       0x20 .\CortexM3\ARM_GCC_541\Debug\Design01.a(CyFlash.o)
 .text.CyWriteRowFull
                0x00000000       0xf8 .\CortexM3\ARM_GCC_541\Debug\Design01.a(CyFlash.o)
 .text.CyWriteRowData
                0x00000000       0x14 .\CortexM3\ARM_GCC_541\Debug\Design01.a(CyFlash.o)
 .text.CyFlash_SetWaitCycles
                0x00000000       0x7c .\CortexM3\ARM_GCC_541\Debug\Design01.a(CyFlash.o)
 .text.CyEEPROM_Start
                0x00000000       0x54 .\CortexM3\ARM_GCC_541\Debug\Design01.a(CyFlash.o)
 .text.CyEEPROM_Stop
                0x00000000       0x24 .\CortexM3\ARM_GCC_541\Debug\Design01.a(CyFlash.o)
 .text.CyEEPROM_ReadReserve
                0x00000000       0x1c .\CortexM3\ARM_GCC_541\Debug\Design01.a(CyFlash.o)
 .text.CyEEPROM_ReadRelease
                0x00000000       0x10 .\CortexM3\ARM_GCC_541\Debug\Design01.a(CyFlash.o)
 COMMON         0x00000000        0x2 .\CortexM3\ARM_GCC_541\Debug\Design01.a(CyFlash.o)
 .text          0x00000000        0x0 .\CortexM3\ARM_GCC_541\Debug\Design01.a(CySpc.o)
 .data          0x00000000        0x0 .\CortexM3\ARM_GCC_541\Debug\Design01.a(CySpc.o)
 .bss           0x00000000        0x8 .\CortexM3\ARM_GCC_541\Debug\Design01.a(CySpc.o)
 .text.CySpcStart
                0x00000000       0x24 .\CortexM3\ARM_GCC_541\Debug\Design01.a(CySpc.o)
 .text.CySpcStop
                0x00000000       0x24 .\CortexM3\ARM_GCC_541\Debug\Design01.a(CySpc.o)
 .text.CySpcReadData
                0x00000000       0x34 .\CortexM3\ARM_GCC_541\Debug\Design01.a(CySpc.o)
 .text.CySpcLoadMultiByte
                0x00000000       0x78 .\CortexM3\ARM_GCC_541\Debug\Design01.a(CySpc.o)
 .text.CySpcLoadRow
                0x00000000       0x50 .\CortexM3\ARM_GCC_541\Debug\Design01.a(CySpc.o)
 .text.CySpcLoadRowFull
                0x00000000       0x80 .\CortexM3\ARM_GCC_541\Debug\Design01.a(CySpc.o)
 .text.CySpcWriteRow
                0x00000000       0x4c .\CortexM3\ARM_GCC_541\Debug\Design01.a(CySpc.o)
 .text.CySpcEraseSector
                0x00000000       0x3c .\CortexM3\ARM_GCC_541\Debug\Design01.a(CySpc.o)
 .text.CySpcEraseRow
                0x00000000       0x4c .\CortexM3\ARM_GCC_541\Debug\Design01.a(CySpc.o)
 .text.CySpcGetTemp
                0x00000000       0x3c .\CortexM3\ARM_GCC_541\Debug\Design01.a(CySpc.o)
 .text.CySpcLock
                0x00000000       0x4c .\CortexM3\ARM_GCC_541\Debug\Design01.a(CySpc.o)
 .text.CySpcUnlock
                0x00000000       0x38 .\CortexM3\ARM_GCC_541\Debug\Design01.a(CySpc.o)
 .text.CySpcGetAlgorithm
                0x00000000       0x28 .\CortexM3\ARM_GCC_541\Debug\Design01.a(CySpc.o)
 .text          0x00000000        0x0 c:/program files (x86)/cypress/psoc creator/4.2/psoc creator/import/gnu/arm/5.4.1/bin/../lib/gcc/arm-none-eabi/5.4.1/../../../../arm-none-eabi/lib/armv7-m\libg_nano.a(lib_a-errno.o)
 .data          0x00000000        0x0 c:/program files (x86)/cypress/psoc creator/4.2/psoc creator/import/gnu/arm/5.4.1/bin/../lib/gcc/arm-none-eabi/5.4.1/../../../../arm-none-eabi/lib/armv7-m\libg_nano.a(lib_a-errno.o)
 .bss           0x00000000        0x0 c:/program files (x86)/cypress/psoc creator/4.2/psoc creator/import/gnu/arm/5.4.1/bin/../lib/gcc/arm-none-eabi/5.4.1/../../../../arm-none-eabi/lib/armv7-m\libg_nano.a(lib_a-errno.o)
 .text          0x00000000        0x0 c:/program files (x86)/cypress/psoc creator/4.2/psoc creator/import/gnu/arm/5.4.1/bin/../lib/gcc/arm-none-eabi/5.4.1/../../../../arm-none-eabi/lib/armv7-m\libg_nano.a(lib_a-exit.o)
 .data          0x00000000        0x0 c:/program files (x86)/cypress/psoc creator/4.2/psoc creator/import/gnu/arm/5.4.1/bin/../lib/gcc/arm-none-eabi/5.4.1/../../../../arm-none-eabi/lib/armv7-m\libg_nano.a(lib_a-exit.o)
 .bss           0x00000000        0x0 c:/program files (x86)/cypress/psoc creator/4.2/psoc creator/import/gnu/arm/5.4.1/bin/../lib/gcc/arm-none-eabi/5.4.1/../../../../arm-none-eabi/lib/armv7-m\libg_nano.a(lib_a-exit.o)
 .text.exit     0x00000000       0x28 c:/program files (x86)/cypress/psoc creator/4.2/psoc creator/import/gnu/arm/5.4.1/bin/../lib/gcc/arm-none-eabi/5.4.1/../../../../arm-none-eabi/lib/armv7-m\libg_nano.a(lib_a-exit.o)
 .text          0x00000000        0x0 c:/program files (x86)/cypress/psoc creator/4.2/psoc creator/import/gnu/arm/5.4.1/bin/../lib/gcc/arm-none-eabi/5.4.1/../../../../arm-none-eabi/lib/armv7-m\libg_nano.a(lib_a-impure.o)
 .data          0x00000000        0x0 c:/program files (x86)/cypress/psoc creator/4.2/psoc creator/import/gnu/arm/5.4.1/bin/../lib/gcc/arm-none-eabi/5.4.1/../../../../arm-none-eabi/lib/armv7-m\libg_nano.a(lib_a-impure.o)
 .bss           0x00000000        0x0 c:/program files (x86)/cypress/psoc creator/4.2/psoc creator/import/gnu/arm/5.4.1/bin/../lib/gcc/arm-none-eabi/5.4.1/../../../../arm-none-eabi/lib/armv7-m\libg_nano.a(lib_a-impure.o)
 .rodata._global_impure_ptr
                0x00000000        0x4 c:/program files (x86)/cypress/psoc creator/4.2/psoc creator/import/gnu/arm/5.4.1/bin/../lib/gcc/arm-none-eabi/5.4.1/../../../../arm-none-eabi/lib/armv7-m\libg_nano.a(lib_a-impure.o)
 .text          0x00000000        0x0 c:/program files (x86)/cypress/psoc creator/4.2/psoc creator/import/gnu/arm/5.4.1/bin/../lib/gcc/arm-none-eabi/5.4.1/../../../../arm-none-eabi/lib/armv7-m\libg_nano.a(lib_a-init.o)
 .data          0x00000000        0x0 c:/program files (x86)/cypress/psoc creator/4.2/psoc creator/import/gnu/arm/5.4.1/bin/../lib/gcc/arm-none-eabi/5.4.1/../../../../arm-none-eabi/lib/armv7-m\libg_nano.a(lib_a-init.o)
 .bss           0x00000000        0x0 c:/program files (x86)/cypress/psoc creator/4.2/psoc creator/import/gnu/arm/5.4.1/bin/../lib/gcc/arm-none-eabi/5.4.1/../../../../arm-none-eabi/lib/armv7-m\libg_nano.a(lib_a-init.o)
 .text          0x00000000        0x0 c:/program files (x86)/cypress/psoc creator/4.2/psoc creator/import/gnu/arm/5.4.1/bin/../lib/gcc/arm-none-eabi/5.4.1/../../../../arm-none-eabi/lib/armv7-m\libg_nano.a(lib_a-memcpy-stub.o)
 .data          0x00000000        0x0 c:/program files (x86)/cypress/psoc creator/4.2/psoc creator/import/gnu/arm/5.4.1/bin/../lib/gcc/arm-none-eabi/5.4.1/../../../../arm-none-eabi/lib/armv7-m\libg_nano.a(lib_a-memcpy-stub.o)
 .bss           0x00000000        0x0 c:/program files (x86)/cypress/psoc creator/4.2/psoc creator/import/gnu/arm/5.4.1/bin/../lib/gcc/arm-none-eabi/5.4.1/../../../../arm-none-eabi/lib/armv7-m\libg_nano.a(lib_a-memcpy-stub.o)
 .text          0x00000000        0x0 c:/program files (x86)/cypress/psoc creator/4.2/psoc creator/import/gnu/arm/5.4.1/bin/../lib/gcc/arm-none-eabi/5.4.1/../../../../arm-none-eabi/lib/armv7-m\libg_nano.a(lib_a-memset.o)
 .data          0x00000000        0x0 c:/program files (x86)/cypress/psoc creator/4.2/psoc creator/import/gnu/arm/5.4.1/bin/../lib/gcc/arm-none-eabi/5.4.1/../../../../arm-none-eabi/lib/armv7-m\libg_nano.a(lib_a-memset.o)
 .bss           0x00000000        0x0 c:/program files (x86)/cypress/psoc creator/4.2/psoc creator/import/gnu/arm/5.4.1/bin/../lib/gcc/arm-none-eabi/5.4.1/../../../../arm-none-eabi/lib/armv7-m\libg_nano.a(lib_a-memset.o)
 .text          0x00000000        0x0 c:/program files (x86)/cypress/psoc creator/4.2/psoc creator/import/gnu/arm/5.4.1/bin/../lib/gcc/arm-none-eabi/5.4.1/armv7-m/crtend.o
 .data          0x00000000        0x0 c:/program files (x86)/cypress/psoc creator/4.2/psoc creator/import/gnu/arm/5.4.1/bin/../lib/gcc/arm-none-eabi/5.4.1/armv7-m/crtend.o
 .bss           0x00000000        0x0 c:/program files (x86)/cypress/psoc creator/4.2/psoc creator/import/gnu/arm/5.4.1/bin/../lib/gcc/arm-none-eabi/5.4.1/armv7-m/crtend.o
 .text          0x00000000        0x0 c:/program files (x86)/cypress/psoc creator/4.2/psoc creator/import/gnu/arm/5.4.1/bin/../lib/gcc/arm-none-eabi/5.4.1/armv7-m/crtn.o
 .data          0x00000000        0x0 c:/program files (x86)/cypress/psoc creator/4.2/psoc creator/import/gnu/arm/5.4.1/bin/../lib/gcc/arm-none-eabi/5.4.1/armv7-m/crtn.o
 .bss           0x00000000        0x0 c:/program files (x86)/cypress/psoc creator/4.2/psoc creator/import/gnu/arm/5.4.1/bin/../lib/gcc/arm-none-eabi/5.4.1/armv7-m/crtn.o

Memory Configuration

Name             Origin             Length             Attributes
rom              0x00000000         0x00040000         xr
ram              0x1fff8000         0x00010000         xrw
*default*        0x00000000         0xffffffff

Linker script and memory map

LOAD c:/program files (x86)/cypress/psoc creator/4.2/psoc creator/import/gnu/arm/5.4.1/bin/../lib/gcc/arm-none-eabi/5.4.1/armv7-m/crti.o
LOAD c:/program files (x86)/cypress/psoc creator/4.2/psoc creator/import/gnu/arm/5.4.1/bin/../lib/gcc/arm-none-eabi/5.4.1/armv7-m/crtbegin.o
LOAD c:/program files (x86)/cypress/psoc creator/4.2/psoc creator/import/gnu/arm/5.4.1/bin/../lib/gcc/arm-none-eabi/5.4.1/../../../../arm-none-eabi/lib/armv7-m/crt0.o
START GROUP
LOAD .\CortexM3\ARM_GCC_541\Debug\main.o
LOAD .\CortexM3\ARM_GCC_541\Debug\cyfitter_cfg.o
LOAD .\CortexM3\ARM_GCC_541\Debug\cymetadata.o
LOAD .\CortexM3\ARM_GCC_541\Debug\Cm3Start.o
LOAD .\CortexM3\ARM_GCC_541\Debug\Design01.a
LOAD C:\Program Files (x86)\Cypress\PSoC Creator\4.2\PSoC Creator\psoc\content\cycomponentlibrary\CyComponentLibrary.cylib\CortexM3\ARM_GCC_541\Debug\CyComponentLibrary.a
END GROUP
START GROUP
LOAD c:/program files (x86)/cypress/psoc creator/4.2/psoc creator/import/gnu/arm/5.4.1/bin/../lib/gcc/arm-none-eabi/5.4.1/armv7-m\libgcc.a
LOAD c:/program files (x86)/cypress/psoc creator/4.2/psoc creator/import/gnu/arm/5.4.1/bin/../lib/gcc/arm-none-eabi/5.4.1/../../../../arm-none-eabi/lib/armv7-m\libg_nano.a
LOAD c:/program files (x86)/cypress/psoc creator/4.2/psoc creator/import/gnu/arm/5.4.1/bin/../lib/gcc/arm-none-eabi/5.4.1/../../../../arm-none-eabi/lib/armv7-m\libc_nano.a
END GROUP
START GROUP
LOAD c:/program files (x86)/cypress/psoc creator/4.2/psoc creator/import/gnu/arm/5.4.1/bin/../lib/gcc/arm-none-eabi/5.4.1/armv7-m\libgcc.a
LOAD c:/program files (x86)/cypress/psoc creator/4.2/psoc creator/import/gnu/arm/5.4.1/bin/../lib/gcc/arm-none-eabi/5.4.1/../../../../arm-none-eabi/lib/armv7-m\libc_nano.a
END GROUP
LOAD c:/program files (x86)/cypress/psoc creator/4.2/psoc creator/import/gnu/arm/5.4.1/bin/../lib/gcc/arm-none-eabi/5.4.1/armv7-m/crtend.o
LOAD c:/program files (x86)/cypress/psoc creator/4.2/psoc creator/import/gnu/arm/5.4.1/bin/../lib/gcc/arm-none-eabi/5.4.1/armv7-m/crtn.o
START GROUP
LOAD c:/program files (x86)/cypress/psoc creator/4.2/psoc creator/import/gnu/arm/5.4.1/bin/../lib/gcc/arm-none-eabi/5.4.1/armv7-m\libgcc.a
LOAD c:/program files (x86)/cypress/psoc creator/4.2/psoc creator/import/gnu/arm/5.4.1/bin/../lib/gcc/arm-none-eabi/5.4.1/../../../../arm-none-eabi/lib/armv7-m\libc.a
LOAD c:/program files (x86)/cypress/psoc creator/4.2/psoc creator/import/gnu/arm/5.4.1/bin/../lib/gcc/arm-none-eabi/5.4.1/../../../../arm-none-eabi/lib/armv7-m\libnosys.a
END GROUP
                0x00000000                CY_APPL_ORIGIN = 0x0
                0x00000100                CY_FLASH_ROW_SIZE = 0x100
                0x00000020                CY_ECC_ROW_SIZE = 0x20
                0x00000000                CY_EE_IN_BTLDR = 0x0
                0x00000000                CY_APPL_LOADABLE = 0x0
                0x00000800                CY_EE_SIZE = 0x800
                0x00000001                CY_APPL_NUM = 0x1
                0x00000001                CY_APPL_MAX = 0x1
                0x00000040                CY_METADATA_SIZE = 0x40
                0x00000000                CY_APPL_LOADABLE = 0x0
                0x00000000                CY_CHECKSUM_EXCLUDE_SIZE = ALIGN (0x0, CY_FLASH_ROW_SIZE)
                [!provide]                PROVIDE (__cy_heap_start, _end)
                0x00000001                PROVIDE (__cy_region_num, ((__cy_regions_end - __cy_regions) / 0x10))
                0x20008000                PROVIDE (__cy_stack, (ORIGIN (ram) + LENGTH (ram)))
                [!provide]                PROVIDE (__cy_heap_end, (__cy_stack - 0x800))

.cybootloader   0x00000000        0x0
 *(.cybootloader)
                0x00000000                appl1_start = CY_APPL_ORIGIN?CY_APPL_ORIGIN:ALIGN (CY_FLASH_ROW_SIZE)
                0x0001ff00                appl2_start = (appl1_start + ALIGN ((((LENGTH (rom) - appl1_start) - (0x2 * CY_FLASH_ROW_SIZE)) / 0x2), CY_FLASH_ROW_SIZE))
                0x00000000                appl_start = (CY_APPL_NUM == 0x1)?appl1_start:appl2_start
                0x00000000                ecc_offset = ((appl_start / CY_FLASH_ROW_SIZE) * CY_ECC_ROW_SIZE)
                0x00000000                ee_offset = (CY_APPL_LOADABLE && ! (CY_EE_IN_BTLDR))?((CY_EE_SIZE / CY_APPL_MAX) * (CY_APPL_NUM - 0x1)):0x0
                0x00000800                ee_size = (CY_APPL_LOADABLE && ! (CY_EE_IN_BTLDR))?(CY_EE_SIZE / CY_APPL_MAX):CY_EE_SIZE
                [!provide]                PROVIDE (CY_ECC_OFFSET, ecc_offset)

.text           0x00000000      0xdfe
 CREATE_OBJECT_SYMBOLS
                0x00000000                PROVIDE (__cy_interrupt_vector, RomVectors)
 *(.romvectors)
 .romvectors    0x00000000       0x10 .\CortexM3\ARM_GCC_541\Debug\Cm3Start.o
                0x00000000                RomVectors
                0x00000001                ASSERT ((. != __cy_interrupt_vector), No interrupt vector)
                0x00000001                ASSERT (CY_APPL_ORIGIN?(SIZEOF (.cybootloader) <= CY_APPL_ORIGIN):0x1, Wrong image location)
                0x00000010                PROVIDE (__cy_reset, Reset)
 *(.text.Reset)
 .text.Reset    0x00000010       0x18 .\CortexM3\ARM_GCC_541\Debug\Cm3Start.o
                0x00000010                Reset
                0x00000001                ASSERT ((. != __cy_reset), No reset code)
 *(.dma_init)
                0x00000001                ASSERT ((((appl_start + .) <= 0x10000) || 0x1), DMA Init must be within the first 64k of flash)
 *(.text .text.* .gnu.linkonce.t.*)
 .text          0x00000028       0x5c c:/program files (x86)/cypress/psoc creator/4.2/psoc creator/import/gnu/arm/5.4.1/bin/../lib/gcc/arm-none-eabi/5.4.1/armv7-m/crtbegin.o
 .text.AumentarInt
                0x00000084       0x88 .\CortexM3\ARM_GCC_541\Debug\main.o
                0x00000084                AumentarInt
 .text.DisminuirInt
                0x0000010c       0x88 .\CortexM3\ARM_GCC_541\Debug\main.o
                0x0000010c                DisminuirInt
 .text.Muestreo
                0x00000194       0x5c .\CortexM3\ARM_GCC_541\Debug\main.o
                0x00000194                Muestreo
 .text.main     0x000001f0       0x8c .\CortexM3\ARM_GCC_541\Debug\main.o
                0x000001f0                main
 .text.CyClockStartupError
                0x0000027c        0x4 .\CortexM3\ARM_GCC_541\Debug\cyfitter_cfg.o
 .text.cfg_write_bytes32
                0x00000280       0x34 .\CortexM3\ARM_GCC_541\Debug\cyfitter_cfg.o
 .text.AnalogSetDefault
                0x000002b4       0x28 .\CortexM3\ARM_GCC_541\Debug\cyfitter_cfg.o
 .text.CYMEMZERO
                0x000002dc        0xc .\CortexM3\ARM_GCC_541\Debug\cyfitter_cfg.o
 .text.ClockSetup
                0x000002e8       0xb8 .\CortexM3\ARM_GCC_541\Debug\cyfitter_cfg.o
 .text.CYCONFIGCPY
                0x000003a0        0x8 .\CortexM3\ARM_GCC_541\Debug\cyfitter_cfg.o
 .text.cyfitter_cfg
                0x000003a8      0x14c .\CortexM3\ARM_GCC_541\Debug\cyfitter_cfg.o
                0x000003a8                cyfitter_cfg
 .text.IntDefaultHandler
                0x000004f4       0x10 .\CortexM3\ARM_GCC_541\Debug\Cm3Start.o
                0x000004f4                IntDefaultHandler
 .text.Start_c  0x00000504       0x4c .\CortexM3\ARM_GCC_541\Debug\Cm3Start.o
                0x00000504                Start_c
 .text.initialize_psoc
                0x00000550       0x68 .\CortexM3\ARM_GCC_541\Debug\Cm3Start.o
                0x00000550                initialize_psoc
 .text.CyDelay  0x000005b8       0x2c .\CortexM3\ARM_GCC_541\Debug\Design01.a(CyLib.o)
                0x000005b8                CyDelay
 .text.CyDelayUs
                0x000005e4       0x14 .\CortexM3\ARM_GCC_541\Debug\Design01.a(CyLib.o)
                0x000005e4                CyDelayUs
 .text.LCD_WrCntrlNib
                0x000005f8       0x34 .\CortexM3\ARM_GCC_541\Debug\Design01.a(LCD.o)
 .text.LCD_WrDatNib
                0x0000062c       0x44 .\CortexM3\ARM_GCC_541\Debug\Design01.a(LCD.o)
 .text.LCD_IsReady
                0x00000670       0xe4 .\CortexM3\ARM_GCC_541\Debug\Design01.a(LCD.o)
                0x00000670                LCD_IsReady
 .text.LCD_WriteData
                0x00000754       0x18 .\CortexM3\ARM_GCC_541\Debug\Design01.a(LCD.o)
                0x00000754                LCD_WriteData
 .text.LCD_PrintString
                0x0000076c       0x1c .\CortexM3\ARM_GCC_541\Debug\Design01.a(LCD.o)
                0x0000076c                LCD_PrintString
 .text.LCD_WriteControl
                0x00000788       0x18 .\CortexM3\ARM_GCC_541\Debug\Design01.a(LCD.o)
                0x00000788                LCD_WriteControl
 .text.LCD_Init
                0x000007a0       0x6c .\CortexM3\ARM_GCC_541\Debug\Design01.a(LCD.o)
                0x000007a0                LCD_Init
 .text.LCD_Enable
                0x0000080c       0x14 .\CortexM3\ARM_GCC_541\Debug\Design01.a(LCD.o)
                0x0000080c                LCD_Enable
 .text.LCD_Start
                0x00000820       0x1c .\CortexM3\ARM_GCC_541\Debug\Design01.a(LCD.o)
                0x00000820                LCD_Start
 .text.LCD_Position
                0x0000083c       0x3c .\CortexM3\ARM_GCC_541\Debug\Design01.a(LCD.o)
                0x0000083c                LCD_Position
 .text.LCD_PrintU32Number
                0x00000878       0x64 .\CortexM3\ARM_GCC_541\Debug\Design01.a(LCD.o)
                0x00000878                LCD_PrintU32Number
 .text.LED_Write
                0x000008dc       0x18 .\CortexM3\ARM_GCC_541\Debug\Design01.a(LED.o)
                0x000008dc                LED_Write
 .text.timer_clock_Start
                0x000008f4       0x1c .\CortexM3\ARM_GCC_541\Debug\Design01.a(timer_clock.o)
                0x000008f4                timer_clock_Start
 .text.Reset_PWM_Write
                0x00000910       0x18 .\CortexM3\ARM_GCC_541\Debug\Design01.a(Reset_PWM.o)
                0x00000910                Reset_PWM_Write
 .text.isr_Aumentar_SetVector
                0x00000928        0xc .\CortexM3\ARM_GCC_541\Debug\Design01.a(isr_Aumentar.o)
                0x00000928                isr_Aumentar_SetVector
 .text.isr_Aumentar_SetPriority
                0x00000934       0x10 .\CortexM3\ARM_GCC_541\Debug\Design01.a(isr_Aumentar.o)
                0x00000934                isr_Aumentar_SetPriority
 .text.isr_Aumentar_Enable
                0x00000944        0xc .\CortexM3\ARM_GCC_541\Debug\Design01.a(isr_Aumentar.o)
                0x00000944                isr_Aumentar_Enable
 .text.isr_Aumentar_Disable
                0x00000950        0xc .\CortexM3\ARM_GCC_541\Debug\Design01.a(isr_Aumentar.o)
                0x00000950                isr_Aumentar_Disable
 .text.isr_Aumentar_StartEx
                0x0000095c       0x1c .\CortexM3\ARM_GCC_541\Debug\Design01.a(isr_Aumentar.o)
                0x0000095c                isr_Aumentar_StartEx
 .text.isr_Disminuir_SetVector
                0x00000978        0xc .\CortexM3\ARM_GCC_541\Debug\Design01.a(isr_Disminuir.o)
                0x00000978                isr_Disminuir_SetVector
 .text.isr_Disminuir_SetPriority
                0x00000984       0x10 .\CortexM3\ARM_GCC_541\Debug\Design01.a(isr_Disminuir.o)
                0x00000984                isr_Disminuir_SetPriority
 .text.isr_Disminuir_Enable
                0x00000994        0xc .\CortexM3\ARM_GCC_541\Debug\Design01.a(isr_Disminuir.o)
                0x00000994                isr_Disminuir_Enable
 .text.isr_Disminuir_Disable
                0x000009a0        0xc .\CortexM3\ARM_GCC_541\Debug\Design01.a(isr_Disminuir.o)
                0x000009a0                isr_Disminuir_Disable
 .text.isr_Disminuir_StartEx
                0x000009ac       0x1c .\CortexM3\ARM_GCC_541\Debug\Design01.a(isr_Disminuir.o)
                0x000009ac                isr_Disminuir_StartEx
 .text.PWM_Motor_Enable
                0x000009c8       0x10 .\CortexM3\ARM_GCC_541\Debug\Design01.a(PWM_Motor.o)
                0x000009c8                PWM_Motor_Enable
 .text.PWM_Motor_WriteCounter
                0x000009d8        0xc .\CortexM3\ARM_GCC_541\Debug\Design01.a(PWM_Motor.o)
                0x000009d8                PWM_Motor_WriteCounter
 .text.PWM_Motor_WritePeriod
                0x000009e4        0xc .\CortexM3\ARM_GCC_541\Debug\Design01.a(PWM_Motor.o)
                0x000009e4                PWM_Motor_WritePeriod
 .text.PWM_Motor_WriteCompare
                0x000009f0        0xc .\CortexM3\ARM_GCC_541\Debug\Design01.a(PWM_Motor.o)
                0x000009f0                PWM_Motor_WriteCompare
 .text.PWM_Motor_SetInterruptMode
                0x000009fc        0xc .\CortexM3\ARM_GCC_541\Debug\Design01.a(PWM_Motor.o)
                0x000009fc                PWM_Motor_SetInterruptMode
 .text.PWM_Motor_ReadStatusRegister
                0x00000a08        0xc .\CortexM3\ARM_GCC_541\Debug\Design01.a(PWM_Motor.o)
                0x00000a08                PWM_Motor_ReadStatusRegister
 .text.PWM_Motor_ReadCapture
                0x00000a14        0xc .\CortexM3\ARM_GCC_541\Debug\Design01.a(PWM_Motor.o)
                0x00000a14                PWM_Motor_ReadCapture
 .text.PWM_Motor_ClearFIFO
                0x00000a20       0x14 .\CortexM3\ARM_GCC_541\Debug\Design01.a(PWM_Motor.o)
                0x00000a20                PWM_Motor_ClearFIFO
 .text.PWM_Motor_Init
                0x00000a34       0x60 .\CortexM3\ARM_GCC_541\Debug\Design01.a(PWM_Motor.o)
                0x00000a34                PWM_Motor_Init
 .text.PWM_Motor_Start
                0x00000a94       0x1c .\CortexM3\ARM_GCC_541\Debug\Design01.a(PWM_Motor.o)
                0x00000a94                PWM_Motor_Start
 .text.QuadDec_GetCounter
                0x00000ab0       0x10 .\CortexM3\ARM_GCC_541\Debug\Design01.a(QuadDec.o)
                0x00000ab0                QuadDec_GetCounter
 .text.QuadDec_SetCounter
                0x00000ac0       0x1c .\CortexM3\ARM_GCC_541\Debug\Design01.a(QuadDec.o)
                0x00000ac0                QuadDec_SetCounter
 .text.QuadDec_GetEvents
                0x00000adc       0x10 .\CortexM3\ARM_GCC_541\Debug\Design01.a(QuadDec.o)
                0x00000adc                QuadDec_GetEvents
 .text.QuadDec_SetInterruptMask
                0x00000aec        0xc .\CortexM3\ARM_GCC_541\Debug\Design01.a(QuadDec.o)
                0x00000aec                QuadDec_SetInterruptMask
 .text.QuadDec_Enable
                0x00000af8       0x24 .\CortexM3\ARM_GCC_541\Debug\Design01.a(QuadDec.o)
                0x00000af8                QuadDec_Enable
 .text.QuadDec_Start
                0x00000b1c       0x24 .\CortexM3\ARM_GCC_541\Debug\Design01.a(QuadDec.o)
                0x00000b1c                QuadDec_Start
 .text.QuadDec_Cnt16_Enable
                0x00000b40       0x10 .\CortexM3\ARM_GCC_541\Debug\Design01.a(QuadDec_Cnt16.o)
                0x00000b40                QuadDec_Cnt16_Enable
 .text.QuadDec_Cnt16_SetInterruptMode
                0x00000b50        0xc .\CortexM3\ARM_GCC_541\Debug\Design01.a(QuadDec_Cnt16.o)
                0x00000b50                QuadDec_Cnt16_SetInterruptMode
 .text.QuadDec_Cnt16_ReadStatusRegister
                0x00000b5c        0xc .\CortexM3\ARM_GCC_541\Debug\Design01.a(QuadDec_Cnt16.o)
                0x00000b5c                QuadDec_Cnt16_ReadStatusRegister
 .text.QuadDec_Cnt16_WriteCounter
                0x00000b68        0xc .\CortexM3\ARM_GCC_541\Debug\Design01.a(QuadDec_Cnt16.o)
                0x00000b68                QuadDec_Cnt16_WriteCounter
 .text.QuadDec_Cnt16_ReadCounter
                0x00000b74       0x14 .\CortexM3\ARM_GCC_541\Debug\Design01.a(QuadDec_Cnt16.o)
                0x00000b74                QuadDec_Cnt16_ReadCounter
 .text.QuadDec_Cnt16_ReadCapture
                0x00000b88        0xc .\CortexM3\ARM_GCC_541\Debug\Design01.a(QuadDec_Cnt16.o)
                0x00000b88                QuadDec_Cnt16_ReadCapture
 .text.QuadDec_Cnt16_WritePeriod
                0x00000b94        0xc .\CortexM3\ARM_GCC_541\Debug\Design01.a(QuadDec_Cnt16.o)
                0x00000b94                QuadDec_Cnt16_WritePeriod
 .text.QuadDec_Cnt16_WriteCompare
                0x00000ba0        0xc .\CortexM3\ARM_GCC_541\Debug\Design01.a(QuadDec_Cnt16.o)
                0x00000ba0                QuadDec_Cnt16_WriteCompare
 .text.QuadDec_Cnt16_ClearFIFO
                0x00000bac       0x14 .\CortexM3\ARM_GCC_541\Debug\Design01.a(QuadDec_Cnt16.o)
                0x00000bac                QuadDec_Cnt16_ClearFIFO
 .text.QuadDec_Cnt16_Init
                0x00000bc0       0x58 .\CortexM3\ARM_GCC_541\Debug\Design01.a(QuadDec_Cnt16.o)
                0x00000bc0                QuadDec_Cnt16_Init
 .text.QuadDec_Cnt16_Start
                0x00000c18       0x1c .\CortexM3\ARM_GCC_541\Debug\Design01.a(QuadDec_Cnt16.o)
                0x00000c18                QuadDec_Cnt16_Start
 .text.isr_Ts_SetVector
                0x00000c34       0x10 .\CortexM3\ARM_GCC_541\Debug\Design01.a(isr_Ts.o)
                0x00000c34                isr_Ts_SetVector
 .text.isr_Ts_SetPriority
                0x00000c44       0x10 .\CortexM3\ARM_GCC_541\Debug\Design01.a(isr_Ts.o)
                0x00000c44                isr_Ts_SetPriority
 .text.isr_Ts_Enable
                0x00000c54       0x10 .\CortexM3\ARM_GCC_541\Debug\Design01.a(isr_Ts.o)
                0x00000c54                isr_Ts_Enable
 .text.isr_Ts_Disable
                0x00000c64       0x10 .\CortexM3\ARM_GCC_541\Debug\Design01.a(isr_Ts.o)
                0x00000c64                isr_Ts_Disable
 .text.isr_Ts_StartEx
                0x00000c74       0x1c .\CortexM3\ARM_GCC_541\Debug\Design01.a(isr_Ts.o)
                0x00000c74                isr_Ts_StartEx
 .text.Timer_Enable
                0x00000c90       0x28 .\CortexM3\ARM_GCC_541\Debug\Design01.a(Timer.o)
                0x00000c90                Timer_Enable
 .text.Timer_SetInterruptMode
                0x00000cb8        0xc .\CortexM3\ARM_GCC_541\Debug\Design01.a(Timer.o)
                0x00000cb8                Timer_SetInterruptMode
 .text.Timer_WritePeriod
                0x00000cc4        0xc .\CortexM3\ARM_GCC_541\Debug\Design01.a(Timer.o)
                0x00000cc4                Timer_WritePeriod
 .text.Timer_WriteCounter
                0x00000cd0        0xc .\CortexM3\ARM_GCC_541\Debug\Design01.a(Timer.o)
                0x00000cd0                Timer_WriteCounter
 .text.Timer_Init
                0x00000cdc       0x68 .\CortexM3\ARM_GCC_541\Debug\Design01.a(Timer.o)
                0x00000cdc                Timer_Init
 .text.Timer_Start
                0x00000d44       0x1c .\CortexM3\ARM_GCC_541\Debug\Design01.a(Timer.o)
                0x00000d44                Timer_Start
 .text          0x00000d60       0x20 .\CortexM3\ARM_GCC_541\Debug\Design01.a(CyBootAsmGnu.o)
                0x00000d60                CyDelayCycles
                0x00000d70                CyEnterCriticalSection
                0x00000d78                CyExitCriticalSection
 .text.__errno  0x00000d80        0xc c:/program files (x86)/cypress/psoc creator/4.2/psoc creator/import/gnu/arm/5.4.1/bin/../lib/gcc/arm-none-eabi/5.4.1/../../../../arm-none-eabi/lib/armv7-m\libg_nano.a(lib_a-errno.o)
                0x00000d80                __errno
 .text.__libc_init_array
                0x00000d8c       0x4c c:/program files (x86)/cypress/psoc creator/4.2/psoc creator/import/gnu/arm/5.4.1/bin/../lib/gcc/arm-none-eabi/5.4.1/../../../../arm-none-eabi/lib/armv7-m\libg_nano.a(lib_a-init.o)
                0x00000d8c                __libc_init_array
 .text.memcpy   0x00000dd8       0x16 c:/program files (x86)/cypress/psoc creator/4.2/psoc creator/import/gnu/arm/5.4.1/bin/../lib/gcc/arm-none-eabi/5.4.1/../../../../arm-none-eabi/lib/armv7-m\libg_nano.a(lib_a-memcpy-stub.o)
                0x00000dd8                memcpy
 .text.memset   0x00000dee       0x10 c:/program files (x86)/cypress/psoc creator/4.2/psoc creator/import/gnu/arm/5.4.1/bin/../lib/gcc/arm-none-eabi/5.4.1/../../../../arm-none-eabi/lib/armv7-m\libg_nano.a(lib_a-memset.o)
                0x00000dee                memset
 *(.plt)
 *(.gnu.warning)
 *(.glue_7t)
 .glue_7t       0x00000dfe        0x0 linker stubs
 *(.glue_7)
 .glue_7        0x00000dfe        0x0 linker stubs
 *(.vfp11_veneer)
 .vfp11_veneer  0x00000dfe        0x0 linker stubs
 *(.bootloader)
 *(.ARM.extab* .gnu.linkonce.armextab.*)
 *(.gcc_except_table)

.v4_bx          0x00000e00        0x0
 .v4_bx         0x00000e00        0x0 linker stubs

.iplt           0x00000e00        0x0
 .iplt          0x00000e00        0x0 c:/program files (x86)/cypress/psoc creator/4.2/psoc creator/import/gnu/arm/5.4.1/bin/../lib/gcc/arm-none-eabi/5.4.1/armv7-m/crtbegin.o

.eh_frame_hdr
 *(.eh_frame_hdr)

.eh_frame       0x00000e00        0x4
 *(.eh_frame)
 .eh_frame      0x00000e00        0x0 c:/program files (x86)/cypress/psoc creator/4.2/psoc creator/import/gnu/arm/5.4.1/bin/../lib/gcc/arm-none-eabi/5.4.1/armv7-m/crtbegin.o
 .eh_frame      0x00000e00        0x4 c:/program files (x86)/cypress/psoc creator/4.2/psoc creator/import/gnu/arm/5.4.1/bin/../lib/gcc/arm-none-eabi/5.4.1/armv7-m/crtend.o
                [!provide]                PROVIDE (__exidx_start, .)

.ARM.exidx
 *(.ARM.exidx* .gnu.linkonce.armexidx.*)
                0x00000e04                __exidx_end = .

.rodata         0x00000e04       0x74
 *(.rodata .rodata.* .gnu.linkonce.r.*)
 .rodata.str1.4
                0x00000e04       0x14 .\CortexM3\ARM_GCC_541\Debug\main.o
 .rodata        0x00000e18       0x2a .\CortexM3\ARM_GCC_541\Debug\cyfitter_cfg.o
 .rodata.str1.1
                0x00000e42        0x2 c:/program files (x86)/cypress/psoc creator/4.2/psoc creator/import/gnu/arm/5.4.1/bin/../lib/gcc/arm-none-eabi/5.4.1/../../../../arm-none-eabi/lib/armv7-m\libg_nano.a(lib_a-impure.o)
                0x00000e44                . = ALIGN (0x4)
 *(.init)
 .init          0x00000e44        0x4 c:/program files (x86)/cypress/psoc creator/4.2/psoc creator/import/gnu/arm/5.4.1/bin/../lib/gcc/arm-none-eabi/5.4.1/armv7-m/crti.o
                0x00000e44                _init
 .init          0x00000e48        0x8 c:/program files (x86)/cypress/psoc creator/4.2/psoc creator/import/gnu/arm/5.4.1/bin/../lib/gcc/arm-none-eabi/5.4.1/armv7-m/crtn.o
                0x00000e50                . = ALIGN (0x4)
                0x00000e50                __preinit_array_start = .
 *(.preinit_array)
                0x00000e50                __preinit_array_end = .
                0x00000e50                . = ALIGN (0x4)
                0x00000e50                __init_array_start = .
 *(SORT(.init_array.*))
 *(.init_array)
 .init_array    0x00000e50        0x4 c:/program files (x86)/cypress/psoc creator/4.2/psoc creator/import/gnu/arm/5.4.1/bin/../lib/gcc/arm-none-eabi/5.4.1/armv7-m/crtbegin.o
 .init_array    0x00000e54        0x4 .\CortexM3\ARM_GCC_541\Debug\Cm3Start.o
                0x00000e58                __init_array_end = .
                0x00000e58                . = ALIGN (0x4)
 *(.fini)
 .fini          0x00000e58        0x4 c:/program files (x86)/cypress/psoc creator/4.2/psoc creator/import/gnu/arm/5.4.1/bin/../lib/gcc/arm-none-eabi/5.4.1/armv7-m/crti.o
                0x00000e58                _fini
 .fini          0x00000e5c        0x8 c:/program files (x86)/cypress/psoc creator/4.2/psoc creator/import/gnu/arm/5.4.1/bin/../lib/gcc/arm-none-eabi/5.4.1/armv7-m/crtn.o
                0x00000e64                . = ALIGN (0x4)
                0x00000e64                __fini_array_start = .
 *(.fini_array)
 .fini_array    0x00000e64        0x4 c:/program files (x86)/cypress/psoc creator/4.2/psoc creator/import/gnu/arm/5.4.1/bin/../lib/gcc/arm-none-eabi/5.4.1/armv7-m/crtbegin.o
 *(SORT(.fini_array.*))
                0x00000e68                __fini_array_end = .
                0x00000e68                . = ALIGN (0x4)
 *crtbegin.o(.ctors)
 *(EXCLUDE_FILE(*crtend.o) .ctors)
 *(SORT(.ctors.*))
 *crtend.o(.ctors)
                0x00000e68                . = ALIGN (0x4)
 *crtbegin.o(.dtors)
 *(EXCLUDE_FILE(*crtend.o) .dtors)
 *(SORT(.dtors.*))
 *crtend.o(.dtors)
                0x00000e68                . = ALIGN (0x4)
                0x00000e68                __cy_regions = .
                0x00000e68        0x4 LONG 0xe78 __cy_region_init_ram
                0x00000e6c        0x4 LONG 0x1fff80c8 __cy_region_start_data
                0x00000e70        0x4 LONG 0x80 __cy_region_init_size_ram
                0x00000e74        0x4 LONG 0x28 __cy_region_zero_size_ram
                0x00000e78                __cy_regions_end = .
                0x00000e78                . = ALIGN (0x8)
                0x00000e78                _etext = .

.cy_checksum_exclude
                0x00000e78        0x0
 *(.cy_checksum_exclude)

.ramvectors     0x1fff8000       0xc0
                0x1fff8000                __cy_region_start_ram = .
 *(.ramvectors)
 .ramvectors    0x1fff8000       0xc0 .\CortexM3\ARM_GCC_541\Debug\Cm3Start.o
                0x1fff8000                CyRamVectors

.noinit         0x1fff80c0        0x1
 *(.noinit)
 .noinit        0x1fff80c0        0x1 .\CortexM3\ARM_GCC_541\Debug\Design01.a(CyLib.o)
                0x1fff80c0                CyResetStatus

.data           0x1fff80c8       0x80 load address 0x00000e78
                0x1fff80c8                __cy_region_start_data = .
 *(.jcr)
 .jcr           0x1fff80c8        0x0 c:/program files (x86)/cypress/psoc creator/4.2/psoc creator/import/gnu/arm/5.4.1/bin/../lib/gcc/arm-none-eabi/5.4.1/armv7-m/crtbegin.o
 .jcr           0x1fff80c8        0x4 c:/program files (x86)/cypress/psoc creator/4.2/psoc creator/import/gnu/arm/5.4.1/bin/../lib/gcc/arm-none-eabi/5.4.1/armv7-m/crtend.o
 *(.got.plt)
 *(.got)
 *(.shdata)
 *(.data .data.* .gnu.linkonce.d.*)
 .data          0x1fff80cc        0x2 .\CortexM3\ARM_GCC_541\Debug\main.o
                0x1fff80cc                control
 *fill*         0x1fff80ce        0x2 
 .data          0x1fff80d0       0x10 .\CortexM3\ARM_GCC_541\Debug\Design01.a(CyLib.o)
                0x1fff80d0                cydelay_32k_ms
                0x1fff80d4                cydelay_freq_khz
                0x1fff80d8                cydelay_freq_mhz
                0x1fff80dc                cydelay_freq_hz
 .data.impure_data
                0x1fff80e0       0x60 c:/program files (x86)/cypress/psoc creator/4.2/psoc creator/import/gnu/arm/5.4.1/bin/../lib/gcc/arm-none-eabi/5.4.1/../../../../arm-none-eabi/lib/armv7-m\libg_nano.a(lib_a-impure.o)
 .data._impure_ptr
                0x1fff8140        0x4 c:/program files (x86)/cypress/psoc creator/4.2/psoc creator/import/gnu/arm/5.4.1/bin/../lib/gcc/arm-none-eabi/5.4.1/../../../../arm-none-eabi/lib/armv7-m\libg_nano.a(lib_a-impure.o)
                0x1fff8140                _impure_ptr
                0x1fff8148                . = ALIGN (0x8)
 *fill*         0x1fff8144        0x4 
 *(.ram)
                0x1fff8148                _edata = .

.igot.plt       0x1fff8148        0x0 load address 0x00000ef8
 .igot.plt      0x1fff8148        0x0 c:/program files (x86)/cypress/psoc creator/4.2/psoc creator/import/gnu/arm/5.4.1/bin/../lib/gcc/arm-none-eabi/5.4.1/armv7-m/crtbegin.o

.bss            0x1fff8148       0x28 load address 0x00000ef8
                0x1fff8148                PROVIDE (__bss_start__, .)
 *(.shbss)
 *(.bss .bss.* .gnu.linkonce.b.*)
 .bss           0x1fff8148       0x1c c:/program files (x86)/cypress/psoc creator/4.2/psoc creator/import/gnu/arm/5.4.1/bin/../lib/gcc/arm-none-eabi/5.4.1/armv7-m/crtbegin.o
 .bss           0x1fff8164        0x2 .\CortexM3\ARM_GCC_541\Debug\main.o
                0x1fff8164                counter
 .bss           0x1fff8166        0x2 .\CortexM3\ARM_GCC_541\Debug\Design01.a(LCD.o)
                0x1fff8166                LCD_enableState
                0x1fff8167                LCD_initVar
 .bss           0x1fff8168        0x1 .\CortexM3\ARM_GCC_541\Debug\Design01.a(PWM_Motor.o)
                0x1fff8168                PWM_Motor_initVar
 .bss           0x1fff8169        0x1 .\CortexM3\ARM_GCC_541\Debug\Design01.a(QuadDec.o)
                0x1fff8169                QuadDec_initVar
 .bss           0x1fff816a        0x1 .\CortexM3\ARM_GCC_541\Debug\Design01.a(QuadDec_Cnt16.o)
                0x1fff816a                QuadDec_Cnt16_initVar
 .bss           0x1fff816b        0x1 .\CortexM3\ARM_GCC_541\Debug\Design01.a(Timer.o)
                0x1fff816b                Timer_initVar
 *(COMMON)
                0x1fff8170                . = ALIGN (0x8)
 *fill*         0x1fff816c        0x4 
 *(.ram.b)
                0x1fff8170                _end = .
                0x1fff8170                __end = .
                0x1fff8170                PROVIDE (end, .)
                0x1fff8170                PROVIDE (__bss_end__, .)
                0x00000e78                __cy_region_init_ram = LOADADDR (.data)
                0x00000080                __cy_region_init_size_ram = (_edata - ADDR (.data))
                0x00000028                __cy_region_zero_size_ram = (_end - _edata)

.heap           0x1fff8170       0x80 load address 0x00000ef8
                0x1fff8170                . = _end
                0x1fff81f0                . = (. + 0x80)
 *fill*         0x1fff8170       0x80 
                0x1fff81f0                __cy_heap_limit = .

.stack          0x20007800      0x800
                0x20007800                __cy_stack_limit = .
                0x20008000                . = (. + 0x800)
 *fill*         0x20007800      0x800 
                0x00000001                ASSERT ((__cy_stack_limit >= __cy_heap_limit), region RAM overflowed with stack)
                0x00000000                cy_checksum_exclude_size = (CY_APPL_LOADABLE == 0x1)?SIZEOF (.cy_checksum_exclude):0x0
                0x00000001                ASSERT ((cy_checksum_exclude_size <= CY_CHECKSUM_EXCLUDE_SIZE), CY_BOOT: Section .cy_checksum_exclude size exceedes specified limit.)

.cyloadermeta
 *(.cyloadermeta)

.cyloadablemeta
 *(.cyloadablemeta)

.cyconfigecc    0x80000000      0x508
 *(.cyconfigecc)
 .cyconfigecc   0x80000000      0x508 .\CortexM3\ARM_GCC_541\Debug\cymetadata.o
                0x80000000                cy_meta_configecc

.cycustnvl      0x90000000        0x4
 *(.cycustnvl)
 .cycustnvl     0x90000000        0x4 .\CortexM3\ARM_GCC_541\Debug\cymetadata.o
                0x90000000                cy_meta_custnvl

.cywolatch      0x90100000        0x4
 *(.cywolatch)
 .cywolatch     0x90100000        0x4 .\CortexM3\ARM_GCC_541\Debug\cymetadata.o
                0x90100000                cy_meta_wonvl

.cyeeprom       0x90200000        0x0
 *(.cyeeprom)
                0x00000001                ASSERT ((. <= ((0x90200000 + ee_offset) + ee_size)), .cyeeprom data will not fit in EEPROM)

.cyflashprotect
                0x90400000      0x100
 *(.cyflashprotect)
 .cyflashprotect
                0x90400000      0x100 .\CortexM3\ARM_GCC_541\Debug\cymetadata.o
                0x90400000                cy_meta_flashprotect

.cymeta         0x90500000        0xc
 *(.cymeta)
 .cymeta        0x90500000        0xc .\CortexM3\ARM_GCC_541\Debug\cymetadata.o
                0x90500000                cy_metadata

.rel.dyn        0x00000ef8        0x0 load address 0x9050000c
 .rel.iplt      0x00000ef8        0x0 c:/program files (x86)/cypress/psoc creator/4.2/psoc creator/import/gnu/arm/5.4.1/bin/../lib/gcc/arm-none-eabi/5.4.1/armv7-m/crtbegin.o

.stab
 *(.stab)

.stabstr
 *(.stabstr)

.debug
 *(.debug)

.line
 *(.line)

.debug_srcinfo
 *(.debug_srcinfo)

.debug_sfnames
 *(.debug_sfnames)

.debug_aranges  0x00000000      0xa60
 *(.debug_aranges)
 .debug_aranges
                0x00000000       0x38 .\CortexM3\ARM_GCC_541\Debug\main.o
 .debug_aranges
                0x00000038       0x58 .\CortexM3\ARM_GCC_541\Debug\cyfitter_cfg.o
 .debug_aranges
                0x00000090       0x18 .\CortexM3\ARM_GCC_541\Debug\cymetadata.o
 .debug_aranges
                0x000000a8       0x48 .\CortexM3\ARM_GCC_541\Debug\Cm3Start.o
 .debug_aranges
                0x000000f0      0x2a0 .\CortexM3\ARM_GCC_541\Debug\Design01.a(CyLib.o)
 .debug_aranges
                0x00000390       0x98 .\CortexM3\ARM_GCC_541\Debug\Design01.a(cyPm.o)
 .debug_aranges
                0x00000428       0x98 .\CortexM3\ARM_GCC_541\Debug\Design01.a(LCD.o)
 .debug_aranges
                0x000004c0       0x38 .\CortexM3\ARM_GCC_541\Debug\Design01.a(LED.o)
 .debug_aranges
                0x000004f8       0x70 .\CortexM3\ARM_GCC_541\Debug\Design01.a(timer_clock.o)
 .debug_aranges
                0x00000568       0x38 .\CortexM3\ARM_GCC_541\Debug\Design01.a(Reset_PWM.o)
 .debug_aranges
                0x000005a0       0x80 .\CortexM3\ARM_GCC_541\Debug\Design01.a(isr_Aumentar.o)
 .debug_aranges
                0x00000620       0x80 .\CortexM3\ARM_GCC_541\Debug\Design01.a(isr_Disminuir.o)
 .debug_aranges
                0x000006a0       0x98 .\CortexM3\ARM_GCC_541\Debug\Design01.a(PWM_Motor.o)
 .debug_aranges
                0x00000738       0x60 .\CortexM3\ARM_GCC_541\Debug\Design01.a(QuadDec.o)
 .debug_aranges
                0x00000798       0x98 .\CortexM3\ARM_GCC_541\Debug\Design01.a(QuadDec_Cnt16.o)
 .debug_aranges
                0x00000830       0x80 .\CortexM3\ARM_GCC_541\Debug\Design01.a(isr_Ts.o)
 .debug_aranges
                0x000008b0       0x88 .\CortexM3\ARM_GCC_541\Debug\Design01.a(Timer.o)
 .debug_aranges
                0x00000938       0x20 .\CortexM3\ARM_GCC_541\Debug\Design01.a(CyBootAsmGnu.o)
 .debug_aranges
                0x00000958       0x88 .\CortexM3\ARM_GCC_541\Debug\Design01.a(CyFlash.o)
 .debug_aranges
                0x000009e0       0x80 .\CortexM3\ARM_GCC_541\Debug\Design01.a(CySpc.o)

.debug_pubnames
 *(.debug_pubnames)

.debug_info     0x00000000     0x5a30
 *(.debug_info .gnu.linkonce.wi.*)
 .debug_info    0x00000000      0x5ce .\CortexM3\ARM_GCC_541\Debug\main.o
 .debug_info    0x000005ce      0x549 .\CortexM3\ARM_GCC_541\Debug\cyfitter_cfg.o
 .debug_info    0x00000b17      0x136 .\CortexM3\ARM_GCC_541\Debug\cymetadata.o
 .debug_info    0x00000c4d      0x3bb .\CortexM3\ARM_GCC_541\Debug\Cm3Start.o
 .debug_info    0x00001008     0x1374 .\CortexM3\ARM_GCC_541\Debug\Design01.a(CyLib.o)
 .debug_info    0x0000237c      0xa2a .\CortexM3\ARM_GCC_541\Debug\Design01.a(cyPm.o)
 .debug_info    0x00002da6      0x715 .\CortexM3\ARM_GCC_541\Debug\Design01.a(LCD.o)
 .debug_info    0x000034bb      0x11f .\CortexM3\ARM_GCC_541\Debug\Design01.a(LED.o)
 .debug_info    0x000035da      0x283 .\CortexM3\ARM_GCC_541\Debug\Design01.a(timer_clock.o)
 .debug_info    0x0000385d      0x11f .\CortexM3\ARM_GCC_541\Debug\Design01.a(Reset_PWM.o)
 .debug_info    0x0000397c      0x2d2 .\CortexM3\ARM_GCC_541\Debug\Design01.a(isr_Aumentar.o)
 .debug_info    0x00003c4e      0x2d2 .\CortexM3\ARM_GCC_541\Debug\Design01.a(isr_Disminuir.o)
 .debug_info    0x00003f20      0x353 .\CortexM3\ARM_GCC_541\Debug\Design01.a(PWM_Motor.o)
 .debug_info    0x00004273      0x2d4 .\CortexM3\ARM_GCC_541\Debug\Design01.a(QuadDec.o)
 .debug_info    0x00004547      0x348 .\CortexM3\ARM_GCC_541\Debug\Design01.a(QuadDec_Cnt16.o)
 .debug_info    0x0000488f      0x2d2 .\CortexM3\ARM_GCC_541\Debug\Design01.a(isr_Ts.o)
 .debug_info    0x00004b61      0x295 .\CortexM3\ARM_GCC_541\Debug\Design01.a(Timer.o)
 .debug_info    0x00004df6       0x9d .\CortexM3\ARM_GCC_541\Debug\Design01.a(CyBootAsmGnu.o)
 .debug_info    0x00004e93      0x64d .\CortexM3\ARM_GCC_541\Debug\Design01.a(CyFlash.o)
 .debug_info    0x000054e0      0x550 .\CortexM3\ARM_GCC_541\Debug\Design01.a(CySpc.o)

.debug_abbrev   0x00000000     0x194f
 *(.debug_abbrev)
 .debug_abbrev  0x00000000       0xe6 .\CortexM3\ARM_GCC_541\Debug\main.o
 .debug_abbrev  0x000000e6      0x1fe .\CortexM3\ARM_GCC_541\Debug\cyfitter_cfg.o
 .debug_abbrev  0x000002e4       0x77 .\CortexM3\ARM_GCC_541\Debug\cymetadata.o
 .debug_abbrev  0x0000035b      0x1e8 .\CortexM3\ARM_GCC_541\Debug\Cm3Start.o
 .debug_abbrev  0x00000543      0x254 .\CortexM3\ARM_GCC_541\Debug\Design01.a(CyLib.o)
 .debug_abbrev  0x00000797      0x1ab .\CortexM3\ARM_GCC_541\Debug\Design01.a(cyPm.o)
 .debug_abbrev  0x00000942      0x157 .\CortexM3\ARM_GCC_541\Debug\Design01.a(LCD.o)
 .debug_abbrev  0x00000a99       0x90 .\CortexM3\ARM_GCC_541\Debug\Design01.a(LED.o)
 .debug_abbrev  0x00000b29      0x139 .\CortexM3\ARM_GCC_541\Debug\Design01.a(timer_clock.o)
 .debug_abbrev  0x00000c62       0x90 .\CortexM3\ARM_GCC_541\Debug\Design01.a(Reset_PWM.o)
 .debug_abbrev  0x00000cf2      0x173 .\CortexM3\ARM_GCC_541\Debug\Design01.a(isr_Aumentar.o)
 .debug_abbrev  0x00000e65      0x173 .\CortexM3\ARM_GCC_541\Debug\Design01.a(isr_Disminuir.o)
 .debug_abbrev  0x00000fd8      0x133 .\CortexM3\ARM_GCC_541\Debug\Design01.a(PWM_Motor.o)
 .debug_abbrev  0x0000110b      0x151 .\CortexM3\ARM_GCC_541\Debug\Design01.a(QuadDec.o)
 .debug_abbrev  0x0000125c      0x117 .\CortexM3\ARM_GCC_541\Debug\Design01.a(QuadDec_Cnt16.o)
 .debug_abbrev  0x00001373      0x173 .\CortexM3\ARM_GCC_541\Debug\Design01.a(isr_Ts.o)
 .debug_abbrev  0x000014e6      0x11a .\CortexM3\ARM_GCC_541\Debug\Design01.a(Timer.o)
 .debug_abbrev  0x00001600       0x14 .\CortexM3\ARM_GCC_541\Debug\Design01.a(CyBootAsmGnu.o)
 .debug_abbrev  0x00001614      0x1a7 .\CortexM3\ARM_GCC_541\Debug\Design01.a(CyFlash.o)
 .debug_abbrev  0x000017bb      0x194 .\CortexM3\ARM_GCC_541\Debug\Design01.a(CySpc.o)

.debug_line     0x00000000     0x25b1
 *(.debug_line)
 .debug_line    0x00000000      0x25a .\CortexM3\ARM_GCC_541\Debug\main.o
 .debug_line    0x0000025a      0x1dd .\CortexM3\ARM_GCC_541\Debug\cyfitter_cfg.o
 .debug_line    0x00000437      0x141 .\CortexM3\ARM_GCC_541\Debug\cymetadata.o
 .debug_line    0x00000578      0x234 .\CortexM3\ARM_GCC_541\Debug\Cm3Start.o
 .debug_line    0x000007ac      0x816 .\CortexM3\ARM_GCC_541\Debug\Design01.a(CyLib.o)
 .debug_line    0x00000fc2      0x367 .\CortexM3\ARM_GCC_541\Debug\Design01.a(cyPm.o)
 .debug_line    0x00001329      0x1dc .\CortexM3\ARM_GCC_541\Debug\Design01.a(LCD.o)
 .debug_line    0x00001505       0x90 .\CortexM3\ARM_GCC_541\Debug\Design01.a(LED.o)
 .debug_line    0x00001595      0x17a .\CortexM3\ARM_GCC_541\Debug\Design01.a(timer_clock.o)
 .debug_line    0x0000170f       0x96 .\CortexM3\ARM_GCC_541\Debug\Design01.a(Reset_PWM.o)
 .debug_line    0x000017a5      0x139 .\CortexM3\ARM_GCC_541\Debug\Design01.a(isr_Aumentar.o)
 .debug_line    0x000018de      0x13a .\CortexM3\ARM_GCC_541\Debug\Design01.a(isr_Disminuir.o)
 .debug_line    0x00001a18      0x18c .\CortexM3\ARM_GCC_541\Debug\Design01.a(PWM_Motor.o)
 .debug_line    0x00001ba4      0x11a .\CortexM3\ARM_GCC_541\Debug\Design01.a(QuadDec.o)
 .debug_line    0x00001cbe      0x18d .\CortexM3\ARM_GCC_541\Debug\Design01.a(QuadDec_Cnt16.o)
 .debug_line    0x00001e4b      0x133 .\CortexM3\ARM_GCC_541\Debug\Design01.a(isr_Ts.o)
 .debug_line    0x00001f7e      0x153 .\CortexM3\ARM_GCC_541\Debug\Design01.a(Timer.o)
 .debug_line    0x000020d1       0x66 .\CortexM3\ARM_GCC_541\Debug\Design01.a(CyBootAsmGnu.o)
 .debug_line    0x00002137      0x21a .\CortexM3\ARM_GCC_541\Debug\Design01.a(CyFlash.o)
 .debug_line    0x00002351      0x260 .\CortexM3\ARM_GCC_541\Debug\Design01.a(CySpc.o)

.debug_frame    0x00000000     0x19e4
 *(.debug_frame)
 .debug_frame   0x00000000       0x88 .\CortexM3\ARM_GCC_541\Debug\main.o
 .debug_frame   0x00000088       0xe4 .\CortexM3\ARM_GCC_541\Debug\cyfitter_cfg.o
 .debug_frame   0x0000016c       0xb8 .\CortexM3\ARM_GCC_541\Debug\Cm3Start.o
 .debug_frame   0x00000224      0x738 .\CortexM3\ARM_GCC_541\Debug\Design01.a(CyLib.o)
 .debug_frame   0x0000095c      0x1f8 .\CortexM3\ARM_GCC_541\Debug\Design01.a(cyPm.o)
 .debug_frame   0x00000b54      0x1e8 .\CortexM3\ARM_GCC_541\Debug\Design01.a(LCD.o)
 .debug_frame   0x00000d3c       0x50 .\CortexM3\ARM_GCC_541\Debug\Design01.a(LED.o)
 .debug_frame   0x00000d8c       0xe0 .\CortexM3\ARM_GCC_541\Debug\Design01.a(timer_clock.o)
 .debug_frame   0x00000e6c       0x50 .\CortexM3\ARM_GCC_541\Debug\Design01.a(Reset_PWM.o)
 .debug_frame   0x00000ebc      0x104 .\CortexM3\ARM_GCC_541\Debug\Design01.a(isr_Aumentar.o)
 .debug_frame   0x00000fc0      0x104 .\CortexM3\ARM_GCC_541\Debug\Design01.a(isr_Disminuir.o)
 .debug_frame   0x000010c4      0x134 .\CortexM3\ARM_GCC_541\Debug\Design01.a(PWM_Motor.o)
 .debug_frame   0x000011f8       0xdc .\CortexM3\ARM_GCC_541\Debug\Design01.a(QuadDec.o)
 .debug_frame   0x000012d4      0x134 .\CortexM3\ARM_GCC_541\Debug\Design01.a(QuadDec_Cnt16.o)
 .debug_frame   0x00001408      0x104 .\CortexM3\ARM_GCC_541\Debug\Design01.a(isr_Ts.o)
 .debug_frame   0x0000150c      0x108 .\CortexM3\ARM_GCC_541\Debug\Design01.a(Timer.o)
 .debug_frame   0x00001614      0x194 .\CortexM3\ARM_GCC_541\Debug\Design01.a(CyFlash.o)
 .debug_frame   0x000017a8      0x180 .\CortexM3\ARM_GCC_541\Debug\Design01.a(CySpc.o)
 .debug_frame   0x00001928       0x20 c:/program files (x86)/cypress/psoc creator/4.2/psoc creator/import/gnu/arm/5.4.1/bin/../lib/gcc/arm-none-eabi/5.4.1/../../../../arm-none-eabi/lib/armv7-m\libg_nano.a(lib_a-errno.o)
 .debug_frame   0x00001948       0x28 c:/program files (x86)/cypress/psoc creator/4.2/psoc creator/import/gnu/arm/5.4.1/bin/../lib/gcc/arm-none-eabi/5.4.1/../../../../arm-none-eabi/lib/armv7-m\libg_nano.a(lib_a-exit.o)
 .debug_frame   0x00001970       0x2c c:/program files (x86)/cypress/psoc creator/4.2/psoc creator/import/gnu/arm/5.4.1/bin/../lib/gcc/arm-none-eabi/5.4.1/../../../../arm-none-eabi/lib/armv7-m\libg_nano.a(lib_a-init.o)
 .debug_frame   0x0000199c       0x28 c:/program files (x86)/cypress/psoc creator/4.2/psoc creator/import/gnu/arm/5.4.1/bin/../lib/gcc/arm-none-eabi/5.4.1/../../../../arm-none-eabi/lib/armv7-m\libg_nano.a(lib_a-memcpy-stub.o)
 .debug_frame   0x000019c4       0x20 c:/program files (x86)/cypress/psoc creator/4.2/psoc creator/import/gnu/arm/5.4.1/bin/../lib/gcc/arm-none-eabi/5.4.1/../../../../arm-none-eabi/lib/armv7-m\libg_nano.a(lib_a-memset.o)

.debug_str      0x00000000     0x205c
 *(.debug_str)
 .debug_str     0x00000000      0x2bc .\CortexM3\ARM_GCC_541\Debug\main.o
                                0x30a (size before relaxing)
 .debug_str     0x000002bc      0x186 .\CortexM3\ARM_GCC_541\Debug\cyfitter_cfg.o
                                0x322 (size before relaxing)
 .debug_str     0x00000442       0x7f .\CortexM3\ARM_GCC_541\Debug\cymetadata.o
                                0x1f1 (size before relaxing)
 .debug_str     0x000004c1      0x13e .\CortexM3\ARM_GCC_541\Debug\Cm3Start.o
                                0x317 (size before relaxing)
 .debug_str     0x000005ff      0x845 .\CortexM3\ARM_GCC_541\Debug\Design01.a(CyLib.o)
                                0xa54 (size before relaxing)
 .debug_str     0x00000e44      0x365 .\CortexM3\ARM_GCC_541\Debug\Design01.a(cyPm.o)
                                0x740 (size before relaxing)
 .debug_str     0x000011a9      0x11d .\CortexM3\ARM_GCC_541\Debug\Design01.a(LCD.o)
                                0x338 (size before relaxing)
 .debug_str     0x000012c6       0x52 .\CortexM3\ARM_GCC_541\Debug\Design01.a(LED.o)
                                0x1e5 (size before relaxing)
 .debug_str     0x00001318      0x180 .\CortexM3\ARM_GCC_541\Debug\Design01.a(timer_clock.o)
                                0x32b (size before relaxing)
 .debug_str     0x00001498       0x5f .\CortexM3\ARM_GCC_541\Debug\Design01.a(Reset_PWM.o)
                                0x203 (size before relaxing)
 .debug_str     0x000014f7      0x133 .\CortexM3\ARM_GCC_541\Debug\Design01.a(isr_Aumentar.o)
                                0x315 (size before relaxing)
 .debug_str     0x0000162a      0x140 .\CortexM3\ARM_GCC_541\Debug\Design01.a(isr_Disminuir.o)
                                0x323 (size before relaxing)
 .debug_str     0x0000176a      0x1b3 .\CortexM3\ARM_GCC_541\Debug\Design01.a(PWM_Motor.o)
                                0x3b7 (size before relaxing)
 .debug_str     0x0000191d      0x112 .\CortexM3\ARM_GCC_541\Debug\Design01.a(QuadDec.o)
                                0x32a (size before relaxing)
 .debug_str     0x00001a2f      0x1b0 .\CortexM3\ARM_GCC_541\Debug\Design01.a(QuadDec_Cnt16.o)
                                0x3fd (size before relaxing)
 .debug_str     0x00001bdf       0xe5 .\CortexM3\ARM_GCC_541\Debug\Design01.a(isr_Ts.o)
                                0x2c1 (size before relaxing)
 .debug_str     0x00001cc4      0x131 .\CortexM3\ARM_GCC_541\Debug\Design01.a(Timer.o)
                                0x302 (size before relaxing)
 .debug_str     0x00001df5      0x1bb .\CortexM3\ARM_GCC_541\Debug\Design01.a(CyFlash.o)
                                0x3cd (size before relaxing)
 .debug_str     0x00001fb0       0xac .\CortexM3\ARM_GCC_541\Debug\Design01.a(CySpc.o)
                                0x345 (size before relaxing)

.debug_loc      0x00000000     0x211a
 *(.debug_loc)
 .debug_loc     0x00000000      0x1d7 .\CortexM3\ARM_GCC_541\Debug\cyfitter_cfg.o
 .debug_loc     0x000001d7      0x144 .\CortexM3\ARM_GCC_541\Debug\Cm3Start.o
 .debug_loc     0x0000031b      0xa11 .\CortexM3\ARM_GCC_541\Debug\Design01.a(CyLib.o)
 .debug_loc     0x00000d2c      0x1e4 .\CortexM3\ARM_GCC_541\Debug\Design01.a(cyPm.o)
 .debug_loc     0x00000f10      0x3c6 .\CortexM3\ARM_GCC_541\Debug\Design01.a(LCD.o)
 .debug_loc     0x000012d6       0x42 .\CortexM3\ARM_GCC_541\Debug\Design01.a(LED.o)
 .debug_loc     0x00001318      0x12c .\CortexM3\ARM_GCC_541\Debug\Design01.a(timer_clock.o)
 .debug_loc     0x00001444       0x42 .\CortexM3\ARM_GCC_541\Debug\Design01.a(Reset_PWM.o)
 .debug_loc     0x00001486       0x56 .\CortexM3\ARM_GCC_541\Debug\Design01.a(isr_Aumentar.o)
 .debug_loc     0x000014dc       0x56 .\CortexM3\ARM_GCC_541\Debug\Design01.a(isr_Disminuir.o)
 .debug_loc     0x00001532       0x26 .\CortexM3\ARM_GCC_541\Debug\Design01.a(PWM_Motor.o)
 .debug_loc     0x00001558       0x78 .\CortexM3\ARM_GCC_541\Debug\Design01.a(QuadDec.o)
 .debug_loc     0x000015d0       0x3d .\CortexM3\ARM_GCC_541\Debug\Design01.a(QuadDec_Cnt16.o)
 .debug_loc     0x0000160d       0x56 .\CortexM3\ARM_GCC_541\Debug\Design01.a(isr_Ts.o)
 .debug_loc     0x00001663      0x3b2 .\CortexM3\ARM_GCC_541\Debug\Design01.a(CyFlash.o)
 .debug_loc     0x00001a15      0x705 .\CortexM3\ARM_GCC_541\Debug\Design01.a(CySpc.o)

.debug_macinfo
 *(.debug_macinfo)

.debug_ranges   0x00000000      0x908
 *(.debug_ranges)
 .debug_ranges  0x00000000       0x28 .\CortexM3\ARM_GCC_541\Debug\main.o
 .debug_ranges  0x00000028       0x48 .\CortexM3\ARM_GCC_541\Debug\cyfitter_cfg.o
 .debug_ranges  0x00000070       0x38 .\CortexM3\ARM_GCC_541\Debug\Cm3Start.o
 .debug_ranges  0x000000a8      0x290 .\CortexM3\ARM_GCC_541\Debug\Design01.a(CyLib.o)
 .debug_ranges  0x00000338       0x88 .\CortexM3\ARM_GCC_541\Debug\Design01.a(cyPm.o)
 .debug_ranges  0x000003c0       0x88 .\CortexM3\ARM_GCC_541\Debug\Design01.a(LCD.o)
 .debug_ranges  0x00000448       0x28 .\CortexM3\ARM_GCC_541\Debug\Design01.a(LED.o)
 .debug_ranges  0x00000470       0x60 .\CortexM3\ARM_GCC_541\Debug\Design01.a(timer_clock.o)
 .debug_ranges  0x000004d0       0x28 .\CortexM3\ARM_GCC_541\Debug\Design01.a(Reset_PWM.o)
 .debug_ranges  0x000004f8       0x70 .\CortexM3\ARM_GCC_541\Debug\Design01.a(isr_Aumentar.o)
 .debug_ranges  0x00000568       0x70 .\CortexM3\ARM_GCC_541\Debug\Design01.a(isr_Disminuir.o)
 .debug_ranges  0x000005d8       0x88 .\CortexM3\ARM_GCC_541\Debug\Design01.a(PWM_Motor.o)
 .debug_ranges  0x00000660       0x50 .\CortexM3\ARM_GCC_541\Debug\Design01.a(QuadDec.o)
 .debug_ranges  0x000006b0       0x88 .\CortexM3\ARM_GCC_541\Debug\Design01.a(QuadDec_Cnt16.o)
 .debug_ranges  0x00000738       0x70 .\CortexM3\ARM_GCC_541\Debug\Design01.a(isr_Ts.o)
 .debug_ranges  0x000007a8       0x78 .\CortexM3\ARM_GCC_541\Debug\Design01.a(Timer.o)
 .debug_ranges  0x00000820       0x78 .\CortexM3\ARM_GCC_541\Debug\Design01.a(CyFlash.o)
 .debug_ranges  0x00000898       0x70 .\CortexM3\ARM_GCC_541\Debug\Design01.a(CySpc.o)

.comment        0x00000000       0x6e
 .comment       0x00000000       0x6e .\CortexM3\ARM_GCC_541\Debug\main.o
                                 0x6f (size before relaxing)
 .comment       0x0000006e       0x6f .\CortexM3\ARM_GCC_541\Debug\cyfitter_cfg.o
 .comment       0x0000006e       0x6f .\CortexM3\ARM_GCC_541\Debug\cymetadata.o
 .comment       0x0000006e       0x6f .\CortexM3\ARM_GCC_541\Debug\Cm3Start.o
 .comment       0x0000006e       0x6f .\CortexM3\ARM_GCC_541\Debug\Design01.a(CyLib.o)
 .comment       0x0000006e       0x6f .\CortexM3\ARM_GCC_541\Debug\Design01.a(cyPm.o)
 .comment       0x0000006e       0x6f .\CortexM3\ARM_GCC_541\Debug\Design01.a(LCD.o)
 .comment       0x0000006e       0x6f .\CortexM3\ARM_GCC_541\Debug\Design01.a(LED.o)
 .comment       0x0000006e       0x6f .\CortexM3\ARM_GCC_541\Debug\Design01.a(timer_clock.o)
 .comment       0x0000006e       0x6f .\CortexM3\ARM_GCC_541\Debug\Design01.a(Reset_PWM.o)
 .comment       0x0000006e       0x6f .\CortexM3\ARM_GCC_541\Debug\Design01.a(isr_Aumentar.o)
 .comment       0x0000006e       0x6f .\CortexM3\ARM_GCC_541\Debug\Design01.a(isr_Disminuir.o)
 .comment       0x0000006e       0x6f .\CortexM3\ARM_GCC_541\Debug\Design01.a(PWM_Motor.o)
 .comment       0x0000006e       0x6f .\CortexM3\ARM_GCC_541\Debug\Design01.a(QuadDec.o)
 .comment       0x0000006e       0x6f .\CortexM3\ARM_GCC_541\Debug\Design01.a(QuadDec_Cnt16.o)
 .comment       0x0000006e       0x6f .\CortexM3\ARM_GCC_541\Debug\Design01.a(isr_Ts.o)
 .comment       0x0000006e       0x6f .\CortexM3\ARM_GCC_541\Debug\Design01.a(Timer.o)
 .comment       0x0000006e       0x6f .\CortexM3\ARM_GCC_541\Debug\Design01.a(CyFlash.o)
 .comment       0x0000006e       0x6f .\CortexM3\ARM_GCC_541\Debug\Design01.a(CySpc.o)

.debug_weaknames
 *(.debug_weaknames)

.debug_funcnames
 *(.debug_funcnames)

.debug_typenames
 *(.debug_typenames)

.debug_varnames
 *(.debug_varnames)

.note.gnu.arm.ident
 *(.note.gnu.arm.ident)

.ARM.attributes
                0x00000000       0x29
 *(.ARM.attributes)
 .ARM.attributes
                0x00000000       0x1d c:/program files (x86)/cypress/psoc creator/4.2/psoc creator/import/gnu/arm/5.4.1/bin/../lib/gcc/arm-none-eabi/5.4.1/armv7-m/crti.o
 .ARM.attributes
                0x0000001d       0x2d c:/program files (x86)/cypress/psoc creator/4.2/psoc creator/import/gnu/arm/5.4.1/bin/../lib/gcc/arm-none-eabi/5.4.1/armv7-m/crtbegin.o
 .ARM.attributes
                0x0000004a       0x1b c:/program files (x86)/cypress/psoc creator/4.2/psoc creator/import/gnu/arm/5.4.1/bin/../lib/gcc/arm-none-eabi/5.4.1/../../../../arm-none-eabi/lib/armv7-m/crt0.o
 .ARM.attributes
                0x00000065       0x33 .\CortexM3\ARM_GCC_541\Debug\main.o
 .ARM.attributes
                0x00000098       0x33 .\CortexM3\ARM_GCC_541\Debug\cyfitter_cfg.o
 .ARM.attributes
                0x000000cb       0x33 .\CortexM3\ARM_GCC_541\Debug\cymetadata.o
 .ARM.attributes
                0x000000fe       0x33 .\CortexM3\ARM_GCC_541\Debug\Cm3Start.o
 .ARM.attributes
                0x00000131       0x33 .\CortexM3\ARM_GCC_541\Debug\Design01.a(CyLib.o)
 .ARM.attributes
                0x00000164       0x33 .\CortexM3\ARM_GCC_541\Debug\Design01.a(cyPm.o)
 .ARM.attributes
                0x00000197       0x33 .\CortexM3\ARM_GCC_541\Debug\Design01.a(LCD.o)
 .ARM.attributes
                0x000001ca       0x33 .\CortexM3\ARM_GCC_541\Debug\Design01.a(LED.o)
 .ARM.attributes
                0x000001fd       0x33 .\CortexM3\ARM_GCC_541\Debug\Design01.a(timer_clock.o)
 .ARM.attributes
                0x00000230       0x33 .\CortexM3\ARM_GCC_541\Debug\Design01.a(Reset_PWM.o)
 .ARM.attributes
                0x00000263       0x33 .\CortexM3\ARM_GCC_541\Debug\Design01.a(isr_Aumentar.o)
 .ARM.attributes
                0x00000296       0x33 .\CortexM3\ARM_GCC_541\Debug\Design01.a(isr_Disminuir.o)
 .ARM.attributes
                0x000002c9       0x33 .\CortexM3\ARM_GCC_541\Debug\Design01.a(PWM_Motor.o)
 .ARM.attributes
                0x000002fc       0x33 .\CortexM3\ARM_GCC_541\Debug\Design01.a(QuadDec.o)
 .ARM.attributes
                0x0000032f       0x33 .\CortexM3\ARM_GCC_541\Debug\Design01.a(QuadDec_Cnt16.o)
 .ARM.attributes
                0x00000362       0x33 .\CortexM3\ARM_GCC_541\Debug\Design01.a(isr_Ts.o)
 .ARM.attributes
                0x00000395       0x33 .\CortexM3\ARM_GCC_541\Debug\Design01.a(Timer.o)
 .ARM.attributes
                0x000003c8       0x21 .\CortexM3\ARM_GCC_541\Debug\Design01.a(CyBootAsmGnu.o)
 .ARM.attributes
                0x000003e9       0x33 .\CortexM3\ARM_GCC_541\Debug\Design01.a(CyFlash.o)
 .ARM.attributes
                0x0000041c       0x33 .\CortexM3\ARM_GCC_541\Debug\Design01.a(CySpc.o)
 .ARM.attributes
                0x0000044f       0x2d c:/program files (x86)/cypress/psoc creator/4.2/psoc creator/import/gnu/arm/5.4.1/bin/../lib/gcc/arm-none-eabi/5.4.1/../../../../arm-none-eabi/lib/armv7-m\libg_nano.a(lib_a-errno.o)
 .ARM.attributes
                0x0000047c       0x2d c:/program files (x86)/cypress/psoc creator/4.2/psoc creator/import/gnu/arm/5.4.1/bin/../lib/gcc/arm-none-eabi/5.4.1/../../../../arm-none-eabi/lib/armv7-m\libg_nano.a(lib_a-exit.o)
 .ARM.attributes
                0x000004a9       0x2d c:/program files (x86)/cypress/psoc creator/4.2/psoc creator/import/gnu/arm/5.4.1/bin/../lib/gcc/arm-none-eabi/5.4.1/../../../../arm-none-eabi/lib/armv7-m\libg_nano.a(lib_a-impure.o)
 .ARM.attributes
                0x000004d6       0x2d c:/program files (x86)/cypress/psoc creator/4.2/psoc creator/import/gnu/arm/5.4.1/bin/../lib/gcc/arm-none-eabi/5.4.1/../../../../arm-none-eabi/lib/armv7-m\libg_nano.a(lib_a-init.o)
 .ARM.attributes
                0x00000503       0x2d c:/program files (x86)/cypress/psoc creator/4.2/psoc creator/import/gnu/arm/5.4.1/bin/../lib/gcc/arm-none-eabi/5.4.1/../../../../arm-none-eabi/lib/armv7-m\libg_nano.a(lib_a-memcpy-stub.o)
 .ARM.attributes
                0x00000530       0x2d c:/program files (x86)/cypress/psoc creator/4.2/psoc creator/import/gnu/arm/5.4.1/bin/../lib/gcc/arm-none-eabi/5.4.1/../../../../arm-none-eabi/lib/armv7-m\libg_nano.a(lib_a-memset.o)
 .ARM.attributes
                0x0000055d       0x2d c:/program files (x86)/cypress/psoc creator/4.2/psoc creator/import/gnu/arm/5.4.1/bin/../lib/gcc/arm-none-eabi/5.4.1/armv7-m/crtend.o
 .ARM.attributes
                0x0000058a       0x1d c:/program files (x86)/cypress/psoc creator/4.2/psoc creator/import/gnu/arm/5.4.1/bin/../lib/gcc/arm-none-eabi/5.4.1/armv7-m/crtn.o

/DISCARD/
 *(.note.GNU-stack)
OUTPUT(C:\Users\Darwin\Desktop\matlab lab control\Proyecto\Workspace01\Design01.cydsn\CortexM3\ARM_GCC_541\Debug\Design01.elf elf32-littlearm)
