Archive member included to satisfy reference by file (symbol)

.\CortexM3\ARM_GCC_541\Debug\Design01.a(CyLib.o)
                              .\CortexM3\ARM_GCC_541\Debug\Cm3Start.o (CyHalt)
.\CortexM3\ARM_GCC_541\Debug\Design01.a(cyPm.o)
                              .\CortexM3\ARM_GCC_541\Debug\Design01.a(CyLib.o) (CyPmReadStatus)
.\CortexM3\ARM_GCC_541\Debug\Design01.a(LCD.o)
                              .\CortexM3\ARM_GCC_541\Debug\main.o (LCD_PrintString)
.\CortexM3\ARM_GCC_541\Debug\Design01.a(LED.o)
                              .\CortexM3\ARM_GCC_541\Debug\main.o (LED_Write)
.\CortexM3\ARM_GCC_541\Debug\Design01.a(timer_clock.o)
                              .\CortexM3\ARM_GCC_541\Debug\main.o (timer_clock_Start)
.\CortexM3\ARM_GCC_541\Debug\Design01.a(Reset_PWM.o)
                              .\CortexM3\ARM_GCC_541\Debug\main.o (Reset_PWM_Write)
.\CortexM3\ARM_GCC_541\Debug\Design01.a(isr_Aumentar.o)
                              .\CortexM3\ARM_GCC_541\Debug\main.o (isr_Aumentar_StartEx)
.\CortexM3\ARM_GCC_541\Debug\Design01.a(isr_Disminuir.o)
                              .\CortexM3\ARM_GCC_541\Debug\main.o (isr_Disminuir_StartEx)
.\CortexM3\ARM_GCC_541\Debug\Design01.a(PWM_Motor.o)
                              .\CortexM3\ARM_GCC_541\Debug\main.o (PWM_Motor_WriteCompare)
.\CortexM3\ARM_GCC_541\Debug\Design01.a(QuadDec.o)
                              .\CortexM3\ARM_GCC_541\Debug\main.o (QuadDec_GetCounter)
.\CortexM3\ARM_GCC_541\Debug\Design01.a(QuadDec_Cnt16.o)
                              .\CortexM3\ARM_GCC_541\Debug\Design01.a(QuadDec.o) (QuadDec_Cnt16_Stop)
.\CortexM3\ARM_GCC_541\Debug\Design01.a(isr_Ts.o)
                              .\CortexM3\ARM_GCC_541\Debug\main.o (isr_Ts_StartEx)
.\CortexM3\ARM_GCC_541\Debug\Design01.a(Timer.o)
                              .\CortexM3\ARM_GCC_541\Debug\main.o (Timer_Start)
.\CortexM3\ARM_GCC_541\Debug\Design01.a(isr_inicio.o)
                              .\CortexM3\ARM_GCC_541\Debug\main.o (isr_inicio_StartEx)
.\CortexM3\ARM_GCC_541\Debug\Design01.a(Timer_inicio.o)
                              .\CortexM3\ARM_GCC_541\Debug\main.o (Timer_inicio_Start)
.\CortexM3\ARM_GCC_541\Debug\Design01.a(Clock_lento.o)
                              .\CortexM3\ARM_GCC_541\Debug\main.o (Clock_lento_Start)
.\CortexM3\ARM_GCC_541\Debug\Design01.a(CyBootAsmGnu.o)
                              .\CortexM3\ARM_GCC_541\Debug\cyfitter_cfg.o (CyDelayCycles)
.\CortexM3\ARM_GCC_541\Debug\Design01.a(CyFlash.o)
                              .\CortexM3\ARM_GCC_541\Debug\Design01.a(cyPm.o) (CyFlash_SetWaitCycles)
.\CortexM3\ARM_GCC_541\Debug\Design01.a(CySpc.o)
                              .\CortexM3\ARM_GCC_541\Debug\Design01.a(CyFlash.o) (CySpcStart)
c:/program files (x86)/cypress/psoc creator/4.2/psoc creator/import/gnu/arm/5.4.1/bin/../lib/gcc/arm-none-eabi/5.4.1/armv7-m\libgcc.a(_arm_addsubsf3.o)
                              .\CortexM3\ARM_GCC_541\Debug\main.o (__aeabi_fsub)
c:/program files (x86)/cypress/psoc creator/4.2/psoc creator/import/gnu/arm/5.4.1/bin/../lib/gcc/arm-none-eabi/5.4.1/armv7-m\libgcc.a(_arm_muldivsf3.o)
                              .\CortexM3\ARM_GCC_541\Debug\main.o (__aeabi_fmul)
c:/program files (x86)/cypress/psoc creator/4.2/psoc creator/import/gnu/arm/5.4.1/bin/../lib/gcc/arm-none-eabi/5.4.1/armv7-m\libgcc.a(_arm_cmpsf2.o)
                              .\CortexM3\ARM_GCC_541\Debug\main.o (__aeabi_fcmplt)
c:/program files (x86)/cypress/psoc creator/4.2/psoc creator/import/gnu/arm/5.4.1/bin/../lib/gcc/arm-none-eabi/5.4.1/armv7-m\libgcc.a(_arm_fixsfsi.o)
                              .\CortexM3\ARM_GCC_541\Debug\main.o (__aeabi_f2iz)
c:/program files (x86)/cypress/psoc creator/4.2/psoc creator/import/gnu/arm/5.4.1/bin/../lib/gcc/arm-none-eabi/5.4.1/../../../../arm-none-eabi/lib/armv7-m\libg_nano.a(lib_a-errno.o)
                              .\CortexM3\ARM_GCC_541\Debug\Cm3Start.o (__errno)
c:/program files (x86)/cypress/psoc creator/4.2/psoc creator/import/gnu/arm/5.4.1/bin/../lib/gcc/arm-none-eabi/5.4.1/../../../../arm-none-eabi/lib/armv7-m\libg_nano.a(lib_a-exit.o)
                              c:/program files (x86)/cypress/psoc creator/4.2/psoc creator/import/gnu/arm/5.4.1/bin/../lib/gcc/arm-none-eabi/5.4.1/../../../../arm-none-eabi/lib/armv7-m/crt0.o (exit)
c:/program files (x86)/cypress/psoc creator/4.2/psoc creator/import/gnu/arm/5.4.1/bin/../lib/gcc/arm-none-eabi/5.4.1/../../../../arm-none-eabi/lib/armv7-m\libg_nano.a(lib_a-impure.o)
                              c:/program files (x86)/cypress/psoc creator/4.2/psoc creator/import/gnu/arm/5.4.1/bin/../lib/gcc/arm-none-eabi/5.4.1/../../../../arm-none-eabi/lib/armv7-m\libg_nano.a(lib_a-exit.o) (_global_impure_ptr)
c:/program files (x86)/cypress/psoc creator/4.2/psoc creator/import/gnu/arm/5.4.1/bin/../lib/gcc/arm-none-eabi/5.4.1/../../../../arm-none-eabi/lib/armv7-m\libg_nano.a(lib_a-init.o)
[...]
Memory Configuration

Name             Origin             Length             Attributes
rom              0x00000000         0x00040000         xr
ram              0x1fff8000         0x00010000         xrw
*default*        0x00000000         0xffffffff

Linker script and memory map

LOAD c:/program files (x86)/cypress/psoc creator/4.2/psoc creator/import/gnu/arm/5.4.1/bin/../lib/gcc/arm-none-eabi/5.4.1/armv7-m/crti.o
LOAD c:/program files (x86)/cypress/psoc creator/4.2/psoc creator/import/gnu/arm/5.4.1/bin/../lib/gcc/arm-none-eabi/5.4.1/armv7-m/crtbegin.o
LOAD c:/program files (x86)/cypress/psoc creator/4.2/psoc creator/import/gnu/arm/5.4.1/bin/../lib/gcc/arm-none-eabi/5.4.1/../../../../arm-none-eabi/lib/armv7-m/crt0.o
START GROUP
LOAD .\CortexM3\ARM_GCC_541\Debug\main.o
LOAD .\CortexM3\ARM_GCC_541\Debug\cyfitter_cfg.o
LOAD .\CortexM3\ARM_GCC_541\Debug\cymetadata.o
LOAD .\CortexM3\ARM_GCC_541\Debug\Cm3Start.o
LOAD .\CortexM3\ARM_GCC_541\Debug\Design01.a
LOAD C:\Program Files (x86)\Cypress\PSoC Creator\4.2\PSoC Creator\psoc\content\cycomponentlibrary\CyComponentLibrary.cylib\CortexM3\ARM_GCC_541\Debug\CyComponentLibrary.a
END GROUP
START GROUP
LOAD c:/program files (x86)/cypress/psoc creator/4.2/psoc creator/import/gnu/arm/5.4.1/bin/../lib/gcc/arm-none-eabi/5.4.1/armv7-m\libgcc.a
LOAD c:/program files (x86)/cypress/psoc creator/4.2/psoc creator/import/gnu/arm/5.4.1/bin/../lib/gcc/arm-none-eabi/5.4.1/../../../../arm-none-eabi/lib/armv7-m\libg_nano.a
LOAD c:/program files (x86)/cypress/psoc creator/4.2/psoc creator/import/gnu/arm/5.4.1/bin/../lib/gcc/arm-none-eabi/5.4.1/../../../../arm-none-eabi/lib/armv7-m\libc_nano.a
END GROUP
START GROUP
LOAD c:/program files (x86)/cypress/psoc creator/4.2/psoc creator/import/gnu/arm/5.4.1/bin/../lib/gcc/arm-none-eabi/5.4.1/armv7-m\libgcc.a
LOAD c:/program files (x86)/cypress/psoc creator/4.2/psoc creator/import/gnu/arm/5.4.1/bin/../lib/gcc/arm-none-eabi/5.4.1/../../../../arm-none-eabi/lib/armv7-m\libc_nano.a
END GROUP
LOAD c:/program files (x86)/cypress/psoc creator/4.2/psoc creator/import/gnu/arm/5.4.1/bin/../lib/gcc/arm-none-eabi/5.4.1/armv7-m/crtend.o
LOAD c:/program files (x86)/cypress/psoc creator/4.2/psoc creator/import/gnu/arm/5.4.1/bin/../lib/gcc/arm-none-eabi/5.4.1/armv7-m/crtn.o
START GROUP
LOAD c:/program files (x86)/cypress/psoc creator/4.2/psoc creator/import/gnu/arm/5.4.1/bin/../lib/gcc/arm-none-eabi/5.4.1/armv7-m\libgcc.a
LOAD c:/program files (x86)/cypress/psoc creator/4.2/psoc creator/import/gnu/arm/5.4.1/bin/../lib/gcc/arm-none-eabi/5.4.1/../../../../arm-none-eabi/lib/armv7-m\libc.a
LOAD c:/program files (x86)/cypress/psoc creator/4.2/psoc creator/import/gnu/arm/5.4.1/bin/../lib/gcc/arm-none-eabi/5.4.1/../../../../arm-none-eabi/lib/armv7-m\libnosys.a
END GROUP
                0x00000000                CY_APPL_ORIGIN = 0x0
                0x00000100                CY_FLASH_ROW_SIZE = 0x100
                0x00000020                CY_ECC_ROW_SIZE = 0x20
                0x00000000                CY_EE_IN_BTLDR = 0x0
                0x00000000                CY_APPL_LOADABLE = 0x0
                0x00000800                CY_EE_SIZE = 0x800
                0x00000001                CY_APPL_NUM = 0x1
                0x00000001                CY_APPL_MAX = 0x1
                0x00000040                CY_METADATA_SIZE = 0x40
                0x00000000                CY_APPL_LOADABLE = 0x0
                0x00000000                CY_CHECKSUM_EXCLUDE_SIZE = ALIGN (0x0, CY_FLASH_ROW_SIZE)
                [!provide]                PROVIDE (__cy_heap_start, _end)
                0x00000001                PROVIDE (__cy_region_num, ((__cy_regions_end - __cy_regions) / 0x10))
                0x20008000                PROVIDE (__cy_stack, (ORIGIN (ram) + LENGTH (ram)))
                [!provide]                PROVIDE (__cy_heap_end, (__cy_stack - 0x800))

.cybootloader   0x00000000        0x0
 *(.cybootloader)
                0x00000000                appl1_start = CY_APPL_ORIGIN?CY_APPL_ORIGIN:ALIGN (CY_FLASH_ROW_SIZE)
                0x0001ff00                appl2_start = (appl1_start + ALIGN ((((LENGTH (rom) - appl1_start) - (0x2 * CY_FLASH_ROW_SIZE)) / 0x2), CY_FLASH_ROW_SIZE))
                0x00000000                appl_start = (CY_APPL_NUM == 0x1)?appl1_start:appl2_start
                0x00000000                ecc_offset = ((appl_start / CY_FLASH_ROW_SIZE) * CY_ECC_ROW_SIZE)
                0x00000000                ee_offset = (CY_APPL_LOADABLE && ! (CY_EE_IN_BTLDR))?((CY_EE_SIZE / CY_APPL_MAX) * (CY_APPL_NUM - 0x1)):0x0
                0x00000800                ee_size = (CY_APPL_LOADABLE && ! (CY_EE_IN_BTLDR))?(CY_EE_SIZE / CY_APPL_MAX):CY_EE_SIZE
                [!provide]                PROVIDE (CY_ECC_OFFSET, ecc_offset)

.text           0x00000000     0x1652
 CREATE_OBJECT_SYMBOLS
                0x00000000                PROVIDE (__cy_interrupt_vector, RomVectors)
 *(.romvectors)
 .romvectors    0x00000000       0x10 .\CortexM3\ARM_GCC_541\Debug\Cm3Start.o
                0x00000000                RomVectors
                0x00000001                ASSERT ((. != __cy_interrupt_vector), No interrupt vector)
                0x00000001                ASSERT (CY_APPL_ORIGIN?(SIZEOF (.cybootloader) <= CY_APPL_ORIGIN):0x1, Wrong image location)
                0x00000010                PROVIDE (__cy_reset, Reset)
 *(.text.Reset)
 .text.Reset    0x00000010       0x18 .\CortexM3\ARM_GCC_541\Debug\Cm3Start.o
                0x00000010                Reset
                0x00000001                ASSERT ((. != __cy_reset), No reset code)
 *(.dma_init)
                0x00000001                ASSERT ((((appl_start + .) <= 0x10000) || 0x1), DMA Init must be within the first 64k of flash)
 *(.text .text.* .gnu.linkonce.t.*)
 .text          0x00000028       0x5c c:/program files (x86)/cypress/psoc creator/4.2/psoc creator/import/gnu/arm/5.4.1/bin/../lib/gcc/arm-none-eabi/5.4.1/armv7-m/crtbegin.o
 .text.inicio   0x00000084        0xc .\CortexM3\ARM_GCC_541\Debug\main.o
                0x00000084                inicio
 .text.AumentarInt
                0x00000090       0x88 .\CortexM3\ARM_GCC_541\Debug\main.o
                0x00000090                AumentarInt
 .text.DisminuirInt
                0x00000118       0x88 .\CortexM3\ARM_GCC_541\Debug\main.o
                0x00000118                DisminuirInt
 .text.Muestreo
                0x000001a0      0x174 .\CortexM3\ARM_GCC_541\Debug\main.o
                0x000001a0                Muestreo
 .text.main     0x00000314       0xb0 .\CortexM3\ARM_GCC_541\Debug\main.o
                0x00000314                main
 .text.CyClockStartupError
                0x000003c4        0x4 .\CortexM3\ARM_GCC_541\Debug\cyfitter_cfg.o
 .text.cfg_write_bytes32
                0x000003c8       0x34 .\CortexM3\ARM_GCC_541\Debug\cyfitter_cfg.o
 .text.AnalogSetDefault
                0x000003fc       0x28 .\CortexM3\ARM_GCC_541\Debug\cyfitter_cfg.o
 .text.CYMEMZERO
                0x00000424        0xc .\CortexM3\ARM_GCC_541\Debug\cyfitter_cfg.o
 .text.ClockSetup
                0x00000430       0xc8 .\CortexM3\ARM_GCC_541\Debug\cyfitter_cfg.o
 .text.CYCONFIGCPY
                0x000004f8        0x8 .\CortexM3\ARM_GCC_541\Debug\cyfitter_cfg.o
 .text.cyfitter_cfg
                0x00000500      0x140 .\CortexM3\ARM_GCC_541\Debug\cyfitter_cfg.o
                0x00000500                cyfitter_cfg
 .text.IntDefaultHandler
                0x00000640       0x10 .\CortexM3\ARM_GCC_541\Debug\Cm3Start.o
                0x00000640                IntDefaultHandler
 .text.Start_c  0x00000650       0x4c .\CortexM3\ARM_GCC_541\Debug\Cm3Start.o
                0x00000650                Start_c
 .text.initialize_psoc
                0x0000069c       0x68 .\CortexM3\ARM_GCC_541\Debug\Cm3Start.o
                0x0000069c                initialize_psoc
 .text.CyDelay  0x00000704       0x2c .\CortexM3\ARM_GCC_541\Debug\Design01.a(CyLib.o)
                0x00000704                CyDelay
 .text.CyDelayUs
                0x00000730       0x14 .\CortexM3\ARM_GCC_541\Debug\Design01.a(CyLib.o)
                0x00000730                CyDelayUs
 .text.LCD_WrCntrlNib
                0x00000744       0x34 .\CortexM3\ARM_GCC_541\Debug\Design01.a(LCD.o)
 .text.LCD_WrDatNib
                0x00000778       0x44 .\CortexM3\ARM_GCC_541\Debug\Design01.a(LCD.o)
 .text.LCD_IsReady
                0x000007bc       0xe4 .\CortexM3\ARM_GCC_541\Debug\Design01.a(LCD.o)
                0x000007bc                LCD_IsReady
 .text.LCD_WriteData
                0x000008a0       0x18 .\CortexM3\ARM_GCC_541\Debug\Design01.a(LCD.o)
                0x000008a0                LCD_WriteData
 .text.LCD_PrintString
                0x000008b8       0x1c .\CortexM3\ARM_GCC_541\Debug\Design01.a(LCD.o)
                0x000008b8                LCD_PrintString
 .text.LCD_WriteControl
                0x000008d4       0x18 .\CortexM3\ARM_GCC_541\Debug\Design01.a(LCD.o)
                0x000008d4                LCD_WriteControl
 .text.LCD_Init
                0x000008ec       0x6c .\CortexM3\ARM_GCC_541\Debug\Design01.a(LCD.o)
                0x000008ec                LCD_Init
 .text.LCD_Enable
                0x00000958       0x14 .\CortexM3\ARM_GCC_541\Debug\Design01.a(LCD.o)
                0x00000958                LCD_Enable
 .text.LCD_Start
                0x0000096c       0x1c .\CortexM3\ARM_GCC_541\Debug\Design01.a(LCD.o)
                0x0000096c                LCD_Start
 .text.LCD_Position
                0x00000988       0x3c .\CortexM3\ARM_GCC_541\Debug\Design01.a(LCD.o)
                0x00000988                LCD_Position
 .text.LCD_PrintU32Number
                0x000009c4       0x64 .\CortexM3\ARM_GCC_541\Debug\Design01.a(LCD.o)
                0x000009c4                LCD_PrintU32Number
 .text.LED_Write
                0x00000a28       0x18 .\CortexM3\ARM_GCC_541\Debug\Design01.a(LED.o)
                0x00000a28                LED_Write
 .text.timer_clock_Start
                0x00000a40       0x1c .\CortexM3\ARM_GCC_541\Debug\Design01.a(timer_clock.o)
                0x00000a40                timer_clock_Start
 .text.Reset_PWM_Write
                0x00000a5c       0x18 .\CortexM3\ARM_GCC_541\Debug\Design01.a(Reset_PWM.o)
                0x00000a5c                Reset_PWM_Write
 .text.isr_Aumentar_SetVector
                0x00000a74        0xc .\CortexM3\ARM_GCC_541\Debug\Design01.a(isr_Aumentar.o)
                0x00000a74                isr_Aumentar_SetVector
 .text.isr_Aumentar_SetPriority
                0x00000a80       0x10 .\CortexM3\ARM_GCC_541\Debug\Design01.a(isr_Aumentar.o)
                0x00000a80                isr_Aumentar_SetPriority
 .text.isr_Aumentar_Enable
                0x00000a90        0xc .\CortexM3\ARM_GCC_541\Debug\Design01.a(isr_Aumentar.o)
                0x00000a90                isr_Aumentar_Enable
 .text.isr_Aumentar_Disable
                0x00000a9c        0xc .\CortexM3\ARM_GCC_541\Debug\Design01.a(isr_Aumentar.o)
                0x00000a9c                isr_Aumentar_Disable
 .text.isr_Aumentar_StartEx
                0x00000aa8       0x1c .\CortexM3\ARM_GCC_541\Debug\Design01.a(isr_Aumentar.o)
                0x00000aa8                isr_Aumentar_StartEx
 .text.isr_Disminuir_SetVector
                0x00000ac4        0xc .\CortexM3\ARM_GCC_541\Debug\Design01.a(isr_Disminuir.o)
                0x00000ac4                isr_Disminuir_SetVector
 .text.isr_Disminuir_SetPriority
                0x00000ad0       0x10 .\CortexM3\ARM_GCC_541\Debug\Design01.a(isr_Disminuir.o)
                0x00000ad0                isr_Disminuir_SetPriority
 .text.isr_Disminuir_Enable
                0x00000ae0        0xc .\CortexM3\ARM_GCC_541\Debug\Design01.a(isr_Disminuir.o)
                0x00000ae0                isr_Disminuir_Enable
 .text.isr_Disminuir_Disable
                0x00000aec        0xc .\CortexM3\ARM_GCC_541\Debug\Design01.a(isr_Disminuir.o)
                0x00000aec                isr_Disminuir_Disable
 .text.isr_Disminuir_StartEx
                0x00000af8       0x1c .\CortexM3\ARM_GCC_541\Debug\Design01.a(isr_Disminuir.o)
                0x00000af8                isr_Disminuir_StartEx
 .text.PWM_Motor_Enable
                0x00000b14       0x10 .\CortexM3\ARM_GCC_541\Debug\Design01.a(PWM_Motor.o)
                0x00000b14                PWM_Motor_Enable
 .text.PWM_Motor_WriteCounter
                0x00000b24        0xc .\CortexM3\ARM_GCC_541\Debug\Design01.a(PWM_Motor.o)
                0x00000b24                PWM_Motor_WriteCounter
 .text.PWM_Motor_WritePeriod
                0x00000b30        0xc .\CortexM3\ARM_GCC_541\Debug\Design01.a(PWM_Motor.o)
                0x00000b30                PWM_Motor_WritePeriod
 .text.PWM_Motor_WriteCompare
                0x00000b3c        0xc .\CortexM3\ARM_GCC_541\Debug\Design01.a(PWM_Motor.o)
                0x00000b3c                PWM_Motor_WriteCompare
 .text.PWM_Motor_SetInterruptMode
                0x00000b48        0xc .\CortexM3\ARM_GCC_541\Debug\Design01.a(PWM_Motor.o)
                0x00000b48                PWM_Motor_SetInterruptMode
 .text.PWM_Motor_ReadStatusRegister
                0x00000b54        0xc .\CortexM3\ARM_GCC_541\Debug\Design01.a(PWM_Motor.o)
                0x00000b54                PWM_Motor_ReadStatusRegister
 .text.PWM_Motor_ReadCapture
                0x00000b60        0xc .\CortexM3\ARM_GCC_541\Debug\Design01.a(PWM_Motor.o)
                0x00000b60                PWM_Motor_ReadCapture
 .text.PWM_Motor_ClearFIFO
                0x00000b6c       0x14 .\CortexM3\ARM_GCC_541\Debug\Design01.a(PWM_Motor.o)
                0x00000b6c                PWM_Motor_ClearFIFO
 .text.PWM_Motor_Init
                0x00000b80       0x60 .\CortexM3\ARM_GCC_541\Debug\Design01.a(PWM_Motor.o)
                0x00000b80                PWM_Motor_Init
 .text.PWM_Motor_Start
                0x00000be0       0x1c .\CortexM3\ARM_GCC_541\Debug\Design01.a(PWM_Motor.o)
                0x00000be0                PWM_Motor_Start
 .text.QuadDec_GetCounter
                0x00000bfc       0x10 .\CortexM3\ARM_GCC_541\Debug\Design01.a(QuadDec.o)
                0x00000bfc                QuadDec_GetCounter
 .text.QuadDec_GetEvents
                0x00000c0c       0x10 .\CortexM3\ARM_GCC_541\Debug\Design01.a(QuadDec.o)
                0x00000c0c                QuadDec_GetEvents
 .text.QuadDec_SetInterruptMask
                0x00000c1c        0xc .\CortexM3\ARM_GCC_541\Debug\Design01.a(QuadDec.o)
                0x00000c1c                QuadDec_SetInterruptMask
 .text.QuadDec_Enable
                0x00000c28       0x24 .\CortexM3\ARM_GCC_541\Debug\Design01.a(QuadDec.o)
                0x00000c28                QuadDec_Enable
 .text.QuadDec_Start
                0x00000c4c       0x24 .\CortexM3\ARM_GCC_541\Debug\Design01.a(QuadDec.o)
                0x00000c4c                QuadDec_Start
 .text.QuadDec_Cnt16_Enable
                0x00000c70       0x10 .\CortexM3\ARM_GCC_541\Debug\Design01.a(QuadDec_Cnt16.o)
                0x00000c70                QuadDec_Cnt16_Enable
 .text.QuadDec_Cnt16_SetInterruptMode
                0x00000c80        0xc .\CortexM3\ARM_GCC_541\Debug\Design01.a(QuadDec_Cnt16.o)
                0x00000c80                QuadDec_Cnt16_SetInterruptMode
 .text.QuadDec_Cnt16_ReadStatusRegister
                0x00000c8c        0xc .\CortexM3\ARM_GCC_541\Debug\Design01.a(QuadDec_Cnt16.o)
                0x00000c8c                QuadDec_Cnt16_ReadStatusRegister
 .text.QuadDec_Cnt16_WriteCounter
                0x00000c98        0xc .\CortexM3\ARM_GCC_541\Debug\Design01.a(QuadDec_Cnt16.o)
                0x00000c98                QuadDec_Cnt16_WriteCounter
 .text.QuadDec_Cnt16_ReadCounter
                0x00000ca4       0x14 .\CortexM3\ARM_GCC_541\Debug\Design01.a(QuadDec_Cnt16.o)
                0x00000ca4                QuadDec_Cnt16_ReadCounter
 .text.QuadDec_Cnt16_ReadCapture
                0x00000cb8        0xc .\CortexM3\ARM_GCC_541\Debug\Design01.a(QuadDec_Cnt16.o)
                0x00000cb8                QuadDec_Cnt16_ReadCapture
 .text.QuadDec_Cnt16_WritePeriod
                0x00000cc4        0xc .\CortexM3\ARM_GCC_541\Debug\Design01.a(QuadDec_Cnt16.o)
                0x00000cc4                QuadDec_Cnt16_WritePeriod
 .text.QuadDec_Cnt16_WriteCompare
                0x00000cd0        0xc .\CortexM3\ARM_GCC_541\Debug\Design01.a(QuadDec_Cnt16.o)
                0x00000cd0                QuadDec_Cnt16_WriteCompare
 .text.QuadDec_Cnt16_ClearFIFO
                0x00000cdc       0x14 .\CortexM3\ARM_GCC_541\Debug\Design01.a(QuadDec_Cnt16.o)
                0x00000cdc                QuadDec_Cnt16_ClearFIFO
 .text.QuadDec_Cnt16_Init
                0x00000cf0       0x58 .\CortexM3\ARM_GCC_541\Debug\Design01.a(QuadDec_Cnt16.o)
                0x00000cf0                QuadDec_Cnt16_Init
 .text.QuadDec_Cnt16_Start
                0x00000d48       0x1c .\CortexM3\ARM_GCC_541\Debug\Design01.a(QuadDec_Cnt16.o)
                0x00000d48                QuadDec_Cnt16_Start
 .text.isr_Ts_SetVector
                0x00000d64        0xc .\CortexM3\ARM_GCC_541\Debug\Design01.a(isr_Ts.o)
                0x00000d64                isr_Ts_SetVector
 .text.isr_Ts_SetPriority
                0x00000d70       0x10 .\CortexM3\ARM_GCC_541\Debug\Design01.a(isr_Ts.o)
                0x00000d70                isr_Ts_SetPriority
 .text.isr_Ts_Enable
                0x00000d80        0xc .\CortexM3\ARM_GCC_541\Debug\Design01.a(isr_Ts.o)
                0x00000d80                isr_Ts_Enable
 .text.isr_Ts_Disable
                0x00000d8c        0xc .\CortexM3\ARM_GCC_541\Debug\Design01.a(isr_Ts.o)
                0x00000d8c                isr_Ts_Disable
 .text.isr_Ts_StartEx
                0x00000d98       0x1c .\CortexM3\ARM_GCC_541\Debug\Design01.a(isr_Ts.o)
                0x00000d98                isr_Ts_StartEx
 .text.Timer_Enable
                0x00000db4       0x28 .\CortexM3\ARM_GCC_541\Debug\Design01.a(Timer.o)
                0x00000db4                Timer_Enable
 .text.Timer_SetInterruptMode
                0x00000ddc        0xc .\CortexM3\ARM_GCC_541\Debug\Design01.a(Timer.o)
                0x00000ddc                Timer_SetInterruptMode
 .text.Timer_WritePeriod
                0x00000de8        0xc .\CortexM3\ARM_GCC_541\Debug\Design01.a(Timer.o)
                0x00000de8                Timer_WritePeriod
 .text.Timer_WriteCounter
                0x00000df4        0xc .\CortexM3\ARM_GCC_541\Debug\Design01.a(Timer.o)
                0x00000df4                Timer_WriteCounter
 .text.Timer_Init
                0x00000e00       0x68 .\CortexM3\ARM_GCC_541\Debug\Design01.a(Timer.o)
                0x00000e00                Timer_Init
 .text.Timer_Start
                0x00000e68       0x1c .\CortexM3\ARM_GCC_541\Debug\Design01.a(Timer.o)
                0x00000e68                Timer_Start
 .text.isr_inicio_SetVector
                0x00000e84        0xc .\CortexM3\ARM_GCC_541\Debug\Design01.a(isr_inicio.o)
                0x00000e84                isr_inicio_SetVector
 .text.isr_inicio_SetPriority
                0x00000e90       0x10 .\CortexM3\ARM_GCC_541\Debug\Design01.a(isr_inicio.o)
                0x00000e90                isr_inicio_SetPriority
 .text.isr_inicio_Enable
                0x00000ea0        0xc .\CortexM3\ARM_GCC_541\Debug\Design01.a(isr_inicio.o)
                0x00000ea0                isr_inicio_Enable
 .text.isr_inicio_Disable
                0x00000eac        0xc .\CortexM3\ARM_GCC_541\Debug\Design01.a(isr_inicio.o)
                0x00000eac                isr_inicio_Disable
 .text.isr_inicio_StartEx
                0x00000eb8       0x1c .\CortexM3\ARM_GCC_541\Debug\Design01.a(isr_inicio.o)
                0x00000eb8                isr_inicio_StartEx
 .text.Timer_inicio_Enable
                0x00000ed4       0x28 .\CortexM3\ARM_GCC_541\Debug\Design01.a(Timer_inicio.o)
                0x00000ed4                Timer_inicio_Enable
 .text.Timer_inicio_SetInterruptMode
                0x00000efc        0xc .\CortexM3\ARM_GCC_541\Debug\Design01.a(Timer_inicio.o)
                0x00000efc                Timer_inicio_SetInterruptMode
 .text.Timer_inicio_WritePeriod
                0x00000f08        0xc .\CortexM3\ARM_GCC_541\Debug\Design01.a(Timer_inicio.o)
                0x00000f08                Timer_inicio_WritePeriod
 .text.Timer_inicio_WriteCounter
                0x00000f14        0xc .\CortexM3\ARM_GCC_541\Debug\Design01.a(Timer_inicio.o)
                0x00000f14                Timer_inicio_WriteCounter
 .text.Timer_inicio_Init
                0x00000f20       0x68 .\CortexM3\ARM_GCC_541\Debug\Design01.a(Timer_inicio.o)
                0x00000f20                Timer_inicio_Init
 .text.Timer_inicio_Start
                0x00000f88       0x1c .\CortexM3\ARM_GCC_541\Debug\Design01.a(Timer_inicio.o)
                0x00000f88                Timer_inicio_Start
 .text.Clock_lento_Start
                0x00000fa4       0x1c .\CortexM3\ARM_GCC_541\Debug\Design01.a(Clock_lento.o)
                0x00000fa4                Clock_lento_Start
 .text          0x00000fc0       0x20 .\CortexM3\ARM_GCC_541\Debug\Design01.a(CyBootAsmGnu.o)
                0x00000fc0                CyDelayCycles
                0x00000fd0                CyEnterCriticalSection
                0x00000fd8                CyExitCriticalSection
 .text          0x00000fe0      0x21c c:/program files (x86)/cypress/psoc creator/4.2/psoc creator/import/gnu/arm/5.4.1/bin/../lib/gcc/arm-none-eabi/5.4.1/armv7-m\libgcc.a(_arm_addsubsf3.o)
                0x00000fe0                __aeabi_frsub
                0x00000fe8                __subsf3
                0x00000fe8                __aeabi_fsub
                0x00000fec                __aeabi_fadd
                0x00000fec                __addsf3
                0x0000114c                __aeabi_ui2f
                0x0000114c                __floatunsisf
                0x00001154                __aeabi_i2f
                0x00001154                __floatsisf
                0x00001170                __aeabi_ul2f
                0x00001170                __floatundisf
                0x00001180                __aeabi_l2f
                0x00001180                __floatdisf
 .text          0x000011fc      0x2a0 c:/program files (x86)/cypress/psoc creator/4.2/psoc creator/import/gnu/arm/5.4.1/bin/../lib/gcc/arm-none-eabi/5.4.1/armv7-m\libgcc.a(_arm_muldivsf3.o)
                0x000011fc                __mulsf3
                0x000011fc                __aeabi_fmul
                0x00001364                __aeabi_fdiv
                0x00001364                __divsf3
 .text          0x0000149c       0xec c:/program files (x86)/cypress/psoc creator/4.2/psoc creator/import/gnu/arm/5.4.1/bin/../lib/gcc/arm-none-eabi/5.4.1/armv7-m\libgcc.a(_arm_cmpsf2.o)
                0x0000149c                __gesf2
                0x0000149c                __gtsf2
                0x000014a4                __lesf2
                0x000014a4                __ltsf2
                0x000014ac                __nesf2
                0x000014ac                __eqsf2
                0x000014ac                __cmpsf2
                0x0000150c                __aeabi_cfrcmple
                0x00001514                __aeabi_cfcmpeq
                0x00001514                __aeabi_cfcmple
                0x00001524                __aeabi_fcmpeq
                0x00001538                __aeabi_fcmplt
                0x0000154c                __aeabi_fcmple
                0x00001560                __aeabi_fcmpge
                0x00001574                __aeabi_fcmpgt
 .text          0x00001588       0x4c c:/program files (x86)/cypress/psoc creator/4.2/psoc creator/import/gnu/arm/5.4.1/bin/../lib/gcc/arm-none-eabi/5.4.1/armv7-m\libgcc.a(_arm_fixsfsi.o)
                0x00001588                __aeabi_f2iz
                0x00001588                __fixsfsi
 .text.__errno  0x000015d4        0xc c:/program files (x86)/cypress/psoc creator/4.2/psoc creator/import/gnu/arm/5.4.1/bin/../lib/gcc/arm-none-eabi/5.4.1/../../../../arm-none-eabi/lib/armv7-m\libg_nano.a(lib_a-errno.o)
                0x000015d4                __errno
 .text.__libc_init_array
                0x000015e0       0x4c c:/program files (x86)/cypress/psoc creator/4.2/psoc creator/import/gnu/arm/5.4.1/bin/../lib/gcc/arm-none-eabi/5.4.1/../../../../arm-none-eabi/lib/armv7-m\libg_nano.a(lib_a-init.o)
                0x000015e0                __libc_init_array
 .text.memcpy   0x0000162c       0x16 c:/program files (x86)/cypress/psoc creator/4.2/psoc creator/import/gnu/arm/5.4.1/bin/../lib/gcc/arm-none-eabi/5.4.1/../../../../arm-none-eabi/lib/armv7-m\libg_nano.a(lib_a-memcpy-stub.o)
                0x0000162c                memcpy
 .text.memset   0x00001642       0x10 c:/program files (x86)/cypress/psoc creator/4.2/psoc creator/import/gnu/arm/5.4.1/bin/../lib/gcc/arm-none-eabi/5.4.1/../../../../arm-none-eabi/lib/armv7-m\libg_nano.a(lib_a-memset.o)
                0x00001642                memset
 *(.plt)
 *(.gnu.warning)
 *(.glue_7t)
 .glue_7t       0x00001652        0x0 linker stubs
 *(.glue_7)
 .glue_7        0x00001652        0x0 linker stubs
 *(.vfp11_veneer)
 .vfp11_veneer  0x00001652        0x0 linker stubs
 *(.bootloader)
 *(.ARM.extab* .gnu.linkonce.armextab.*)
 *(.gcc_except_table)

.v4_bx          0x00001654        0x0
 .v4_bx         0x00001654        0x0 linker stubs

.iplt           0x00001654        0x0
 .iplt          0x00001654        0x0 c:/program files (x86)/cypress/psoc creator/4.2/psoc creator/import/gnu/arm/5.4.1/bin/../lib/gcc/arm-none-eabi/5.4.1/armv7-m/crtbegin.o

.eh_frame_hdr
 *(.eh_frame_hdr)

.eh_frame       0x00001654        0x4
 *(.eh_frame)
 .eh_frame      0x00001654        0x0 c:/program files (x86)/cypress/psoc creator/4.2/psoc creator/import/gnu/arm/5.4.1/bin/../lib/gcc/arm-none-eabi/5.4.1/armv7-m/crtbegin.o
 .eh_frame      0x00001654        0x4 c:/program files (x86)/cypress/psoc creator/4.2/psoc creator/import/gnu/arm/5.4.1/bin/../lib/gcc/arm-none-eabi/5.4.1/armv7-m/crtend.o
                [!provide]                PROVIDE (__exidx_start, .)

.ARM.exidx
 *(.ARM.exidx* .gnu.linkonce.armexidx.*)
                0x00001658                __exidx_end = .

.rodata         0x00001658       0x80
 *(.rodata .rodata.* .gnu.linkonce.r.*)
 .rodata.str1.4
                0x00001658       0x14 .\CortexM3\ARM_GCC_541\Debug\main.o
 .rodata        0x0000166c       0x30 .\CortexM3\ARM_GCC_541\Debug\cyfitter_cfg.o
 .rodata.str1.1
                0x0000169c        0x2 c:/program files (x86)/cypress/psoc creator/4.2/psoc creator/import/gnu/arm/5.4.1/bin/../lib/gcc/arm-none-eabi/5.4.1/../../../../arm-none-eabi/lib/armv7-m\libg_nano.a(lib_a-impure.o)
                0x000016a0                . = ALIGN (0x4)
 *fill*         0x0000169e        0x2 
 *(.init)
 .init          0x000016a0        0x4 c:/program files (x86)/cypress/psoc creator/4.2/psoc creator/import/gnu/arm/5.4.1/bin/../lib/gcc/arm-none-eabi/5.4.1/armv7-m/crti.o
                0x000016a0                _init
 .init          0x000016a4        0x8 c:/program files (x86)/cypress/psoc creator/4.2/psoc creator/import/gnu/arm/5.4.1/bin/../lib/gcc/arm-none-eabi/5.4.1/armv7-m/crtn.o
                0x000016ac                . = ALIGN (0x4)
                0x000016ac                __preinit_array_start = .
 *(.preinit_array)
                0x000016ac                __preinit_array_end = .
                0x000016ac                . = ALIGN (0x4)
                0x000016ac                __init_array_start = .
 *(SORT(.init_array.*))
 *(.init_array)
 .init_array    0x000016ac        0x4 c:/program files (x86)/cypress/psoc creator/4.2/psoc creator/import/gnu/arm/5.4.1/bin/../lib/gcc/arm-none-eabi/5.4.1/armv7-m/crtbegin.o
 .init_array    0x000016b0        0x4 .\CortexM3\ARM_GCC_541\Debug\Cm3Start.o
                0x000016b4                __init_array_end = .
                0x000016b4                . = ALIGN (0x4)
 *(.fini)
 .fini          0x000016b4        0x4 c:/program files (x86)/cypress/psoc creator/4.2/psoc creator/import/gnu/arm/5.4.1/bin/../lib/gcc/arm-none-eabi/5.4.1/armv7-m/crti.o
                0x000016b4                _fini
 .fini          0x000016b8        0x8 c:/program files (x86)/cypress/psoc creator/4.2/psoc creator/import/gnu/arm/5.4.1/bin/../lib/gcc/arm-none-eabi/5.4.1/armv7-m/crtn.o
                0x000016c0                . = ALIGN (0x4)
                0x000016c0                __fini_array_start = .
 *(.fini_array)
 .fini_array    0x000016c0        0x4 c:/program files (x86)/cypress/psoc creator/4.2/psoc creator/import/gnu/arm/5.4.1/bin/../lib/gcc/arm-none-eabi/5.4.1/armv7-m/crtbegin.o
 *(SORT(.fini_array.*))
                0x000016c4                __fini_array_end = .
                0x000016c4                . = ALIGN (0x4)
 *crtbegin.o(.ctors)
 *(EXCLUDE_FILE(*crtend.o) .ctors)
 *(SORT(.ctors.*))
 *crtend.o(.ctors)
                0x000016c4                . = ALIGN (0x4)
 *crtbegin.o(.dtors)
 *(EXCLUDE_FILE(*crtend.o) .dtors)
 *(SORT(.dtors.*))
 *crtend.o(.dtors)
                0x000016c4                . = ALIGN (0x4)
                0x000016c4                __cy_regions = .
                0x000016c4        0x4 LONG 0x16d8 __cy_region_init_ram
                0x000016c8        0x4 LONG 0x1fff80c8 __cy_region_start_data
                0x000016cc        0x4 LONG 0x98 __cy_region_init_size_ram
                0x000016d0        0x4 LONG 0x48 __cy_region_zero_size_ram
                0x000016d4                __cy_regions_end = .
                0x000016d8                . = ALIGN (0x8)
 *fill*         0x000016d4        0x4 
                0x000016d8                _etext = .

.cy_checksum_exclude
                0x000016d8        0x0
 *(.cy_checksum_exclude)

.ramvectors     0x1fff8000       0xc0
                0x1fff8000                __cy_region_start_ram = .
 *(.ramvectors)
 .ramvectors    0x1fff8000       0xc0 .\CortexM3\ARM_GCC_541\Debug\Cm3Start.o
                0x1fff8000                CyRamVectors

.noinit         0x1fff80c0        0x1
 *(.noinit)
 .noinit        0x1fff80c0        0x1 .\CortexM3\ARM_GCC_541\Debug\Design01.a(CyLib.o)
                0x1fff80c0                CyResetStatus

.data           0x1fff80c8       0x98 load address 0x000016d8
                0x1fff80c8                __cy_region_start_data = .
 *(.jcr)
 .jcr           0x1fff80c8        0x0 c:/program files (x86)/cypress/psoc creator/4.2/psoc creator/import/gnu/arm/5.4.1/bin/../lib/gcc/arm-none-eabi/5.4.1/armv7-m/crtbegin.o
 .jcr           0x1fff80c8        0x4 c:/program files (x86)/cypress/psoc creator/4.2/psoc creator/import/gnu/arm/5.4.1/bin/../lib/gcc/arm-none-eabi/5.4.1/armv7-m/crtend.o
 *(.got.plt)
 *(.got)
 *(.shdata)
 *(.data .data.* .gnu.linkonce.d.*)
 .data          0x1fff80cc       0x1e .\CortexM3\ARM_GCC_541\Debug\main.o
                0x1fff80cc                control_manual
                0x1fff80ce                control
                0x1fff80d0                ref_angulo
                0x1fff80d4                radio
                0x1fff80d8                PkP
                0x1fff80dc                PkI
                0x1fff80e0                PkD
                0x1fff80e4                Ts
                0x1fff80e8                control_auto
 *fill*         0x1fff80ea        0x2 
 .data          0x1fff80ec       0x10 .\CortexM3\ARM_GCC_541\Debug\Design01.a(CyLib.o)
                0x1fff80ec                cydelay_32k_ms
                0x1fff80f0                cydelay_freq_khz
                0x1fff80f4                cydelay_freq_mhz
                0x1fff80f8                cydelay_freq_hz
 .data.impure_data
                0x1fff80fc       0x60 c:/program files (x86)/cypress/psoc creator/4.2/psoc creator/import/gnu/arm/5.4.1/bin/../lib/gcc/arm-none-eabi/5.4.1/../../../../arm-none-eabi/lib/armv7-m\libg_nano.a(lib_a-impure.o)
 .data._impure_ptr
                0x1fff815c        0x4 c:/program files (x86)/cypress/psoc creator/4.2/psoc creator/import/gnu/arm/5.4.1/bin/../lib/gcc/arm-none-eabi/5.4.1/../../../../arm-none-eabi/lib/armv7-m\libg_nano.a(lib_a-impure.o)
                0x1fff815c                _impure_ptr
                0x1fff8160                . = ALIGN (0x8)
 *(.ram)
                0x1fff8160                _edata = .

.igot.plt       0x1fff8160        0x0 load address 0x00001770
 .igot.plt      0x1fff8160        0x0 c:/program files (x86)/cypress/psoc creator/4.2/psoc creator/import/gnu/arm/5.4.1/bin/../lib/gcc/arm-none-eabi/5.4.1/armv7-m/crtbegin.o

.bss            0x1fff8160       0x48 load address 0x00001770
                0x1fff8160                PROVIDE (__bss_start__, .)
 *(.shbss)
 *(.bss .bss.* .gnu.linkonce.b.*)
 .bss           0x1fff8160       0x1c c:/program files (x86)/cypress/psoc creator/4.2/psoc creator/import/gnu/arm/5.4.1/bin/../lib/gcc/arm-none-eabi/5.4.1/armv7-m/crtbegin.o
 .bss           0x1fff817c       0x10 .\CortexM3\ARM_GCC_541\Debug\main.o
                0x1fff817c                ready
                0x1fff8180                angulo
                0x1fff8184                Pki_anterior
                0x1fff8188                control_anterior
 .bss           0x1fff818c        0x2 .\CortexM3\ARM_GCC_541\Debug\Design01.a(LCD.o)
                0x1fff818c                LCD_enableState
                0x1fff818d                LCD_initVar
 .bss           0x1fff818e        0x1 .\CortexM3\ARM_GCC_541\Debug\Design01.a(PWM_Motor.o)
                0x1fff818e                PWM_Motor_initVar
 .bss           0x1fff818f        0x1 .\CortexM3\ARM_GCC_541\Debug\Design01.a(QuadDec.o)
                0x1fff818f                QuadDec_initVar
 .bss           0x1fff8190        0x1 .\CortexM3\ARM_GCC_541\Debug\Design01.a(QuadDec_Cnt16.o)
                0x1fff8190                QuadDec_Cnt16_initVar
 .bss           0x1fff8191        0x1 .\CortexM3\ARM_GCC_541\Debug\Design01.a(Timer.o)
                0x1fff8191                Timer_initVar
 .bss           0x1fff8192        0x1 .\CortexM3\ARM_GCC_541\Debug\Design01.a(Timer_inicio.o)
                0x1fff8192                Timer_inicio_initVar
 *(COMMON)
 *fill*         0x1fff8193        0x1 
 COMMON         0x1fff8194       0x14 .\CortexM3\ARM_GCC_541\Debug\main.o
                0x1fff8194                Pkd
                0x1fff8198                Pkp
                0x1fff819c                error
                0x1fff81a0                Pki
                0x1fff81a4                error_anterior
                0x1fff81a8                . = ALIGN (0x8)
 *(.ram.b)
                0x1fff81a8                _end = .
                0x1fff81a8                __end = .
                0x1fff81a8                PROVIDE (end, .)
                0x1fff81a8                PROVIDE (__bss_end__, .)
                0x000016d8                __cy_region_init_ram = LOADADDR (.data)
                0x00000098                __cy_region_init_size_ram = (_edata - ADDR (.data))
                0x00000048                __cy_region_zero_size_ram = (_end - _edata)

.heap           0x1fff81a8       0x80 load address 0x00001770
                0x1fff81a8                . = _end
                0x1fff8228                . = (. + 0x80)
 *fill*         0x1fff81a8       0x80 
                0x1fff8228                __cy_heap_limit = .

.stack          0x20007800      0x800
                0x20007800                __cy_stack_limit = .
                0x20008000                . = (. + 0x800)
 *fill*         0x20007800      0x800 
                0x00000001                ASSERT ((__cy_stack_limit >= __cy_heap_limit), region RAM overflowed with stack)
                0x00000000                cy_checksum_exclude_size = (CY_APPL_LOADABLE == 0x1)?SIZEOF (.cy_checksum_exclude):0x0
                0x00000001                ASSERT ((cy_checksum_exclude_size <= CY_CHECKSUM_EXCLUDE_SIZE), CY_BOOT: Section .cy_checksum_exclude size exceedes specified limit.)

.cyloadermeta
 *(.cyloadermeta)

.cyloadablemeta
 *(.cyloadablemeta)

.cyconfigecc    0x80000000      0x52c
 *(.cyconfigecc)
 .cyconfigecc   0x80000000      0x52c .\CortexM3\ARM_GCC_541\Debug\cymetadata.o
                0x80000000                cy_meta_configecc

.cycustnvl      0x90000000        0x4
 *(.cycustnvl)
 .cycustnvl     0x90000000        0x4 .\CortexM3\ARM_GCC_541\Debug\cymetadata.o
                0x90000000                cy_meta_custnvl

.cywolatch      0x90100000        0x4
 *(.cywolatch)
 .cywolatch     0x90100000        0x4 .\CortexM3\ARM_GCC_541\Debug\cymetadata.o
                0x90100000                cy_meta_wonvl

.cyeeprom       0x90200000        0x0
 *(.cyeeprom)
                0x00000001                ASSERT ((. <= ((0x90200000 + ee_offset) + ee_size)), .cyeeprom data will not fit in EEPROM)

.cyflashprotect
                0x90400000      0x100
 *(.cyflashprotect)
 .cyflashprotect
                0x90400000      0x100 .\CortexM3\ARM_GCC_541\Debug\cymetadata.o
                0x90400000                cy_meta_flashprotect

.cymeta         0x90500000        0xc
 *(.cymeta)
 .cymeta        0x90500000        0xc .\CortexM3\ARM_GCC_541\Debug\cymetadata.o
                0x90500000                cy_metadata

.rel.dyn        0x00001770        0x0 load address 0x9050000c
 .rel.iplt      0x00001770        0x0 c:/program files (x86)/cypress/psoc creator/4.2/psoc creator/import/gnu/arm/5.4.1/bin/../lib/gcc/arm-none-eabi/5.4.1/armv7-m/crtbegin.o

.stab
 *(.stab)

.stabstr
 *(.stabstr)

.debug
 *(.debug)

.line
 *(.line)

.debug_srcinfo
 *(.debug_srcinfo)

.debug_sfnames
 *(.debug_sfnames)

.debug_aranges  0x00000000      0xbe0
 *(.debug_aranges)
 .debug_aranges
                0x00000000       0x40 .\CortexM3\ARM_GCC_541\Debug\main.o
 .debug_aranges
                0x00000040       0x58 .\CortexM3\ARM_GCC_541\Debug\cyfitter_cfg.o
 .debug_aranges
                0x00000098       0x18 .\CortexM3\ARM_GCC_541\Debug\cymetadata.o
 .debug_aranges
                0x000000b0       0x48 .\CortexM3\ARM_GCC_541\Debug\Cm3Start.o
 .debug_aranges
                0x000000f8      0x2a0 .\CortexM3\ARM_GCC_541\Debug\Design01.a(CyLib.o)
 .debug_aranges
                0x00000398       0x98 .\CortexM3\ARM_GCC_541\Debug\Design01.a(cyPm.o)
 .debug_aranges
                0x00000430       0x98 .\CortexM3\ARM_GCC_541\Debug\Design01.a(LCD.o)
 .debug_aranges
                0x000004c8       0x38 .\CortexM3\ARM_GCC_541\Debug\Design01.a(LED.o)
 .debug_aranges
                0x00000500       0x70 .\CortexM3\ARM_GCC_541\Debug\Design01.a(timer_clock.o)
 .debug_aranges
                0x00000570       0x38 .\CortexM3\ARM_GCC_541\Debug\Design01.a(Reset_PWM.o)
 .debug_aranges
                0x000005a8       0x80 .\CortexM3\ARM_GCC_541\Debug\Design01.a(isr_Aumentar.o)
 .debug_aranges
                0x00000628       0x80 .\CortexM3\ARM_GCC_541\Debug\Design01.a(isr_Disminuir.o)
 .debug_aranges
                0x000006a8       0x98 .\CortexM3\ARM_GCC_541\Debug\Design01.a(PWM_Motor.o)
 .debug_aranges
                0x00000740       0x60 .\CortexM3\ARM_GCC_541\Debug\Design01.a(QuadDec.o)
 .debug_aranges
                0x000007a0       0x98 .\CortexM3\ARM_GCC_541\Debug\Design01.a(QuadDec_Cnt16.o)
 .debug_aranges
                0x00000838       0x80 .\CortexM3\ARM_GCC_541\Debug\Design01.a(isr_Ts.o)
 .debug_aranges
                0x000008b8       0x88 .\CortexM3\ARM_GCC_541\Debug\Design01.a(Timer.o)
 .debug_aranges
                0x00000940       0x80 .\CortexM3\ARM_GCC_541\Debug\Design01.a(isr_inicio.o)
 .debug_aranges
                0x000009c0       0x88 .\CortexM3\ARM_GCC_541\Debug\Design01.a(Timer_inicio.o)
 .debug_aranges
                0x00000a48       0x70 .\CortexM3\ARM_GCC_541\Debug\Design01.a(Clock_lento.o)
 .debug_aranges
                0x00000ab8       0x20 .\CortexM3\ARM_GCC_541\Debug\Design01.a(CyBootAsmGnu.o)
 .debug_aranges
                0x00000ad8       0x88 .\CortexM3\ARM_GCC_541\Debug\Design01.a(CyFlash.o)
 .debug_aranges
                0x00000b60       0x80 .\CortexM3\ARM_GCC_541\Debug\Design01.a(CySpc.o)

.debug_pubnames
 *(.debug_pubnames)

.debug_info     0x00000000     0x63ae
 *(.debug_info .gnu.linkonce.wi.*)
 .debug_info    0x00000000      0x766 .\CortexM3\ARM_GCC_541\Debug\main.o
 .debug_info    0x00000766      0x549 .\CortexM3\ARM_GCC_541\Debug\cyfitter_cfg.o
 .debug_info    0x00000caf      0x136 .\CortexM3\ARM_GCC_541\Debug\cymetadata.o
 .debug_info    0x00000de5      0x3bb .\CortexM3\ARM_GCC_541\Debug\Cm3Start.o
 .debug_info    0x000011a0     0x1374 .\CortexM3\ARM_GCC_541\Debug\Design01.a(CyLib.o)
 .debug_info    0x00002514      0xa2a .\CortexM3\ARM_GCC_541\Debug\Design01.a(cyPm.o)
 .debug_info    0x00002f3e      0x715 .\CortexM3\ARM_GCC_541\Debug\Design01.a(LCD.o)
 .debug_info    0x00003653      0x11f .\CortexM3\ARM_GCC_541\Debug\Design01.a(LED.o)
 .debug_info    0x00003772      0x283 .\CortexM3\ARM_GCC_541\Debug\Design01.a(timer_clock.o)
 .debug_info    0x000039f5      0x11f .\CortexM3\ARM_GCC_541\Debug\Design01.a(Reset_PWM.o)
 .debug_info    0x00003b14      0x2d2 .\CortexM3\ARM_GCC_541\Debug\Design01.a(isr_Aumentar.o)
 .debug_info    0x00003de6      0x2d2 .\CortexM3\ARM_GCC_541\Debug\Design01.a(isr_Disminuir.o)
 .debug_info    0x000040b8      0x353 .\CortexM3\ARM_GCC_541\Debug\Design01.a(PWM_Motor.o)
 .debug_info    0x0000440b      0x2d4 .\CortexM3\ARM_GCC_541\Debug\Design01.a(QuadDec.o)
 .debug_info    0x000046df      0x348 .\CortexM3\ARM_GCC_541\Debug\Design01.a(QuadDec_Cnt16.o)
 .debug_info    0x00004a27      0x2d2 .\CortexM3\ARM_GCC_541\Debug\Design01.a(isr_Ts.o)
 .debug_info    0x00004cf9      0x295 .\CortexM3\ARM_GCC_541\Debug\Design01.a(Timer.o)
 .debug_info    0x00004f8e      0x2d2 .\CortexM3\ARM_GCC_541\Debug\Design01.a(isr_inicio.o)
 .debug_info    0x00005260      0x295 .\CortexM3\ARM_GCC_541\Debug\Design01.a(Timer_inicio.o)
 .debug_info    0x000054f5      0x283 .\CortexM3\ARM_GCC_541\Debug\Design01.a(Clock_lento.o)
 .debug_info    0x00005778       0x99 .\CortexM3\ARM_GCC_541\Debug\Design01.a(CyBootAsmGnu.o)
 .debug_info    0x00005811      0x64d .\CortexM3\ARM_GCC_541\Debug\Design01.a(CyFlash.o)
 .debug_info    0x00005e5e      0x550 .\CortexM3\ARM_GCC_541\Debug\Design01.a(CySpc.o)

.debug_abbrev   0x00000000     0x1d58
 *(.debug_abbrev)
 .debug_abbrev  0x00000000      0x129 .\CortexM3\ARM_GCC_541\Debug\main.o
 .debug_abbrev  0x00000129      0x1fe .\CortexM3\ARM_GCC_541\Debug\cyfitter_cfg.o
 .debug_abbrev  0x00000327       0x77 .\CortexM3\ARM_GCC_541\Debug\cymetadata.o
 .debug_abbrev  0x0000039e      0x1e8 .\CortexM3\ARM_GCC_541\Debug\Cm3Start.o
 .debug_abbrev  0x00000586      0x254 .\CortexM3\ARM_GCC_541\Debug\Design01.a(CyLib.o)
 .debug_abbrev  0x000007da      0x1ab .\CortexM3\ARM_GCC_541\Debug\Design01.a(cyPm.o)
 .debug_abbrev  0x00000985      0x157 .\CortexM3\ARM_GCC_541\Debug\Design01.a(LCD.o)
 .debug_abbrev  0x00000adc       0x90 .\CortexM3\ARM_GCC_541\Debug\Design01.a(LED.o)
 .debug_abbrev  0x00000b6c      0x139 .\CortexM3\ARM_GCC_541\Debug\Design01.a(timer_clock.o)
 .debug_abbrev  0x00000ca5       0x90 .\CortexM3\ARM_GCC_541\Debug\Design01.a(Reset_PWM.o)
 .debug_abbrev  0x00000d35      0x173 .\CortexM3\ARM_GCC_541\Debug\Design01.a(isr_Aumentar.o)
 .debug_abbrev  0x00000ea8      0x173 .\CortexM3\ARM_GCC_541\Debug\Design01.a(isr_Disminuir.o)
 .debug_abbrev  0x0000101b      0x133 .\CortexM3\ARM_GCC_541\Debug\Design01.a(PWM_Motor.o)
 .debug_abbrev  0x0000114e      0x151 .\CortexM3\ARM_GCC_541\Debug\Design01.a(QuadDec.o)
 .debug_abbrev  0x0000129f      0x117 .\CortexM3\ARM_GCC_541\Debug\Design01.a(QuadDec_Cnt16.o)
 .debug_abbrev  0x000013b6      0x173 .\CortexM3\ARM_GCC_541\Debug\Design01.a(isr_Ts.o)
 .debug_abbrev  0x00001529      0x11a .\CortexM3\ARM_GCC_541\Debug\Design01.a(Timer.o)
 .debug_abbrev  0x00001643      0x173 .\CortexM3\ARM_GCC_541\Debug\Design01.a(isr_inicio.o)
 .debug_abbrev  0x000017b6      0x11a .\CortexM3\ARM_GCC_541\Debug\Design01.a(Timer_inicio.o)
 .debug_abbrev  0x000018d0      0x139 .\CortexM3\ARM_GCC_541\Debug\Design01.a(Clock_lento.o)
 .debug_abbrev  0x00001a09       0x14 .\CortexM3\ARM_GCC_541\Debug\Design01.a(CyBootAsmGnu.o)
 .debug_abbrev  0x00001a1d      0x1a7 .\CortexM3\ARM_GCC_541\Debug\Design01.a(CyFlash.o)
 .debug_abbrev  0x00001bc4      0x194 .\CortexM3\ARM_GCC_541\Debug\Design01.a(CySpc.o)

.debug_line     0x00000000     0x2a34
 *(.debug_line)
 .debug_line    0x00000000      0x2d1 .\CortexM3\ARM_GCC_541\Debug\main.o
 .debug_line    0x000002d1      0x1de .\CortexM3\ARM_GCC_541\Debug\cyfitter_cfg.o
 .debug_line    0x000004af      0x141 .\CortexM3\ARM_GCC_541\Debug\cymetadata.o
 .debug_line    0x000005f0      0x234 .\CortexM3\ARM_GCC_541\Debug\Cm3Start.o
 .debug_line    0x00000824      0x816 .\CortexM3\ARM_GCC_541\Debug\Design01.a(CyLib.o)
 .debug_line    0x0000103a      0x367 .\CortexM3\ARM_GCC_541\Debug\Design01.a(cyPm.o)
 .debug_line    0x000013a1      0x1dc .\CortexM3\ARM_GCC_541\Debug\Design01.a(LCD.o)
 .debug_line    0x0000157d       0x90 .\CortexM3\ARM_GCC_541\Debug\Design01.a(LED.o)
 .debug_line    0x0000160d      0x17a .\CortexM3\ARM_GCC_541\Debug\Design01.a(timer_clock.o)
 .debug_line    0x00001787       0x96 .\CortexM3\ARM_GCC_541\Debug\Design01.a(Reset_PWM.o)
 .debug_line    0x0000181d      0x139 .\CortexM3\ARM_GCC_541\Debug\Design01.a(isr_Aumentar.o)
 .debug_line    0x00001956      0x13a .\CortexM3\ARM_GCC_541\Debug\Design01.a(isr_Disminuir.o)
 .debug_line    0x00001a90      0x18c .\CortexM3\ARM_GCC_541\Debug\Design01.a(PWM_Motor.o)
 .debug_line    0x00001c1c      0x11a .\CortexM3\ARM_GCC_541\Debug\Design01.a(QuadDec.o)
 .debug_line    0x00001d36      0x18d .\CortexM3\ARM_GCC_541\Debug\Design01.a(QuadDec_Cnt16.o)
 .debug_line    0x00001ec3      0x133 .\CortexM3\ARM_GCC_541\Debug\Design01.a(isr_Ts.o)
 .debug_line    0x00001ff6      0x153 .\CortexM3\ARM_GCC_541\Debug\Design01.a(Timer.o)
 .debug_line    0x00002149      0x137 .\CortexM3\ARM_GCC_541\Debug\Design01.a(isr_inicio.o)
 .debug_line    0x00002280      0x15a .\CortexM3\ARM_GCC_541\Debug\Design01.a(Timer_inicio.o)
 .debug_line    0x000023da      0x17a .\CortexM3\ARM_GCC_541\Debug\Design01.a(Clock_lento.o)
 .debug_line    0x00002554       0x66 .\CortexM3\ARM_GCC_541\Debug\Design01.a(CyBootAsmGnu.o)
 .debug_line    0x000025ba      0x21a .\CortexM3\ARM_GCC_541\Debug\Design01.a(CyFlash.o)
 .debug_line    0x000027d4      0x260 .\CortexM3\ARM_GCC_541\Debug\Design01.a(CySpc.o)

.debug_frame    0x00000000     0x1cec
 *(.debug_frame)
 .debug_frame   0x00000000       0xa4 .\CortexM3\ARM_GCC_541\Debug\main.o
 .debug_frame   0x000000a4       0xe4 .\CortexM3\ARM_GCC_541\Debug\cyfitter_cfg.o
 .debug_frame   0x00000188       0xb8 .\CortexM3\ARM_GCC_541\Debug\Cm3Start.o
 .debug_frame   0x00000240      0x738 .\CortexM3\ARM_GCC_541\Debug\Design01.a(CyLib.o)
 .debug_frame   0x00000978      0x1f8 .\CortexM3\ARM_GCC_541\Debug\Design01.a(cyPm.o)
 .debug_frame   0x00000b70      0x1e8 .\CortexM3\ARM_GCC_541\Debug\Design01.a(LCD.o)
 .debug_frame   0x00000d58       0x50 .\CortexM3\ARM_GCC_541\Debug\Design01.a(LED.o)
 .debug_frame   0x00000da8       0xe0 .\CortexM3\ARM_GCC_541\Debug\Design01.a(timer_clock.o)
 .debug_frame   0x00000e88       0x50 .\CortexM3\ARM_GCC_541\Debug\Design01.a(Reset_PWM.o)
 .debug_frame   0x00000ed8      0x104 .\CortexM3\ARM_GCC_541\Debug\Design01.a(isr_Aumentar.o)
 .debug_frame   0x00000fdc      0x104 .\CortexM3\ARM_GCC_541\Debug\Design01.a(isr_Disminuir.o)
 .debug_frame   0x000010e0      0x134 .\CortexM3\ARM_GCC_541\Debug\Design01.a(PWM_Motor.o)
 .debug_frame   0x00001214       0xdc .\CortexM3\ARM_GCC_541\Debug\Design01.a(QuadDec.o)
 .debug_frame   0x000012f0      0x134 .\CortexM3\ARM_GCC_541\Debug\Design01.a(QuadDec_Cnt16.o)
 .debug_frame   0x00001424      0x104 .\CortexM3\ARM_GCC_541\Debug\Design01.a(isr_Ts.o)
 .debug_frame   0x00001528      0x108 .\CortexM3\ARM_GCC_541\Debug\Design01.a(Timer.o)
 .debug_frame   0x00001630      0x104 .\CortexM3\ARM_GCC_541\Debug\Design01.a(isr_inicio.o)
 .debug_frame   0x00001734      0x108 .\CortexM3\ARM_GCC_541\Debug\Design01.a(Timer_inicio.o)
 .debug_frame   0x0000183c       0xe0 .\CortexM3\ARM_GCC_541\Debug\Design01.a(Clock_lento.o)
 .debug_frame   0x0000191c      0x194 .\CortexM3\ARM_GCC_541\Debug\Design01.a(CyFlash.o)
 .debug_frame   0x00001ab0      0x180 .\CortexM3\ARM_GCC_541\Debug\Design01.a(CySpc.o)
 .debug_frame   0x00001c30       0x20 c:/program files (x86)/cypress/psoc creator/4.2/psoc creator/import/gnu/arm/5.4.1/bin/../lib/gcc/arm-none-eabi/5.4.1/../../../../arm-none-eabi/lib/armv7-m\libg_nano.a(lib_a-errno.o)
 .debug_frame   0x00001c50       0x28 c:/program files (x86)/cypress/psoc creator/4.2/psoc creator/import/gnu/arm/5.4.1/bin/../lib/gcc/arm-none-eabi/5.4.1/../../../../arm-none-eabi/lib/armv7-m\libg_nano.a(lib_a-exit.o)
 .debug_frame   0x00001c78       0x2c c:/program files (x86)/cypress/psoc creator/4.2/psoc creator/import/gnu/arm/5.4.1/bin/../lib/gcc/arm-none-eabi/5.4.1/../../../../arm-none-eabi/lib/armv7-m\libg_nano.a(lib_a-init.o)
 .debug_frame   0x00001ca4       0x28 c:/program files (x86)/cypress/psoc creator/4.2/psoc creator/import/gnu/arm/5.4.1/bin/../lib/gcc/arm-none-eabi/5.4.1/../../../../arm-none-eabi/lib/armv7-m\libg_nano.a(lib_a-memcpy-stub.o)
 .debug_frame   0x00001ccc       0x20 c:/program files (x86)/cypress/psoc creator/4.2/psoc creator/import/gnu/arm/5.4.1/bin/../lib/gcc/arm-none-eabi/5.4.1/../../../../arm-none-eabi/lib/armv7-m\libg_nano.a(lib_a-memset.o)

.debug_str      0x00000000     0x24d9
 *(.debug_str)
 .debug_str     0x00000000      0x342 .\CortexM3\ARM_GCC_541\Debug\main.o
                                0x397 (size before relaxing)
 .debug_str     0x00000342      0x186 .\CortexM3\ARM_GCC_541\Debug\cyfitter_cfg.o
                                0x31e (size before relaxing)
 .debug_str     0x000004c8       0x7f .\CortexM3\ARM_GCC_541\Debug\cymetadata.o
                                0x1ed (size before relaxing)
 .debug_str     0x00000547      0x13e .\CortexM3\ARM_GCC_541\Debug\Cm3Start.o
                                0x313 (size before relaxing)
 .debug_str     0x00000685      0x845 .\CortexM3\ARM_GCC_541\Debug\Design01.a(CyLib.o)
                                0xa50 (size before relaxing)
 .debug_str     0x00000eca      0x365 .\CortexM3\ARM_GCC_541\Debug\Design01.a(cyPm.o)
                                0x73c (size before relaxing)
 .debug_str     0x0000122f      0x11d .\CortexM3\ARM_GCC_541\Debug\Design01.a(LCD.o)
                                0x334 (size before relaxing)
 .debug_str     0x0000134c       0x52 .\CortexM3\ARM_GCC_541\Debug\Design01.a(LED.o)
                                0x1e1 (size before relaxing)
 .debug_str     0x0000139e      0x180 .\CortexM3\ARM_GCC_541\Debug\Design01.a(timer_clock.o)
                                0x327 (size before relaxing)
 .debug_str     0x0000151e       0x5f .\CortexM3\ARM_GCC_541\Debug\Design01.a(Reset_PWM.o)
                                0x1ff (size before relaxing)
 .debug_str     0x0000157d      0x133 .\CortexM3\ARM_GCC_541\Debug\Design01.a(isr_Aumentar.o)
                                0x311 (size before relaxing)
 .debug_str     0x000016b0      0x140 .\CortexM3\ARM_GCC_541\Debug\Design01.a(isr_Disminuir.o)
                                0x31f (size before relaxing)
 .debug_str     0x000017f0      0x1bb .\CortexM3\ARM_GCC_541\Debug\Design01.a(PWM_Motor.o)
                                0x3b3 (size before relaxing)
 .debug_str     0x000019ab      0x125 .\CortexM3\ARM_GCC_541\Debug\Design01.a(QuadDec.o)
                                0x326 (size before relaxing)
 .debug_str     0x00001ad0      0x1b0 .\CortexM3\ARM_GCC_541\Debug\Design01.a(QuadDec_Cnt16.o)
                                0x3f9 (size before relaxing)
 .debug_str     0x00001c80       0xe5 .\CortexM3\ARM_GCC_541\Debug\Design01.a(isr_Ts.o)
                                0x2bd (size before relaxing)
 .debug_str     0x00001d65      0x131 .\CortexM3\ARM_GCC_541\Debug\Design01.a(Timer.o)
                                0x2fe (size before relaxing)
 .debug_str     0x00001e96      0x119 .\CortexM3\ARM_GCC_541\Debug\Design01.a(isr_inicio.o)
                                0x2f5 (size before relaxing)
 .debug_str     0x00001faf      0x18e .\CortexM3\ARM_GCC_541\Debug\Design01.a(Timer_inicio.o)
                                0x36e (size before relaxing)
 .debug_str     0x0000213d      0x135 .\CortexM3\ARM_GCC_541\Debug\Design01.a(Clock_lento.o)
                                0x327 (size before relaxing)
 .debug_str     0x00002272      0x1bb .\CortexM3\ARM_GCC_541\Debug\Design01.a(CyFlash.o)
                                0x3c9 (size before relaxing)
 .debug_str     0x0000242d       0xac .\CortexM3\ARM_GCC_541\Debug\Design01.a(CySpc.o)
                                0x341 (size before relaxing)

.debug_loc      0x00000000     0x2298
 *(.debug_loc)
 .debug_loc     0x00000000      0x1d7 .\CortexM3\ARM_GCC_541\Debug\cyfitter_cfg.o
 .debug_loc     0x000001d7      0x144 .\CortexM3\ARM_GCC_541\Debug\Cm3Start.o
 .debug_loc     0x0000031b      0xa11 .\CortexM3\ARM_GCC_541\Debug\Design01.a(CyLib.o)
 .debug_loc     0x00000d2c      0x1e4 .\CortexM3\ARM_GCC_541\Debug\Design01.a(cyPm.o)
 .debug_loc     0x00000f10      0x3c6 .\CortexM3\ARM_GCC_541\Debug\Design01.a(LCD.o)
 .debug_loc     0x000012d6       0x42 .\CortexM3\ARM_GCC_541\Debug\Design01.a(LED.o)
 .debug_loc     0x00001318      0x12c .\CortexM3\ARM_GCC_541\Debug\Design01.a(timer_clock.o)
 .debug_loc     0x00001444       0x42 .\CortexM3\ARM_GCC_541\Debug\Design01.a(Reset_PWM.o)
 .debug_loc     0x00001486       0x56 .\CortexM3\ARM_GCC_541\Debug\Design01.a(isr_Aumentar.o)
 .debug_loc     0x000014dc       0x56 .\CortexM3\ARM_GCC_541\Debug\Design01.a(isr_Disminuir.o)
 .debug_loc     0x00001532       0x26 .\CortexM3\ARM_GCC_541\Debug\Design01.a(PWM_Motor.o)
 .debug_loc     0x00001558       0x78 .\CortexM3\ARM_GCC_541\Debug\Design01.a(QuadDec.o)
 .debug_loc     0x000015d0       0x3d .\CortexM3\ARM_GCC_541\Debug\Design01.a(QuadDec_Cnt16.o)
 .debug_loc     0x0000160d       0x56 .\CortexM3\ARM_GCC_541\Debug\Design01.a(isr_Ts.o)
 .debug_loc     0x00001663       0x56 .\CortexM3\ARM_GCC_541\Debug\Design01.a(isr_inicio.o)
 .debug_loc     0x000016b9      0x128 .\CortexM3\ARM_GCC_541\Debug\Design01.a(Clock_lento.o)
 .debug_loc     0x000017e1      0x3b2 .\CortexM3\ARM_GCC_541\Debug\Design01.a(CyFlash.o)
 .debug_loc     0x00001b93      0x705 .\CortexM3\ARM_GCC_541\Debug\Design01.a(CySpc.o)

.debug_macinfo
 *(.debug_macinfo)

.debug_ranges   0x00000000      0xa58
 *(.debug_ranges)
 .debug_ranges  0x00000000       0x30 .\CortexM3\ARM_GCC_541\Debug\main.o
 .debug_ranges  0x00000030       0x48 .\CortexM3\ARM_GCC_541\Debug\cyfitter_cfg.o
 .debug_ranges  0x00000078       0x38 .\CortexM3\ARM_GCC_541\Debug\Cm3Start.o
 .debug_ranges  0x000000b0      0x290 .\CortexM3\ARM_GCC_541\Debug\Design01.a(CyLib.o)
 .debug_ranges  0x00000340       0x88 .\CortexM3\ARM_GCC_541\Debug\Design01.a(cyPm.o)
 .debug_ranges  0x000003c8       0x88 .\CortexM3\ARM_GCC_541\Debug\Design01.a(LCD.o)
 .debug_ranges  0x00000450       0x28 .\CortexM3\ARM_GCC_541\Debug\Design01.a(LED.o)
 .debug_ranges  0x00000478       0x60 .\CortexM3\ARM_GCC_541\Debug\Design01.a(timer_clock.o)
 .debug_ranges  0x000004d8       0x28 .\CortexM3\ARM_GCC_541\Debug\Design01.a(Reset_PWM.o)
 .debug_ranges  0x00000500       0x70 .\CortexM3\ARM_GCC_541\Debug\Design01.a(isr_Aumentar.o)
 .debug_ranges  0x00000570       0x70 .\CortexM3\ARM_GCC_541\Debug\Design01.a(isr_Disminuir.o)
 .debug_ranges  0x000005e0       0x88 .\CortexM3\ARM_GCC_541\Debug\Design01.a(PWM_Motor.o)
 .debug_ranges  0x00000668       0x50 .\CortexM3\ARM_GCC_541\Debug\Design01.a(QuadDec.o)
 .debug_ranges  0x000006b8       0x88 .\CortexM3\ARM_GCC_541\Debug\Design01.a(QuadDec_Cnt16.o)
 .debug_ranges  0x00000740       0x70 .\CortexM3\ARM_GCC_541\Debug\Design01.a(isr_Ts.o)
 .debug_ranges  0x000007b0       0x78 .\CortexM3\ARM_GCC_541\Debug\Design01.a(Timer.o)
 .debug_ranges  0x00000828       0x70 .\CortexM3\ARM_GCC_541\Debug\Design01.a(isr_inicio.o)
 .debug_ranges  0x00000898       0x78 .\CortexM3\ARM_GCC_541\Debug\Design01.a(Timer_inicio.o)
 .debug_ranges  0x00000910       0x60 .\CortexM3\ARM_GCC_541\Debug\Design01.a(Clock_lento.o)
 .debug_ranges  0x00000970       0x78 .\CortexM3\ARM_GCC_541\Debug\Design01.a(CyFlash.o)
 .debug_ranges  0x000009e8       0x70 .\CortexM3\ARM_GCC_541\Debug\Design01.a(CySpc.o)

.comment        0x00000000       0x6e
 .comment       0x00000000       0x6e .\CortexM3\ARM_GCC_541\Debug\main.o
                                 0x6f (size before relaxing)
 .comment       0x0000006e       0x6f .\CortexM3\ARM_GCC_541\Debug\cyfitter_cfg.o
 .comment       0x0000006e       0x6f .\CortexM3\ARM_GCC_541\Debug\cymetadata.o
 .comment       0x0000006e       0x6f .\CortexM3\ARM_GCC_541\Debug\Cm3Start.o
 .comment       0x0000006e       0x6f .\CortexM3\ARM_GCC_541\Debug\Design01.a(CyLib.o)
 .comment       0x0000006e       0x6f .\CortexM3\ARM_GCC_541\Debug\Design01.a(cyPm.o)
 .comment       0x0000006e       0x6f .\CortexM3\ARM_GCC_541\Debug\Design01.a(LCD.o)
 .comment       0x0000006e       0x6f .\CortexM3\ARM_GCC_541\Debug\Design01.a(LED.o)
 .comment       0x0000006e       0x6f .\CortexM3\ARM_GCC_541\Debug\Design01.a(timer_clock.o)
 .comment       0x0000006e       0x6f .\CortexM3\ARM_GCC_541\Debug\Design01.a(Reset_PWM.o)
 .comment       0x0000006e       0x6f .\CortexM3\ARM_GCC_541\Debug\Design01.a(isr_Aumentar.o)
 .comment       0x0000006e       0x6f .\CortexM3\ARM_GCC_541\Debug\Design01.a(isr_Disminuir.o)
 .comment       0x0000006e       0x6f .\CortexM3\ARM_GCC_541\Debug\Design01.a(PWM_Motor.o)
 .comment       0x0000006e       0x6f .\CortexM3\ARM_GCC_541\Debug\Design01.a(QuadDec.o)
 .comment       0x0000006e       0x6f .\CortexM3\ARM_GCC_541\Debug\Design01.a(QuadDec_Cnt16.o)
 .comment       0x0000006e       0x6f .\CortexM3\ARM_GCC_541\Debug\Design01.a(isr_Ts.o)
 .comment       0x0000006e       0x6f .\CortexM3\ARM_GCC_541\Debug\Design01.a(Timer.o)
 .comment       0x0000006e       0x6f .\CortexM3\ARM_GCC_541\Debug\Design01.a(isr_inicio.o)
 .comment       0x0000006e       0x6f .\CortexM3\ARM_GCC_541\Debug\Design01.a(Timer_inicio.o)
 .comment       0x0000006e       0x6f .\CortexM3\ARM_GCC_541\Debug\Design01.a(Clock_lento.o)
 .comment       0x0000006e       0x6f .\CortexM3\ARM_GCC_541\Debug\Design01.a(CyFlash.o)
 .comment       0x0000006e       0x6f .\CortexM3\ARM_GCC_541\Debug\Design01.a(CySpc.o)

.debug_weaknames
 *(.debug_weaknames)

.debug_funcnames
 *(.debug_funcnames)

.debug_typenames
 *(.debug_typenames)

.debug_varnames
 *(.debug_varnames)

.note.gnu.arm.ident
 *(.note.gnu.arm.ident)

.ARM.attributes
                0x00000000       0x29
 *(.ARM.attributes)
 .ARM.attributes
                0x00000000       0x1d c:/program files (x86)/cypress/psoc creator/4.2/psoc creator/import/gnu/arm/5.4.1/bin/../lib/gcc/arm-none-eabi/5.4.1/armv7-m/crti.o
 .ARM.attributes
                0x0000001d       0x2d c:/program files (x86)/cypress/psoc creator/4.2/psoc creator/import/gnu/arm/5.4.1/bin/../lib/gcc/arm-none-eabi/5.4.1/armv7-m/crtbegin.o
 .ARM.attributes
                0x0000004a       0x1b c:/program files (x86)/cypress/psoc creator/4.2/psoc creator/import/gnu/arm/5.4.1/bin/../lib/gcc/arm-none-eabi/5.4.1/../../../../arm-none-eabi/lib/armv7-m/crt0.o
 .ARM.attributes
                0x00000065       0x33 .\CortexM3\ARM_GCC_541\Debug\main.o
 .ARM.attributes
                0x00000098       0x33 .\CortexM3\ARM_GCC_541\Debug\cyfitter_cfg.o
 .ARM.attributes
                0x000000cb       0x33 .\CortexM3\ARM_GCC_541\Debug\cymetadata.o
 .ARM.attributes
                0x000000fe       0x33 .\CortexM3\ARM_GCC_541\Debug\Cm3Start.o
 .ARM.attributes
                0x00000131       0x33 .\CortexM3\ARM_GCC_541\Debug\Design01.a(CyLib.o)
 .ARM.attributes
                0x00000164       0x33 .\CortexM3\ARM_GCC_541\Debug\Design01.a(cyPm.o)
 .ARM.attributes
                0x00000197       0x33 .\CortexM3\ARM_GCC_541\Debug\Design01.a(LCD.o)
 .ARM.attributes
                0x000001ca       0x33 .\CortexM3\ARM_GCC_541\Debug\Design01.a(LED.o)
 .ARM.attributes
                0x000001fd       0x33 .\CortexM3\ARM_GCC_541\Debug\Design01.a(timer_clock.o)
 .ARM.attributes
                0x00000230       0x33 .\CortexM3\ARM_GCC_541\Debug\Design01.a(Reset_PWM.o)
 .ARM.attributes
                0x00000263       0x33 .\CortexM3\ARM_GCC_541\Debug\Design01.a(isr_Aumentar.o)
 .ARM.attributes
                0x00000296       0x33 .\CortexM3\ARM_GCC_541\Debug\Design01.a(isr_Disminuir.o)
 .ARM.attributes
                0x000002c9       0x33 .\CortexM3\ARM_GCC_541\Debug\Design01.a(PWM_Motor.o)
 .ARM.attributes
                0x000002fc       0x33 .\CortexM3\ARM_GCC_541\Debug\Design01.a(QuadDec.o)
 .ARM.attributes
                0x0000032f       0x33 .\CortexM3\ARM_GCC_541\Debug\Design01.a(QuadDec_Cnt16.o)
 .ARM.attributes
                0x00000362       0x33 .\CortexM3\ARM_GCC_541\Debug\Design01.a(isr_Ts.o)
 .ARM.attributes
                0x00000395       0x33 .\CortexM3\ARM_GCC_541\Debug\Design01.a(Timer.o)
 .ARM.attributes
                0x000003c8       0x33 .\CortexM3\ARM_GCC_541\Debug\Design01.a(isr_inicio.o)
 .ARM.attributes
                0x000003fb       0x33 .\CortexM3\ARM_GCC_541\Debug\Design01.a(Timer_inicio.o)
 .ARM.attributes
                0x0000042e       0x33 .\CortexM3\ARM_GCC_541\Debug\Design01.a(Clock_lento.o)
 .ARM.attributes
                0x00000461       0x21 .\CortexM3\ARM_GCC_541\Debug\Design01.a(CyBootAsmGnu.o)
 .ARM.attributes
                0x00000482       0x33 .\CortexM3\ARM_GCC_541\Debug\Design01.a(CyFlash.o)
 .ARM.attributes
                0x000004b5       0x33 .\CortexM3\ARM_GCC_541\Debug\Design01.a(CySpc.o)
 .ARM.attributes
                0x000004e8       0x1d c:/program files (x86)/cypress/psoc creator/4.2/psoc creator/import/gnu/arm/5.4.1/bin/../lib/gcc/arm-none-eabi/5.4.1/armv7-m\libgcc.a(_arm_addsubsf3.o)
 .ARM.attributes
                0x00000505       0x1d c:/program files (x86)/cypress/psoc creator/4.2/psoc creator/import/gnu/arm/5.4.1/bin/../lib/gcc/arm-none-eabi/5.4.1/armv7-m\libgcc.a(_arm_muldivsf3.o)
 .ARM.attributes
                0x00000522       0x1d c:/program files (x86)/cypress/psoc creator/4.2/psoc creator/import/gnu/arm/5.4.1/bin/../lib/gcc/arm-none-eabi/5.4.1/armv7-m\libgcc.a(_arm_cmpsf2.o)
 .ARM.attributes
                0x0000053f       0x1d c:/program files (x86)/cypress/psoc creator/4.2/psoc creator/import/gnu/arm/5.4.1/bin/../lib/gcc/arm-none-eabi/5.4.1/armv7-m\libgcc.a(_arm_fixsfsi.o)
 .ARM.attributes
                0x0000055c       0x2d c:/program files (x86)/cypress/psoc creator/4.2/psoc creator/import/gnu/arm/5.4.1/bin/../lib/gcc/arm-none-eabi/5.4.1/../../../../arm-none-eabi/lib/armv7-m\libg_nano.a(lib_a-errno.o)
 .ARM.attributes
                0x00000589       0x2d c:/program files (x86)/cypress/psoc creator/4.2/psoc creator/import/gnu/arm/5.4.1/bin/../lib/gcc/arm-none-eabi/5.4.1/../../../../arm-none-eabi/lib/armv7-m\libg_nano.a(lib_a-exit.o)
 .ARM.attributes
                0x000005b6       0x2d c:/program files (x86)/cypress/psoc creator/4.2/psoc creator/import/gnu/arm/5.4.1/bin/../lib/gcc/arm-none-eabi/5.4.1/../../../../arm-none-eabi/lib/armv7-m\libg_nano.a(lib_a-impure.o)
 .ARM.attributes
                0x000005e3       0x2d c:/program files (x86)/cypress/psoc creator/4.2/psoc creator/import/gnu/arm/5.4.1/bin/../lib/gcc/arm-none-eabi/5.4.1/../../../../arm-none-eabi/lib/armv7-m\libg_nano.a(lib_a-init.o)
 .ARM.attributes
                0x00000610       0x2d c:/program files (x86)/cypress/psoc creator/4.2/psoc creator/import/gnu/arm/5.4.1/bin/../lib/gcc/arm-none-eabi/5.4.1/../../../../arm-none-eabi/lib/armv7-m\libg_nano.a(lib_a-memcpy-stub.o)
 .ARM.attributes
                0x0000063d       0x2d c:/program files (x86)/cypress/psoc creator/4.2/psoc creator/import/gnu/arm/5.4.1/bin/../lib/gcc/arm-none-eabi/5.4.1/../../../../arm-none-eabi/lib/armv7-m\libg_nano.a(lib_a-memset.o)
 .ARM.attributes
                0x0000066a       0x2d c:/program files (x86)/cypress/psoc creator/4.2/psoc creator/import/gnu/arm/5.4.1/bin/../lib/gcc/arm-none-eabi/5.4.1/armv7-m/crtend.o
 .ARM.attributes
                0x00000697       0x1d c:/program files (x86)/cypress/psoc creator/4.2/psoc creator/import/gnu/arm/5.4.1/bin/../lib/gcc/arm-none-eabi/5.4.1/armv7-m/crtn.o

/DISCARD/
 *(.note.GNU-stack)
OUTPUT(C:\Users\Darwin\Documents\git\control_heli_psoc\Workspace01\Design01.cydsn\CortexM3\ARM_GCC_541\Debug\Design01.elf elf32-littlearm)
